
> box-orchestrator@0.1.0 test
> node --test

TAP version 13
# Subtest: ac_compiler
    # Subtest: compileAcceptanceCriteria
        # Subtest: returns empty for null plan
        ok 1 - returns empty for null plan
          ---
          duration_ms: 1.3506
          ...
        # Subtest: keeps existing strong verification
        ok 2 - keeps existing strong verification
          ---
          duration_ms: 0.2256
          ...
        # Subtest: enriches plan with missing verification
        ok 3 - enriches plan with missing verification
          ---
          duration_ms: 0.2973
          ...
        # Subtest: uses task-kind-specific templates
        ok 4 - uses task-kind-specific templates
          ---
          duration_ms: 0.3456
          ...
        # Subtest: adds keyword-specific criteria for new files
        ok 5 - adds keyword-specific criteria for new files
          ---
          duration_ms: 0.1802
          ...
        # Subtest: defaults to implementation template for unknown kind
        ok 6 - defaults to implementation template for unknown kind
          ---
          duration_ms: 0.1423
          ...
        1..6
    ok 1 - compileAcceptanceCriteria
      ---
      duration_ms: 3.2587
      type: 'suite'
      ...
    # Subtest: enrichPlansWithAC
        # Subtest: returns empty for non-array
        ok 1 - returns empty for non-array
          ---
          duration_ms: 0.2173
          ...
        # Subtest: enriches weak plans and leaves strong ones
        ok 2 - enriches weak plans and leaves strong ones
          ---
          duration_ms: 0.198
          ...
        # Subtest: marks enriched plans with _acCompiled flag
        ok 3 - marks enriched plans with _acCompiled flag
          ---
          duration_ms: 0.1666
          ...
        1..3
    ok 2 - enrichPlansWithAC
      ---
      duration_ms: 0.9292
      type: 'suite'
      ...
    1..2
ok 1 - ac_compiler
  ---
  duration_ms: 4.9586
  type: 'suite'
  ...
# Subtest: buildAgentArgs
    # Subtest: keeps existing leadership behavior by default
    ok 1 - keeps existing leadership behavior by default
      ---
      duration_ms: 2.3994
      ...
    # Subtest: supports a single-request agent call without autopilot
    ok 2 - supports a single-request agent call without autopilot
      ---
      duration_ms: 0.6164
      ...
    1..2
ok 2 - buildAgentArgs
  ---
  duration_ms: 4.7538
  type: 'suite'
  ...
# Subtest: RATIONALE_CLASS enum (AC2, AC14)
    # Subtest: exports positive and negative rationale class constants
    ok 1 - exports positive and negative rationale class constants
      ---
      duration_ms: 1.107
      ...
    # Subtest: is frozen (immutable)
    ok 2 - is frozen (immutable)
      ---
      duration_ms: 0.2284
      ...
    # Subtest: has at least 5 positive and 5 negative constants
    ok 3 - has at least 5 positive and 5 negative constants
      ---
      duration_ms: 0.2142
      ...
    # Subtest: VALID_RATIONALE_CLASSES contains all enum values
    ok 4 - VALID_RATIONALE_CLASSES contains all enum values
      ---
      duration_ms: 0.1654
      ...
    1..4
ok 3 - RATIONALE_CLASS enum (AC2, AC14)
  ---
  duration_ms: 3.4591
  type: 'suite'
  ...
# Subtest: CALIBRATION_VERDICT enum (AC2, AC8)
    # Subtest: exports approved, ambiguous, rejected
    ok 1 - exports approved, ambiguous, rejected
      ---
      duration_ms: 0.169
      ...
    1..1
ok 4 - CALIBRATION_VERDICT enum (AC2, AC8)
  ---
  duration_ms: 0.2964
  type: 'suite'
  ...
# Subtest: verdictFromScore ÔÇö score threshold mapping (AC3, AC11)
    # Subtest: score ÔëÑ 7 maps to 'approved'
    ok 1 - score ÔëÑ 7 maps to 'approved'
      ---
      duration_ms: 0.2359
      ...
    # Subtest: score Ôëñ 3 maps to 'rejected'
    ok 2 - score Ôëñ 3 maps to 'rejected'
      ---
      duration_ms: 0.2426
      ...
    # Subtest: score 4ÔÇô6 maps to 'ambiguous'
    ok 3 - score 4ÔÇô6 maps to 'ambiguous'
      ---
      duration_ms: 0.221
      ...
    1..3
ok 5 - verdictFromScore ÔÇö score threshold mapping (AC3, AC11)
  ---
  duration_ms: 1.0283
  type: 'suite'
  ...
# Subtest: scoreCalibrationPlan ÔÇö good plan (AC1, AC3, AC5)
    # Subtest: scores a well-specified plan as 'approved' (ÔëÑ7)
    ok 1 - scores a well-specified plan as 'approved' (ÔëÑ7)
      ---
      duration_ms: 18.7288
      ...
    # Subtest: good plan assigns MEASURABLE_GOAL class
    ok 2 - good plan assigns MEASURABLE_GOAL class
      ---
      duration_ms: 1.5164
      ...
    # Subtest: good plan assigns CONCRETE_VERIFICATION class
    ok 3 - good plan assigns CONCRETE_VERIFICATION class
      ---
      duration_ms: 2.9972
      ...
    # Subtest: good plan assigns SCOPE_DEFINED class
    ok 4 - good plan assigns SCOPE_DEFINED class
      ---
      duration_ms: 0.9524
      ...
    1..4
ok 6 - scoreCalibrationPlan ÔÇö good plan (AC1, AC3, AC5)
  ---
  duration_ms: 24.6506
  type: 'suite'
  ...
# Subtest: scoreCalibrationPlan ÔÇö ambiguous plan (AC1, AC3, AC5)
    # Subtest: scores a vague plan as 'ambiguous' (4ÔÇô6)
    ok 1 - scores a vague plan as 'ambiguous' (4ÔÇô6)
      ---
      duration_ms: 1.4318
      ...
    # Subtest: ambiguous plan assigns VAGUE_GOAL class
    ok 2 - ambiguous plan assigns VAGUE_GOAL class
      ---
      duration_ms: 1.0682
      ...
    1..2
ok 7 - scoreCalibrationPlan ÔÇö ambiguous plan (AC1, AC3, AC5)
  ---
  duration_ms: 3.7893
  type: 'suite'
  ...
# Subtest: scoreCalibrationPlan ÔÇö bad plan (AC1, AC3, AC5)
    # Subtest: scores an underspecified plan as 'rejected' (Ôëñ3)
    ok 1 - scores an underspecified plan as 'rejected' (Ôëñ3)
      ---
      duration_ms: 2.0238
      ...
    # Subtest: bad plan assigns NO_VERIFICATION and MISSING_SCOPE classes
    ok 2 - bad plan assigns NO_VERIFICATION and MISSING_SCOPE classes
      ---
      duration_ms: 2.0084
      ...
    1..2
ok 8 - scoreCalibrationPlan ÔÇö bad plan (AC1, AC3, AC5)
  ---
  duration_ms: 4.488
  type: 'suite'
  ...
# Subtest: scoreCalibrationPlan ÔÇö negative paths (AC7, AC9, AC10)
    # Subtest: null input ÔåÆ score=0, rejected, SPEC_INCOMPLETE ÔÇö no silent fallback (AC9, AC10)
    ok 1 - null input ÔåÆ score=0, rejected, SPEC_INCOMPLETE ÔÇö no silent fallback (AC9, AC10)
      ---
      duration_ms: 0.2472
      ...
    # Subtest: undefined input ÔåÆ score=0, rejected (AC9)
    ok 2 - undefined input ÔåÆ score=0, rejected (AC9)
      ---
      duration_ms: 0.2943
      ...
    # Subtest: fixture with empty plan fields ÔåÆ score=0, rejected (AC7)
    ok 3 - fixture with empty plan fields ÔåÆ score=0, rejected (AC7)
      ---
      duration_ms: 0.176
      ...
    # Subtest: fixture with non-array files ÔåÆ MISSING_SCOPE assigned (AC9)
    ok 4 - fixture with non-array files ÔåÆ MISSING_SCOPE assigned (AC9)
      ---
      duration_ms: 0.1638
      ...
    1..4
ok 9 - scoreCalibrationPlan ÔÇö negative paths (AC7, AC9, AC10)
  ---
  duration_ms: 1.0881
  type: 'suite'
  ...
# Subtest: computeCalibrationDeviation ÔÇö formula and range (AC3, AC11)
    # Subtest: returns deviationScore=0.0 when all fixtures match expected verdicts (AC3)
    ok 1 - returns deviationScore=0.0 when all fixtures match expected verdicts (AC3)
      ---
      duration_ms: 0.3979
      ...
    # Subtest: returns deviationScore=1.0 when all fixtures mismatch (AC3)
    ok 2 - returns deviationScore=1.0 when all fixtures mismatch (AC3)
      ---
      duration_ms: 0.1655
      ...
    # Subtest: computes fraction deterministically for partial mismatches (AC3, AC11)
    ok 3 - computes fraction deterministically for partial mismatches (AC3, AC11)
      ---
      duration_ms: 0.288
      ...
    # Subtest: returns deviationScore=0.0 and total=0 for empty input (negative path, AC7)
    ok 4 - returns deviationScore=0.0 and total=0 for empty input (negative path, AC7)
      ---
      duration_ms: 0.187
      ...
    # Subtest: details array contains fixtureId, expected, actual, match for each entry (AC8)
    ok 5 - details array contains fixtureId, expected, actual, match for each entry (AC8)
      ---
      duration_ms: 0.2061
      ...
    1..5
ok 10 - computeCalibrationDeviation ÔÇö formula and range (AC3, AC11)
  ---
  duration_ms: 1.5146
  type: 'suite'
  ...
# Subtest: runCalibration ÔÇö end-to-end offline (AC1, AC3, AC5, AC6)
    # Subtest: all three fixtures pass with deviationScore=0.0 (AC5 ÔÇö offline, no AI)
    ok 1 - all three fixtures pass with deviationScore=0.0 (AC5 ÔÇö offline, no AI)
      ---
      duration_ms: 11.3472
      ...
    # Subtest: returns results array with one entry per fixture (AC6)
    ok 2 - returns results array with one entry per fixture (AC6)
      ---
      duration_ms: 1.0407
      ...
    # Subtest: empty fixtures ÔåÆ deviationScore=0.0 and total=0 (AC7 negative path)
    ok 3 - empty fixtures ÔåÆ deviationScore=0.0 and total=0 (AC7 negative path)
      ---
      duration_ms: 0.2443
      ...
    # Subtest: runCalibration with non-array ÔåÆ deviationScore=0.0 (AC10 ÔÇö no silent error)
    ok 4 - runCalibration with non-array ÔåÆ deviationScore=0.0 (AC10 ÔÇö no silent error)
      ---
      duration_ms: 0.1556
      ...
    1..4
ok 11 - runCalibration ÔÇö end-to-end offline (AC1, AC3, AC5, AC6)
  ---
  duration_ms: 13.0669
  type: 'suite'
  ...
# Subtest: drift gate ÔÇö configured bound enforcement (AC4, AC12)
    # Subtest: deviationScore=0.25 passes when maxDeviationScore=0.25 (at-boundary pass)
    ok 1 - deviationScore=0.25 passes when maxDeviationScore=0.25 (at-boundary pass)
      ---
      duration_ms: 0.1328
      ...
    # Subtest: deviationScore=0.26 fails when maxDeviationScore=0.25 (just-over boundary fail)
    ok 2 - deviationScore=0.26 fails when maxDeviationScore=0.25 (just-over boundary fail)
      ---
      duration_ms: 0.1129
      ...
    # Subtest: box.config.json declares athenaCalibration section with maxDeviationScore and stateFile (AC4, AC12)
    ok 3 - box.config.json declares athenaCalibration section with maxDeviationScore and stateFile (AC4, AC12)
      ---
      duration_ms: 4.9665
      ...
    # Subtest: runCalibration produces deviationScore Ôëñ maxDeviationScore=0.25 for standard fixtures (AC4 gate passes)
    ok 4 - runCalibration produces deviationScore Ôëñ maxDeviationScore=0.25 for standard fixtures (AC4 gate passes)
      ---
      duration_ms: 7.1015
      ...
    # Subtest: drift gate FAILS when all fixtures return wrong verdict (negative path, AC4, AC7)
    ok 5 - drift gate FAILS when all fixtures return wrong verdict (negative path, AC4, AC7)
      ---
      duration_ms: 0.255
      ...
    1..5
ok 12 - drift gate ÔÇö configured bound enforcement (AC4, AC12)
  ---
  duration_ms: 12.9909
  type: 'suite'
  ...
# Subtest: calibration fixture schema ÔÇö required fields and enums (AC8)
    # Subtest: good_plan.json has all required fields (AC8)
    ok 1 - good_plan.json has all required fields (AC8)
      ---
      duration_ms: 2.7652
      ...
    # Subtest: good_plan.json uses valid expectedVerdict enum value (AC8)
    ok 2 - good_plan.json uses valid expectedVerdict enum value (AC8)
      ---
      duration_ms: 0.9917
      ...
    # Subtest: good_plan.json uses valid category enum value (AC8)
    ok 3 - good_plan.json uses valid category enum value (AC8)
      ---
      duration_ms: 0.7353
      ...
    # Subtest: good_plan.json expectedRationaleClasses are all valid RATIONALE_CLASS values (AC8)
    ok 4 - good_plan.json expectedRationaleClasses are all valid RATIONALE_CLASS values (AC8)
      ---
      duration_ms: 1.8466
      ...
    # Subtest: ambiguous_plan.json has all required fields (AC8)
    ok 5 - ambiguous_plan.json has all required fields (AC8)
      ---
      duration_ms: 3.2482
      ...
    # Subtest: ambiguous_plan.json uses valid expectedVerdict enum value (AC8)
    ok 6 - ambiguous_plan.json uses valid expectedVerdict enum value (AC8)
      ---
      duration_ms: 0.8306
      ...
    # Subtest: ambiguous_plan.json uses valid category enum value (AC8)
    ok 7 - ambiguous_plan.json uses valid category enum value (AC8)
      ---
      duration_ms: 0.8102
      ...
    # Subtest: ambiguous_plan.json expectedRationaleClasses are all valid RATIONALE_CLASS values (AC8)
    ok 8 - ambiguous_plan.json expectedRationaleClasses are all valid RATIONALE_CLASS values (AC8)
      ---
      duration_ms: 1.1068
      ...
    # Subtest: bad_plan.json has all required fields (AC8)
    ok 9 - bad_plan.json has all required fields (AC8)
      ---
      duration_ms: 1.9649
      ...
    # Subtest: bad_plan.json uses valid expectedVerdict enum value (AC8)
    ok 10 - bad_plan.json uses valid expectedVerdict enum value (AC8)
      ---
      duration_ms: 2.0379
      ...
    # Subtest: bad_plan.json uses valid category enum value (AC8)
    ok 11 - bad_plan.json uses valid category enum value (AC8)
      ---
      duration_ms: 1.7325
      ...
    # Subtest: bad_plan.json expectedRationaleClasses are all valid RATIONALE_CLASS values (AC8)
    ok 12 - bad_plan.json expectedRationaleClasses are all valid RATIONALE_CLASS values (AC8)
      ---
      duration_ms: 2.4604
      ...
    1..12
ok 13 - calibration fixture schema ÔÇö required fields and enums (AC8)
  ---
  duration_ms: 21.4706
  type: 'suite'
  ...
# Subtest: DECISION_QUALITY_LABEL enum
    # Subtest: exports four frozen label constants
    ok 1 - exports four frozen label constants
      ---
      duration_ms: 1.3325
      ...
    1..1
ok 14 - DECISION_QUALITY_LABEL enum
  ---
  duration_ms: 11.9183
  type: 'suite'
  ...
# Subtest: LABEL_OUTCOME_MAP
    # Subtest: maps merged ÔåÆ correct
    ok 1 - maps merged ÔåÆ correct
      ---
      duration_ms: 2.1687
      ...
    # Subtest: maps reopen ÔåÆ delayed-correct
    ok 2 - maps reopen ÔåÆ delayed-correct
      ---
      duration_ms: 0.9888
      ...
    # Subtest: maps rollback ÔåÆ incorrect
    ok 3 - maps rollback ÔåÆ incorrect
      ---
      duration_ms: 0.2305
      ...
    # Subtest: maps timeout ÔåÆ inconclusive
    ok 4 - maps timeout ÔåÆ inconclusive
      ---
      duration_ms: 0.166
      ...
    # Subtest: is frozen
    ok 5 - is frozen
      ---
      duration_ms: 0.3114
      ...
    1..5
ok 15 - LABEL_OUTCOME_MAP
  ---
  duration_ms: 4.4209
  type: 'suite'
  ...
# Subtest: computeDecisionQualityLabel ÔÇö positive paths
    # Subtest: returns correct for outcome=merged
    ok 1 - returns correct for outcome=merged
      ---
      duration_ms: 0.5959
      ...
    # Subtest: returns delayed-correct for outcome=reopen
    ok 2 - returns delayed-correct for outcome=reopen
      ---
      duration_ms: 0.2996
      ...
    # Subtest: returns incorrect for outcome=rollback
    ok 3 - returns incorrect for outcome=rollback
      ---
      duration_ms: 0.3491
      ...
    # Subtest: returns inconclusive for outcome=timeout
    ok 4 - returns inconclusive for outcome=timeout
      ---
      duration_ms: 1.2606
      ...
    1..4
ok 16 - computeDecisionQualityLabel ÔÇö positive paths
  ---
  duration_ms: 2.8853
  type: 'suite'
  ...
# Subtest: computeDecisionQualityLabel ÔÇö negative paths (AC9, AC10)
    # Subtest: distinguishes missing input (null) from invalid input ÔÇö returns MISSING_INPUT reason
    ok 1 - distinguishes missing input (null) from invalid input ÔÇö returns MISSING_INPUT reason
      ---
      duration_ms: 0.4508
      ...
    # Subtest: distinguishes missing input (undefined) ÔÇö returns MISSING_INPUT reason
    ok 2 - distinguishes missing input (undefined) ÔÇö returns MISSING_INPUT reason
      ---
      duration_ms: 3.3695
      ...
    # Subtest: distinguishes missing input (empty string) ÔÇö returns MISSING_INPUT reason
    ok 3 - distinguishes missing input (empty string) ÔÇö returns MISSING_INPUT reason
      ---
      duration_ms: 0.1913
      ...
    # Subtest: returns INVALID_INPUT for unknown outcome values ÔÇö degraded, not silent
    ok 4 - returns INVALID_INPUT for unknown outcome values ÔÇö degraded, not silent
      ---
      duration_ms: 0.1626
      ...
    # Subtest: returns INVALID_INPUT for numeric outcome
    ok 5 - returns INVALID_INPUT for numeric outcome
      ---
      duration_ms: 0.1474
      ...
    1..5
ok 17 - computeDecisionQualityLabel ÔÇö negative paths (AC9, AC10)
  ---
  duration_ms: 4.8982
  type: 'suite'
  ...
# Subtest: normalizeDecisionQualityLabel ÔÇö legacy backward-compat (AC5, AC14)
    # Subtest: returns inconclusive for legacy entry without decisionQualityLabel
    ok 1 - returns inconclusive for legacy entry without decisionQualityLabel
      ---
      duration_ms: 0.2913
      ...
    # Subtest: returns the existing label for new entries
    ok 2 - returns the existing label for new entries
      ---
      duration_ms: 0.2899
      ...
    # Subtest: returns inconclusive for entries with an unknown label value
    ok 3 - returns inconclusive for entries with an unknown label value
      ---
      duration_ms: 0.2699
      ...
    # Subtest: returns inconclusive for null input
    ok 4 - returns inconclusive for null input
      ---
      duration_ms: 0.1243
      ...
    1..4
ok 18 - normalizeDecisionQualityLabel ÔÇö legacy backward-compat (AC5, AC14)
  ---
  duration_ms: 1.3308
  type: 'suite'
  ...
# Subtest: postmortem_legacy.json fixture ÔÇö backward-compat read (AC5, AC14)
    # Subtest: all legacy entries parse and default to inconclusive label
    ok 1 - all legacy entries parse and default to inconclusive label
      ---
      duration_ms: 26.2541
      ...
    1..1
ok 19 - postmortem_legacy.json fixture ÔÇö backward-compat read (AC5, AC14)
  ---
  duration_ms: 26.9231
  type: 'suite'
  ...
# Subtest: DECISION_QUALITY_WEIGHTS (AC4, AC13)
    # Subtest: defines explicit weights for all four labels
    ok 1 - defines explicit weights for all four labels
      ---
      duration_ms: 0.2881
      ...
    # Subtest: correct > delayed-correct > inconclusive > incorrect ordering
    ok 2 - correct > delayed-correct > inconclusive > incorrect ordering
      ---
      duration_ms: 0.1027
      ...
    1..2
ok 20 - DECISION_QUALITY_WEIGHTS (AC4, AC13)
  ---
  duration_ms: 0.7962
  type: 'suite'
  ...
# Subtest: computeWeightedDecisionScore (AC4, AC13)
    # Subtest: returns score=1.0 for all-correct postmortems
    ok 1 - returns score=1.0 for all-correct postmortems
      ---
      duration_ms: 0.3473
      ...
    # Subtest: returns score=0.0 for all-incorrect postmortems
    ok 2 - returns score=0.0 for all-incorrect postmortems
      ---
      duration_ms: 0.692
      ...
    # Subtest: computes mixed score deterministically
    ok 3 - computes mixed score deterministically
      ---
      duration_ms: 0.3506
      ...
    # Subtest: legacy entries (no label) count as inconclusive (weight=0.3)
    ok 4 - legacy entries (no label) count as inconclusive (weight=0.3)
      ---
      duration_ms: 3.8269
      ...
    # Subtest: returns null score for empty input
    ok 5 - returns null score for empty input
      ---
      duration_ms: 0.6496
      ...
    # Subtest: returns null score for non-array input (negative path)
    ok 6 - returns null score for non-array input (negative path)
      ---
      duration_ms: 3.2468
      ...
    1..6
ok 21 - computeWeightedDecisionScore (AC4, AC13)
  ---
  duration_ms: 12.0402
  type: 'suite'
  ...
# Subtest: getDecisionQualityTrend ÔÇö data-contract (AC3, AC12)
    # Subtest: returns trendData=[] and total=0 when no postmortems file exists
    ok 1 - returns trendData=[] and total=0 when no postmortems file exists
      ---
      duration_ms: 4.9219
      ...
    # Subtest: returns trendData with shape {timestamp, label, count} for v1 postmortems
    ok 2 - returns trendData with shape {timestamp, label, count} for v1 postmortems
      ---
      duration_ms: 38.9169
      ...
    # Subtest: handles v0 (plain array) postmortems format
    ok 3 - handles v0 (plain array) postmortems format
      ---
      duration_ms: 10.3949
      ...
    # Subtest: legacy entries without decisionQualityLabel count as inconclusive (AC5)
    ok 4 - legacy entries without decisionQualityLabel count as inconclusive (AC5)
      ---
      duration_ms: 13.0567
      ...
    # Subtest: returns empty trend for corrupt/empty postmortems file (negative path)
    ok 5 - returns empty trend for corrupt/empty postmortems file (negative path)
      ---
      duration_ms: 13.6644
      ...
    1..5
ok 22 - getDecisionQualityTrend ÔÇö data-contract (AC3, AC12)
  ---
  duration_ms: 110.538
  type: 'suite'
  ...
# Subtest: ALERT_SEVERITY enum
    # Subtest: exports deterministic severity constants
    ok 1 - exports deterministic severity constants
      ---
      duration_ms: 1.2617
      ...
    1..1
ok 23 - ALERT_SEVERITY enum
  ---
  duration_ms: 2.5056
  type: 'suite'
  ...
# {"event":"box.v1.orchestration.alertEmitted","version":1,"correlationId":"1774270726538-520cdc","timestamp":"2026-03-23T12:58:46.540Z","domain":"orchestration","payload":{"severity":"critical","source":"athena_reviewer","title":"Plan review AI call failed ÔÇö plan blocked"}}
# Subtest: runAthenaPlanReview ÔÇö fail-closed on AI failure
    # Subtest: returns approved=false when AI call fails (fail-closed default)
    ok 1 - returns approved=false when AI call fails (fail-closed default)
      ---
      duration_ms: 79.0434
      ...
# {"event":"box.v1.orchestration.alertEmitted","version":1,"correlationId":"1774270726572-aae0ac","timestamp":"2026-03-23T12:58:46.574Z","domain":"orchestration","payload":{"severity":"critical","source":"athena_reviewer","title":"Plan review AI call failed ÔÇö plan blocked"}}
    # Subtest: returns a machine-readable reason object with code and message
    ok 2 - returns a machine-readable reason object with code and message
      ---
      duration_ms: 30.0607
      ...
# {"event":"box.v1.orchestration.alertEmitted","version":1,"correlationId":"1774270726606-9c87fe","timestamp":"2026-03-23T12:58:46.617Z","domain":"orchestration","payload":{"severity":"critical","source":"athena_reviewer","title":"Plan review AI call failed ÔÇö plan blocked"}}
    # Subtest: writes an alert record with CRITICAL severity on AI failure
    ok 3 - writes an alert record with CRITICAL severity on AI failure
      ---
      duration_ms: 57.2447
      ...
    # Subtest: returns approved=true with fail-open flag enabled (rollback mode)
    ok 4 - returns approved=true with fail-open flag enabled (rollback mode)
      ---
      duration_ms: 39.6267
      ...
# {"event":"box.v1.orchestration.alertEmitted","version":1,"correlationId":"1774270726698-77d920","timestamp":"2026-03-23T12:58:46.700Z","domain":"orchestration","payload":{"severity":"critical","source":"athena_reviewer","title":"Plan review AI call failed ÔÇö plan blocked"}}
    # Subtest: returns approved=false and empty corrections array on AI failure
    ok 5 - returns approved=false and empty corrections array on AI failure
      ---
      duration_ms: 24.7951
      ...
# {"event":"box.v1.orchestration.alertEmitted","version":1,"correlationId":"1774270726741-930faa","timestamp":"2026-03-23T12:58:46.752Z","domain":"orchestration","payload":{"severity":"critical","source":"athena_reviewer","title":"Plan review AI call failed ÔÇö plan blocked"}}
    # Subtest: does not write athena_plan_review.json when AI call fails (no data to persist)
    ok 6 - does not write athena_plan_review.json when AI call fails (no data to persist)
      ---
      duration_ms: 49.7053
      ...
    1..6
ok 24 - runAthenaPlanReview ÔÇö fail-closed on AI failure
  ---
  duration_ms: 286.7664
  type: 'suite'
  ...
# [box][warn] [orchestrator] Jesus cycle error: Cannot read properties of undefined (reading 'length')
# Subtest: orchestrator ÔÇö no worker dispatch when Athena blocks plan
    # Subtest: does not dispatch workers when plan review returns approved=false
    ok 1 - does not dispatch workers when plan review returns approved=false
      ---
      duration_ms: 129.6547
      ...
# {"event":"box.v1.orchestration.alertEmitted","version":1,"correlationId":"1774270726950-8cc56a","timestamp":"2026-03-23T12:58:46.954Z","domain":"orchestration","payload":{"severity":"critical","source":"athena_reviewer","title":"Plan review AI call failed ÔÇö plan blocked"}}
    # Subtest: writes athena_plan_rejection.json with reason object when plan is blocked
    ok 2 - writes athena_plan_rejection.json with reason object when plan is blocked
      ---
      duration_ms: 70.9041
      ...
# [box][warn] [orchestrator] Jesus cycle error: Cannot read properties of undefined (reading 'length')
    # Subtest: records blocked cycle state in progress log when Athena blocks
    ok 3 - records blocked cycle state in progress log when Athena blocks
      ---
      duration_ms: 49.8435
      ...
    1..3
ok 25 - orchestrator ÔÇö no worker dispatch when Athena blocks plan
  ---
  duration_ms: 250.9623
  type: 'suite'
  ...
# Subtest: CANARY_METRIC_NAMES (AC8 / AC11)
    # Subtest: is a frozen object with all three named metric keys
    ok 1 - is a frozen object with all three named metric keys
      ---
      duration_ms: 1.1791
      ...
    1..1
ok 26 - CANARY_METRIC_NAMES (AC8 / AC11)
  ---
  duration_ms: 2.4853
  type: 'suite'
  ...
# Subtest: CANARY_STATUS (AC8)
    # Subtest: is a frozen object with all four status values
    ok 1 - is a frozen object with all four status values
      ---
      duration_ms: 0.2478
      ...
    1..1
ok 27 - CANARY_STATUS (AC8)
  ---
  duration_ms: 0.4202
  type: 'suite'
  ...
# Subtest: CANARY_AUDIT_EVENT (AC8 / AC14)
    # Subtest: contains all five required event names
    ok 1 - contains all five required event names
      ---
      duration_ms: 0.394
      ...
    # Subtest: AUDIT_REQUIRED_FIELDS lists all mandatory audit fields
    ok 2 - AUDIT_REQUIRED_FIELDS lists all mandatory audit fields
      ---
      duration_ms: 0.1782
      ...
    1..2
ok 28 - CANARY_AUDIT_EVENT (AC8 / AC14)
  ---
  duration_ms: 0.744
  type: 'suite'
  ...
# Subtest: DEFAULT_PROMOTION_THRESHOLDS (AC12)
    # Subtest: is frozen with correct default values
    ok 1 - is frozen with correct default values
      ---
      duration_ms: 0.1603
      ...
    1..1
ok 29 - DEFAULT_PROMOTION_THRESHOLDS (AC12)
  ---
  duration_ms: 0.3526
  type: 'suite'
  ...
# Subtest: DEFAULT_ROLLBACK_THRESHOLDS (AC13)
    # Subtest: is frozen with correct default values
    ok 1 - is frozen with correct default values
      ---
      duration_ms: 0.169
      ...
    1..1
ok 30 - DEFAULT_ROLLBACK_THRESHOLDS (AC13)
  ---
  duration_ms: 0.3949
  type: 'suite'
  ...
# Subtest: CANARY_DEFAULTS (AC1 / AC3 / AC12 / AC13)
    # Subtest: exposes defaultRatio as a config key
    ok 1 - exposes defaultRatio as a config key
      ---
      duration_ms: 0.1987
      ...
    # Subtest: exposes minCyclesToObserve as a config key
    ok 2 - exposes minCyclesToObserve as a config key
      ---
      duration_ms: 0.1975
      ...
    # Subtest: exposes promotion thresholds with correct keys (AC12)
    ok 3 - exposes promotion thresholds with correct keys (AC12)
      ---
      duration_ms: 0.2091
      ...
    # Subtest: exposes rollback thresholds with correct keys (AC13)
    ok 4 - exposes rollback thresholds with correct keys (AC13)
      ---
      duration_ms: 0.2421
      ...
    1..4
ok 31 - CANARY_DEFAULTS (AC1 / AC3 / AC12 / AC13)
  ---
  duration_ms: 1.0654
  type: 'suite'
  ...
# Subtest: getCanaryConfig (AC1)
    # Subtest: returns defaults when config.canary is absent
    ok 1 - returns defaults when config.canary is absent
      ---
      duration_ms: 0.3715
      ...
    # Subtest: respects overrides from config.canary
    ok 2 - respects overrides from config.canary
      ---
      duration_ms: 0.1923
      ...
    # Subtest: applies promotion sub-defaults when only some keys are provided
    ok 3 - applies promotion sub-defaults when only some keys are provided
      ---
      duration_ms: 0.1893
      ...
    1..3
ok 32 - getCanaryConfig (AC1)
  ---
  duration_ms: 0.9829
  type: 'suite'
  ...
# Subtest: collectCanaryMetrics (AC2 / AC11)
    # Subtest: computes taskSuccessRate correctly
    ok 1 - computes taskSuccessRate correctly
      ---
      duration_ms: 0.3776
      ...
    # Subtest: computes errorRate correctly
    ok 2 - computes errorRate correctly
      ---
      duration_ms: 0.1831
      ...
    # Subtest: computes workerTimeoutRate correctly
    ok 3 - computes workerTimeoutRate correctly
      ---
      duration_ms: 0.2967
      ...
    # Subtest: returns zero metrics for empty outcomes (no NaN propagation)
    ok 4 - returns zero metrics for empty outcomes (no NaN propagation)
      ---
      duration_ms: 0.2057
      ...
    # Subtest: handles null outcomes gracefully (AC10 ÔÇö no silent NaN)
    ok 5 - handles null outcomes gracefully (AC10 ÔÇö no silent NaN)
      ---
      duration_ms: 0.334
      ...
    1..5
ok 33 - collectCanaryMetrics (AC2 / AC11)
  ---
  duration_ms: 1.7083
  type: 'suite'
  ...
# Subtest: aggregateMetricSnapshots (AC2)
    # Subtest: averages metrics across snapshots
    ok 1 - averages metrics across snapshots
      ---
      duration_ms: 1.4032
      ...
    # Subtest: returns zero values for empty snapshots array
    ok 2 - returns zero values for empty snapshots array
      ---
      duration_ms: 0.221
      ...
    1..2
ok 34 - aggregateMetricSnapshots (AC2)
  ---
  duration_ms: 1.9834
  type: 'suite'
  ...
# Subtest: evaluatePromotion (AC3 / AC12)
    # Subtest: returns promote=true when all thresholds are satisfied
    ok 1 - returns promote=true when all thresholds are satisfied
      ---
      duration_ms: 0.3011
      ...
    # Subtest: returns promote=false when taskSuccessRate is below threshold
    ok 2 - returns promote=false when taskSuccessRate is below threshold
      ---
      duration_ms: 0.1643
      ...
    # Subtest: returns promote=false when errorRate is above threshold
    ok 3 - returns promote=false when errorRate is above threshold
      ---
      duration_ms: 0.1523
      ...
    # Subtest: respects custom threshold overrides (AC1 configurable)
    ok 4 - respects custom threshold overrides (AC1 configurable)
      ---
      duration_ms: 0.1334
      ...
    1..4
ok 35 - evaluatePromotion (AC3 / AC12)
  ---
  duration_ms: 0.9736
  type: 'suite'
  ...
# Subtest: evaluateRollback (AC4 / AC7 / AC13)
    # Subtest: returns rollback=false for healthy metrics
    ok 1 - returns rollback=false for healthy metrics
      ---
      duration_ms: 0.4231
      ...
    # Subtest: returns rollback=true when errorRate exceeds trigger threshold (AC7 ÔÇö negative path)
    ok 2 - returns rollback=true when errorRate exceeds trigger threshold (AC7 ÔÇö negative path)
      ---
      duration_ms: 0.1458
      ...
    # Subtest: returns rollback=true when taskSuccessRate is too low (AC7 ÔÇö negative path)
    ok 3 - returns rollback=true when taskSuccessRate is too low (AC7 ÔÇö negative path)
      ---
      duration_ms: 0.1292
      ...
    # Subtest: respects custom threshold overrides
    ok 4 - respects custom threshold overrides
      ---
      duration_ms: 0.1214
      ...
    1..4
ok 36 - evaluateRollback (AC4 / AC7 / AC13)
  ---
  duration_ms: 1.0233
  type: 'suite'
  ...
# Subtest: buildCanaryId (AC5 / AC15)
    # Subtest: returns a string in format canary-<sha1-12>
    ok 1 - returns a string in format canary-<sha1-12>
      ---
      duration_ms: 0.9395
      ...
    # Subtest: is deterministic for the same inputs
    ok 2 - is deterministic for the same inputs
      ---
      duration_ms: 0.1942
      ...
    # Subtest: produces different IDs for different configPaths
    ok 3 - produces different IDs for different configPaths
      ---
      duration_ms: 0.2174
      ...
    1..3
ok 37 - buildCanaryId (AC5 / AC15)
  ---
  duration_ms: 1.5693
  type: 'suite'
  ...
# Subtest: validateCanaryEntry (AC9)
    # Subtest: returns ok=true for a complete valid entry
    ok 1 - returns ok=true for a complete valid entry
      ---
      duration_ms: 0.6291
      ...
    # Subtest: returns MISSING_FIELD code when canaryId is absent (not INVALID_VALUE)
    ok 2 - returns MISSING_FIELD code when canaryId is absent (not INVALID_VALUE)
      ---
      duration_ms: 0.3793
      ...
    # Subtest: returns INVALID_VALUE code when canaryRatio is out of range (not MISSING_FIELD)
    ok 3 - returns INVALID_VALUE code when canaryRatio is out of range (not MISSING_FIELD)
      ---
      duration_ms: 0.2684
      ...
    # Subtest: returns INVALID_VALUE code for unknown status (not MISSING_FIELD)
    ok 4 - returns INVALID_VALUE code for unknown status (not MISSING_FIELD)
      ---
      duration_ms: 0.1938
      ...
    # Subtest: returns error for null input (MISSING_FIELD on root)
    ok 5 - returns error for null input (MISSING_FIELD on root)
      ---
      duration_ms: 0.1289
      ...
    1..5
ok 38 - validateCanaryEntry (AC9)
  ---
  duration_ms: 2.2254
  type: 'suite'
  ...
# Subtest: appendAuditLog (AC1 / AC14)
    # Subtest: writes a valid JSONL line to canary_audit.jsonl
    ok 1 - writes a valid JSONL line to canary_audit.jsonl
      ---
      duration_ms: 42.2367
      ...
    # Subtest: appends multiple lines (not overwrites)
    ok 2 - appends multiple lines (not overwrites)
      ---
      duration_ms: 26.5339
      ...
    # Subtest: sets auditError field when required fields are missing (AC10 ÔÇö no silent failure)
    ok 3 - sets auditError field when required fields are missing (AC10 ÔÇö no silent failure)
      ---
      duration_ms: 46.7129
      ...
    1..3
ok 39 - appendAuditLog (AC1 / AC14)
  ---
  duration_ms: 166.9591
  type: 'suite'
  ...
# Subtest: startCanary (AC1 / AC5 / AC15)
    # Subtest: returns ok=true and a canary-<sha1-12> canaryId
    ok 1 - returns ok=true and a canary-<sha1-12> canaryId
      ---
      duration_ms: 50.5642
      ...
    # Subtest: writes canary value to box.config.json immediately
    ok 2 - writes canary value to box.config.json immediately
      ---
      duration_ms: 7.6449
      ...
    # Subtest: records entry in canary_ledger.json with controlValue (rollback target AC4)
    ok 3 - records entry in canary_ledger.json with controlValue (rollback target AC4)
      ---
      duration_ms: 3.8859
      ...
    # Subtest: emits CANARY_STARTED audit event (AC1 / AC14)
    ok 4 - emits CANARY_STARTED audit event (AC1 / AC14)
      ---
      duration_ms: 8.4242
      ...
    # Subtest: returns ALREADY_RUNNING when a canary for the same path exists (AC10 ÔÇö explicit status)
    ok 5 - returns ALREADY_RUNNING when a canary for the same path exists (AC10 ÔÇö explicit status)
      ---
      duration_ms: 7.8177
      ...
    # Subtest: returns CANARY_DISABLED when canary.enabled=false (AC10 ÔÇö explicit status)
    ok 6 - returns CANARY_DISABLED when canary.enabled=false (AC10 ÔÇö explicit status)
      ---
      duration_ms: 44.3795
      ...
    1..6
ok 40 - startCanary (AC1 / AC5 / AC15)
  ---
  duration_ms: 151.1833
  type: 'suite'
  ...
# Subtest: evaluateAndAdvance ÔÇö promote path (AC2 / AC3)
    # Subtest: action=continue before enough snapshots
    ok 1 - action=continue before enough snapshots
      ---
      duration_ms: 10.2334
      ...
    # Subtest: records snapshot and advances to promote after minCyclesToObserve (AC3)
    ok 2 - records snapshot and advances to promote after minCyclesToObserve (AC3)
      ---
      duration_ms: 100.8363
      ...
    # Subtest: ledger entry is marked as promoted after evaluation (AC3)
    ok 3 - ledger entry is marked as promoted after evaluation (AC3)
      ---
      duration_ms: 7.4127
      ...
    # Subtest: CANARY_PROMOTED audit event is written (AC1 / AC14)
    ok 4 - CANARY_PROMOTED audit event is written (AC1 / AC14)
      ---
      duration_ms: 11.9694
      ...
    1..4
ok 41 - evaluateAndAdvance ÔÇö promote path (AC2 / AC3)
  ---
  duration_ms: 187.0393
  type: 'suite'
  ...
# Subtest: evaluateAndAdvance ÔÇö rollback path / negative path (AC4 / AC7 / AC13)
    # Subtest: immediately triggers rollback when latest snapshot has error rate above trigger threshold (AC4 / AC7)
    ok 1 - immediately triggers rollback when latest snapshot has error rate above trigger threshold (AC4 / AC7)
      ---
      duration_ms: 39.452
      ...
    # Subtest: restores controlValue to box.config.json on rollback (AC4 ÔÇö rollback target state)
    ok 2 - restores controlValue to box.config.json on rollback (AC4 ÔÇö rollback target state)
      ---
      duration_ms: 9.3457
      ...
    # Subtest: ledger entry is marked rolled_back with explicit reason (AC10)
    ok 3 - ledger entry is marked rolled_back with explicit reason (AC10)
      ---
      duration_ms: 3.4794
      ...
    # Subtest: CANARY_ROLLED_BACK audit event is written (AC1 / AC14)
    ok 4 - CANARY_ROLLED_BACK audit event is written (AC1 / AC14)
      ---
      duration_ms: 5.8831
      ...
    1..4
ok 42 - evaluateAndAdvance ÔÇö rollback path / negative path (AC4 / AC7 / AC13)
  ---
  duration_ms: 111.2339
  type: 'suite'
  ...
# Subtest: evaluateAndAdvance ÔÇö rollback on low taskSuccessRate (AC4 / AC7)
    # Subtest: triggers rollback when taskSuccessRate is too low (AC7 ÔÇö negative path)
    ok 1 - triggers rollback when taskSuccessRate is too low (AC7 ÔÇö negative path)
      ---
      duration_ms: 102.3565
      ...
    1..1
ok 43 - evaluateAndAdvance ÔÇö rollback on low taskSuccessRate (AC4 / AC7)
  ---
  duration_ms: 158.6191
  type: 'suite'
  ...
# Subtest: evaluateAndAdvance ÔÇö rollback on insufficient metrics after window (AC3)
    # Subtest: rolls back after observation window when averaged metrics are below promotion threshold
    ok 1 - rolls back after observation window when averaged metrics are below promotion threshold
      ---
      duration_ms: 150.2662
      ...
    1..1
ok 44 - evaluateAndAdvance ÔÇö rollback on insufficient metrics after window (AC3)
  ---
  duration_ms: 212.4243
  type: 'suite'
  ...
# Subtest: processRunningCanaries (AC2 / AC3 / AC4)
    # Subtest: returns empty array when canary is disabled
    ok 1 - returns empty array when canary is disabled
      ---
      duration_ms: 1.418
      ...
    # Subtest: returns empty array when no experiments are running
    ok 2 - returns empty array when no experiments are running
      ---
      duration_ms: 0.7532
      ...
    # Subtest: processes running canaries and returns action results
    ok 3 - processes running canaries and returns action results
      ---
      duration_ms: 127.3017
      ...
    1..3
ok 45 - processRunningCanaries (AC2 / AC3 / AC4)
  ---
  duration_ms: 159.1841
  type: 'suite'
  ...
# Subtest: recordMetricSnapshot error handling (AC10)
    # Subtest: returns ok=false with status=NOT_FOUND for unknown canaryId
    ok 1 - returns ok=false with status=NOT_FOUND for unknown canaryId
      ---
      duration_ms: 0.9477
      ...
    # Subtest: returns ok=false with status=NOT_RUNNING when entry is not in running state
    ok 2 - returns ok=false with status=NOT_RUNNING when entry is not in running state
      ---
      duration_ms: 21.337
      ...
    1..2
ok 46 - recordMetricSnapshot error handling (AC10)
  ---
  duration_ms: 41.4864
  type: 'suite'
  ...
# Subtest: promoteCanary / rollbackCanary ÔÇö NOT_FOUND handling (AC10)
    # Subtest: promoteCanary returns ok=false / NOT_FOUND for unknown canaryId
    ok 1 - promoteCanary returns ok=false / NOT_FOUND for unknown canaryId
      ---
      duration_ms: 0.495
      ...
    # Subtest: rollbackCanary returns ok=false / NOT_FOUND for unknown canaryId
    ok 2 - rollbackCanary returns ok=false / NOT_FOUND for unknown canaryId
      ---
      duration_ms: 1.0354
      ...
    1..2
ok 47 - promoteCanary / rollbackCanary ÔÇö NOT_FOUND handling (AC10)
  ---
  duration_ms: 6.604
  type: 'suite'
  ...
# Subtest: capability_pool
    # Subtest: inferCapabilityTag
        # Subtest: returns default for null
        ok 1 - returns default for null
          ---
          duration_ms: 1.4232
          ...
        # Subtest: detects governance role
        ok 2 - detects governance role
          ---
          duration_ms: 0.2174
          ...
        # Subtest: detects test task
        ok 3 - detects test task
          ---
          duration_ms: 0.352
          ...
        # Subtest: detects prometheus task
        ok 4 - detects prometheus task
          ---
          duration_ms: 0.2878
          ...
        # Subtest: detects infrastructure task
        ok 5 - detects infrastructure task
          ---
          duration_ms: 0.294
          ...
        # Subtest: detects dashboard task
        ok 6 - detects dashboard task
          ---
          duration_ms: 0.2972
          ...
        # Subtest: falls back to runtime-refactor for generic tasks
        ok 7 - falls back to runtime-refactor for generic tasks
          ---
          duration_ms: 0.3457
          ...
        1..7
    ok 1 - inferCapabilityTag
      ---
      duration_ms: 4.2441
      type: 'suite'
      ...
    # Subtest: selectWorkerForPlan
        # Subtest: selects a worker from the lane
        ok 1 - selects a worker from the lane
          ---
          duration_ms: 0.545
          ...
        # Subtest: falls back when no lane workers found
        ok 2 - falls back when no lane workers found
          ---
          duration_ms: 1.3821
          ...
        1..2
    ok 2 - selectWorkerForPlan
      ---
      duration_ms: 2.2007
      type: 'suite'
      ...
    # Subtest: assignWorkersToPlans
        # Subtest: returns empty for non-array
        ok 1 - returns empty for non-array
          ---
          duration_ms: 0.8869
          ...
        # Subtest: assigns workers to all plans
        ok 2 - assigns workers to all plans
          ---
          duration_ms: 0.2643
          ...
        # Subtest: computes diversity index
        ok 3 - computes diversity index
          ---
          duration_ms: 0.3405
          ...
        1..3
    ok 3 - assignWorkersToPlans
      ---
      duration_ms: 1.7058
      type: 'suite'
      ...
    1..3
ok 48 - capability_pool
  ---
  duration_ms: 9.173
  type: 'suite'
  ...
# Subtest: validateDetectionContext
    # Subtest: returns MISSING_INPUT for null
    ok 1 - returns MISSING_INPUT for null
      ---
      duration_ms: 2.1937
      ...
    # Subtest: returns MISSING_INPUT for undefined
    ok 2 - returns MISSING_INPUT for undefined
      ---
      duration_ms: 0.249
      ...
    # Subtest: returns INVALID_INPUT for array input
    ok 3 - returns INVALID_INPUT for array input
      ---
      duration_ms: 0.1933
      ...
    # Subtest: returns INVALID_INPUT (MISSING_FIELD) when retryCount absent
    ok 4 - returns INVALID_INPUT (MISSING_FIELD) when retryCount absent
      ---
      duration_ms: 0.391
      ...
    # Subtest: returns INVALID_INPUT (INVALID_FIELD) when retryCount is negative
    ok 5 - returns INVALID_INPUT (INVALID_FIELD) when retryCount is negative
      ---
      duration_ms: 0.2718
      ...
    # Subtest: returns INVALID_INPUT (INVALID_FIELD) when a field is NaN
    ok 6 - returns INVALID_INPUT (INVALID_FIELD) when a field is NaN
      ---
      duration_ms: 0.1714
      ...
    # Subtest: returns OK for valid context
    ok 7 - returns OK for valid context
      ---
      duration_ms: 0.1618
      ...
    1..7
ok 49 - validateDetectionContext
  ---
  duration_ms: 5.5551
  type: 'suite'
  ...
# Subtest: detectCatastrophes ÔÇö negative paths
    # Subtest: returns ok=false for null context
    ok 1 - returns ok=false for null context
      ---
      duration_ms: 1.2285
      ...
    # Subtest: returns ok=false for missing required field
    ok 2 - returns ok=false for missing required field
      ---
      duration_ms: 0.3193
      ...
    # Subtest: returns empty detections for all-healthy context
    ok 3 - returns empty detections for all-healthy context
      ---
      duration_ms: 1.2018
      ...
    # Subtest: does not detect RUNAWAY_RETRIES at exactly threshold - 1
    ok 4 - does not detect RUNAWAY_RETRIES at exactly threshold - 1
      ---
      duration_ms: 0.2901
      ...
    # Subtest: does not detect MASS_BLOCKED_TASKS when blockedRatio === threshold exactly
    ok 5 - does not detect MASS_BLOCKED_TASKS when blockedRatio === threshold exactly
      ---
      duration_ms: 0.2454
      ...
    # Subtest: does not detect STALE_CRITICAL_STATE below threshold
    ok 6 - does not detect STALE_CRITICAL_STATE below threshold
      ---
      duration_ms: 0.1751
      ...
    1..6
ok 50 - detectCatastrophes ÔÇö negative paths
  ---
  duration_ms: 3.9692
  type: 'suite'
  ...
# Subtest: detectCatastrophes ÔÇö all 6 scenarios
    # Subtest: detects RUNAWAY_RETRIES when retryCount >= threshold
    ok 1 - detects RUNAWAY_RETRIES when retryCount >= threshold
      ---
      duration_ms: 1.0132
      ...
    # Subtest: detects MASS_BLOCKED_TASKS when blocked/total > threshold
    ok 2 - detects MASS_BLOCKED_TASKS when blocked/total > threshold
      ---
      duration_ms: 0.5842
      ...
    # Subtest: detects STALE_CRITICAL_STATE when state exceeds staleness threshold
    ok 3 - detects STALE_CRITICAL_STATE when state exceeds staleness threshold
      ---
      duration_ms: 0.5272
      ...
    # Subtest: detects REPEATED_AI_PARSE_FAILURES when parseFailureCount >= threshold
    ok 4 - detects REPEATED_AI_PARSE_FAILURES when parseFailureCount >= threshold
      ---
      duration_ms: 0.3056
      ...
    # Subtest: detects BUDGET_EXHAUSTION_SPIRAL when consecutiveBudgetBreaches >= threshold
    ok 5 - detects BUDGET_EXHAUSTION_SPIRAL when consecutiveBudgetBreaches >= threshold
      ---
      duration_ms: 0.3696
      ...
    # Subtest: detects SLO_CASCADING_BREACH when consecutiveSloBreaches >= threshold
    ok 6 - detects SLO_CASCADING_BREACH when consecutiveSloBreaches >= threshold
      ---
      duration_ms: 0.5141
      ...
    1..6
ok 51 - detectCatastrophes ÔÇö all 6 scenarios
  ---
  duration_ms: 3.8035
  type: 'suite'
  ...
# Subtest: detectCatastrophes ÔÇö alert field contract (AC \#1)
    # Subtest: every alert includes scenarioId, confidence, and firstSeenAt
    ok 1 - every alert includes scenarioId, confidence, and firstSeenAt
      ---
      duration_ms: 0.3657
      ...
    1..1
ok 52 - detectCatastrophes ÔÇö alert field contract (AC \#1)
  ---
  duration_ms: 0.5137
  type: 'suite'
  ...
# Subtest: detectCatastrophes ÔÇö alert schema (AC \#8)
    # Subtest: alert has all required schema fields with correct types
    ok 1 - alert has all required schema fields with correct types
      ---
      duration_ms: 0.3808
      ...
    # Subtest: alert.evidence is a non-empty object with scenario-specific fields
    ok 2 - alert.evidence is a non-empty object with scenario-specific fields
      ---
      duration_ms: 0.3848
      ...
    1..2
ok 53 - detectCatastrophes ÔÇö alert schema (AC \#8)
  ---
  duration_ms: 0.9634
  type: 'suite'
  ...
# Subtest: detectCatastrophes ÔÇö guardrail schema (AC \#4)
    # Subtest: every guardrail has action, urgency, and description fields
    ok 1 - every guardrail has action, urgency, and description fields
      ---
      duration_ms: 1.7195
      ...
    # Subtest: every scenario has at least one IMMEDIATE guardrail or one DEFERRED guardrail
    ok 2 - every scenario has at least one IMMEDIATE guardrail or one DEFERRED guardrail
      ---
      duration_ms: 0.6577
      ...
    1..2
ok 54 - detectCatastrophes ÔÇö guardrail schema (AC \#4)
  ---
  duration_ms: 2.6829
  type: 'suite'
  ...
# Subtest: detectCatastrophes ÔÇö overhead bound (AC \#3)
    # Subtest: completes in < 10ms with all 6 scenarios triggering
    ok 1 - completes in < 10ms with all 6 scenarios triggering
      ---
      duration_ms: 1.9245
      ...
    1..1
ok 55 - detectCatastrophes ÔÇö overhead bound (AC \#3)
  ---
  duration_ms: 2.2658
  type: 'suite'
  ...
# Subtest: Replay harness ÔÇö false-positive rate (AC \#5)
    # Subtest: all positive fixtures trigger at least one detection (recall = 100%)
    ok 1 - all positive fixtures trigger at least one detection (recall = 100%)
      ---
      duration_ms: 1.9489
      ...
    # Subtest: false-positive rate on negative fixtures is below 5%
    ok 2 - false-positive rate on negative fixtures is below 5%
      ---
      duration_ms: 1.4605
      ...
    1..2
ok 56 - Replay harness ÔÇö false-positive rate (AC \#5)
  ---
  duration_ms: 3.5958
  type: 'suite'
  ...
# Subtest: runCatastropheDetection ÔÇö degraded path (AC \#10)
    # Subtest: returns ok=false, status=degraded, with reason when cycleData is null
    ok 1 - returns ok=false, status=degraded, with reason when cycleData is null
      ---
      duration_ms: 0.8004
      ...
    # Subtest: returns ok=false, status=degraded, with reason when cycleData is invalid type
    ok 2 - returns ok=false, status=degraded, with reason when cycleData is invalid type
      ---
      duration_ms: 0.1859
      ...
    1..2
ok 57 - runCatastropheDetection ÔÇö degraded path (AC \#10)
  ---
  duration_ms: 1.338
  type: 'suite'
  ...
# Subtest: detectCatastrophes ÔÇö threshold overrides
    # Subtest: respects custom runawayRetryThreshold override
    ok 1 - respects custom runawayRetryThreshold override
      ---
      duration_ms: 0.2239
      ...
    # Subtest: respects custom staleCriticalStateAgeMs override
    ok 2 - respects custom staleCriticalStateAgeMs override
      ---
      duration_ms: 0.1983
      ...
    1..2
ok 58 - detectCatastrophes ÔÇö threshold overrides
  ---
  duration_ms: 0.553
  type: 'suite'
  ...
# Subtest: detectCatastrophes ÔÇö firstSeenAt persistence
    # Subtest: preserves firstSeenAt from firstSeenTimestamps when scenario re-detected
    ok 1 - preserves firstSeenAt from firstSeenTimestamps when scenario re-detected
      ---
      duration_ms: 0.4253
      ...
    # Subtest: uses current timestamp as firstSeenAt when scenario is newly detected
    ok 2 - uses current timestamp as firstSeenAt when scenario is newly detected
      ---
      duration_ms: 0.2222
      ...
    1..2
ok 59 - detectCatastrophes ÔÇö firstSeenAt persistence
  ---
  duration_ms: 0.7746
  type: 'suite'
  ...
# Subtest: ANALYZER_STATUS enum
    # Subtest: contains all required status values
    ok 1 - contains all required status values
      ---
      duration_ms: 1.0426
      ...
    1..1
ok 60 - ANALYZER_STATUS enum
  ---
  duration_ms: 2.3991
  type: 'suite'
  ...
# Subtest: ANALYZER_REASON_CODE enum
    # Subtest: contains all required reason codes
    ok 1 - contains all required reason codes
      ---
      duration_ms: 0.196
      ...
    1..1
ok 61 - ANALYZER_REASON_CODE enum
  ---
  duration_ms: 0.3251
  type: 'suite'
  ...
# Subtest: MITIGATION_REASON_CODE enum
    # Subtest: contains all required mitigation reason codes
    ok 1 - contains all required mitigation reason codes
      ---
      duration_ms: 0.253
      ...
    1..1
ok 62 - MITIGATION_REASON_CODE enum
  ---
  duration_ms: 0.3707
  type: 'suite'
  ...
# Subtest: ANALYZER_SCHEMA
    # Subtest: defines all required result fields
    ok 1 - defines all required result fields
      ---
      duration_ms: 0.2493
      ...
    # Subtest: defines all required ImpactVector fields
    ok 2 - defines all required ImpactVector fields
      ---
      duration_ms: 0.224
      ...
    # Subtest: defines all required MitigationRecommendation fields
    ok 3 - defines all required MitigationRecommendation fields
      ---
      duration_ms: 0.2312
      ...
    # Subtest: statusEnum contains all ANALYZER_STATUS values
    ok 4 - statusEnum contains all ANALYZER_STATUS values
      ---
      duration_ms: 0.2197
      ...
    1..4
ok 63 - ANALYZER_SCHEMA
  ---
  duration_ms: 1.5241
  type: 'suite'
  ...
# Subtest: constants
    # Subtest: CONFIDENCE_THRESHOLD = 5
    ok 1 - CONFIDENCE_THRESHOLD = 5
      ---
      duration_ms: 0.1732
      ...
    # Subtest: MIN_SAMPLE_THRESHOLD = 3
    ok 2 - MIN_SAMPLE_THRESHOLD = 3
      ---
      duration_ms: 0.2249
      ...
    # Subtest: NEGATIVE_MAGNITUDE_THRESHOLD = -0.1
    ok 3 - NEGATIVE_MAGNITUDE_THRESHOLD = -0.1
      ---
      duration_ms: 0.2536
      ...
    # Subtest: SECOND_ORDER_NOISE_FLOOR = 0.05
    ok 4 - SECOND_ORDER_NOISE_FLOOR = 0.05
      ---
      duration_ms: 0.2306
      ...
    # Subtest: MONTHLY_REPORT_TOP_N = 5
    ok 5 - MONTHLY_REPORT_TOP_N = 5
      ---
      duration_ms: 0.1773
      ...
    1..5
ok 64 - constants
  ---
  duration_ms: 1.3398
  type: 'suite'
  ...
# Subtest: computeConfidence
    # Subtest: sampleCount=0 ÔåÆ 0.0 (no data)
    ok 1 - sampleCount=0 ÔåÆ 0.0 (no data)
      ---
      duration_ms: 0.3091
      ...
    # Subtest: sampleCount=1 ÔåÆ 0.2
    ok 2 - sampleCount=1 ÔåÆ 0.2
      ---
      duration_ms: 0.1485
      ...
    # Subtest: sampleCount=3 ÔåÆ 0.6
    ok 3 - sampleCount=3 ÔåÆ 0.6
      ---
      duration_ms: 0.1324
      ...
    # Subtest: sampleCount=5 ÔåÆ 1.0 (full confidence)
    ok 4 - sampleCount=5 ÔåÆ 1.0 (full confidence)
      ---
      duration_ms: 0.1685
      ...
    # Subtest: sampleCount=10 ÔåÆ 1.0 (capped at 1.0)
    ok 5 - sampleCount=10 ÔåÆ 1.0 (capped at 1.0)
      ---
      duration_ms: 0.1291
      ...
    # Subtest: negative sampleCount treated as 0
    ok 6 - negative sampleCount treated as 0
      ---
      duration_ms: 0.2244
      ...
    1..6
ok 65 - computeConfidence
  ---
  duration_ms: 1.4481
  type: 'suite'
  ...
# Subtest: computeConfidenceLevel
    # Subtest: confidence=1.0 ÔåÆ 'high'
    ok 1 - confidence=1.0 ÔåÆ 'high'
      ---
      duration_ms: 0.304
      ...
    # Subtest: confidence=0.8 ÔåÆ 'high' (boundary)
    ok 2 - confidence=0.8 ÔåÆ 'high' (boundary)
      ---
      duration_ms: 0.1279
      ...
    # Subtest: confidence=0.6 ÔåÆ 'medium'
    ok 3 - confidence=0.6 ÔåÆ 'medium'
      ---
      duration_ms: 0.3042
      ...
    # Subtest: confidence=0.5 ÔåÆ 'medium' (boundary)
    ok 4 - confidence=0.5 ÔåÆ 'medium' (boundary)
      ---
      duration_ms: 0.3195
      ...
    # Subtest: confidence=0.4 ÔåÆ 'low'
    ok 5 - confidence=0.4 ÔåÆ 'low'
      ---
      duration_ms: 0.1878
      ...
    # Subtest: confidence=0.0 ÔåÆ 'low'
    ok 6 - confidence=0.0 ÔåÆ 'low'
      ---
      duration_ms: 1.153
      ...
    1..6
ok 66 - computeConfidenceLevel
  ---
  duration_ms: 3.5546
  type: 'suite'
  ...
# Subtest: computeImpactDirection
    # Subtest: positive magnitude ÔåÆ POSITIVE
    ok 1 - positive magnitude ÔåÆ POSITIVE
      ---
      duration_ms: 1.4392
      ...
    # Subtest: negative magnitude ÔåÆ NEGATIVE
    ok 2 - negative magnitude ÔåÆ NEGATIVE
      ---
      duration_ms: 1.2468
      ...
    # Subtest: zero magnitude ÔåÆ NEUTRAL
    ok 3 - zero magnitude ÔåÆ NEUTRAL
      ---
      duration_ms: 0.2526
      ...
    1..3
ok 67 - computeImpactDirection
  ---
  duration_ms: 3.2107
  type: 'suite'
  ...
# Subtest: deriveMitigationPriority
    # Subtest: magnitude = -0.7 ÔåÆ critical (boundary)
    ok 1 - magnitude = -0.7 ÔåÆ critical (boundary)
      ---
      duration_ms: 0.2478
      ...
    # Subtest: magnitude = -0.8 ÔåÆ critical
    ok 2 - magnitude = -0.8 ÔåÆ critical
      ---
      duration_ms: 0.6129
      ...
    # Subtest: magnitude = -0.5 ÔåÆ high
    ok 3 - magnitude = -0.5 ÔåÆ high
      ---
      duration_ms: 0.1291
      ...
    # Subtest: magnitude = -0.2 ÔåÆ medium
    ok 4 - magnitude = -0.2 ÔåÆ medium
      ---
      duration_ms: 0.1246
      ...
    # Subtest: magnitude = -0.15 ÔåÆ medium
    ok 5 - magnitude = -0.15 ÔåÆ medium
      ---
      duration_ms: 0.1974
      ...
    1..5
ok 68 - deriveMitigationPriority
  ---
  duration_ms: 1.5509
  type: 'suite'
  ...
# Subtest: validateIntervention ÔÇö missing vs invalid input (AC9)
    # Subtest: null ÔåÆ MISSING_INPUT
    ok 1 - null ÔåÆ MISSING_INPUT
      ---
      duration_ms: 0.4448
      ...
    # Subtest: undefined ÔåÆ MISSING_INPUT
    ok 2 - undefined ÔåÆ MISSING_INPUT
      ---
      duration_ms: 0.22
      ...
    # Subtest: string value ÔåÆ INVALID_INPUT (not MISSING_INPUT)
    ok 3 - string value ÔåÆ INVALID_INPUT (not MISSING_INPUT)
      ---
      duration_ms: 0.1339
      ...
    # Subtest: missing id field ÔåÆ INVALID_INPUT
    ok 4 - missing id field ÔåÆ INVALID_INPUT
      ---
      duration_ms: 0.2079
      ...
    # Subtest: delta out of range [-1,1] ÔåÆ INVALID_INPUT
    ok 5 - delta out of range [-1,1] ÔåÆ INVALID_INPUT
      ---
      duration_ms: 0.1793
      ...
    # Subtest: non-integer sampleCount ÔåÆ INVALID_INPUT
    ok 6 - non-integer sampleCount ÔåÆ INVALID_INPUT
      ---
      duration_ms: 0.1523
      ...
    # Subtest: valid intervention ÔåÆ ok=true
    ok 7 - valid intervention ÔåÆ ok=true
      ---
      duration_ms: 0.6162
      ...
    1..7
ok 69 - validateIntervention ÔÇö missing vs invalid input (AC9)
  ---
  duration_ms: 2.298
  type: 'suite'
  ...
# Subtest: buildFirstOrderVectors ÔÇö AC1 first-order
    # Subtest: emits exactly 4 vectors (one per dimension)
    ok 1 - emits exactly 4 vectors (one per dimension)
      ---
      duration_ms: 1.6429
      ...
    # Subtest: all vectors have order=first
    ok 2 - all vectors have order=first
      ---
      duration_ms: 0.3147
      ...
    # Subtest: all vectors include required schema fields
    ok 3 - all vectors include required schema fields
      ---
      duration_ms: 0.4825
      ...
    # Subtest: direction derived correctly from magnitude
    ok 4 - direction derived correctly from magnitude
      ---
      duration_ms: 0.6392
      ...
    # Subtest: confidence matches computeConfidence(sampleCount)
    ok 5 - confidence matches computeConfidence(sampleCount)
      ---
      duration_ms: 0.2417
      ...
    1..5
ok 70 - buildFirstOrderVectors ÔÇö AC1 first-order
  ---
  duration_ms: 3.6952
  type: 'suite'
  ...
# Subtest: buildSecondOrderVectors ÔÇö AC1 second-order
    # Subtest: emits second-order vectors from first-order throughput effect
    ok 1 - emits second-order vectors from first-order throughput effect
      ---
      duration_ms: 0.3163
      ...
    # Subtest: second-order vectors respect SECOND_ORDER_NOISE_FLOOR
    ok 2 - second-order vectors respect SECOND_ORDER_NOISE_FLOOR
      ---
      duration_ms: 0.1497
      ...
    # Subtest: second-order vectors include required schema fields
    ok 3 - second-order vectors include required schema fields
      ---
      duration_ms: 0.1943
      ...
    # Subtest: second-order magnitude is clamped to [-1, 1]
    ok 4 - second-order magnitude is clamped to [-1, 1]
      ---
      duration_ms: 0.725
      ...
    1..4
ok 71 - buildSecondOrderVectors ÔÇö AC1 second-order
  ---
  duration_ms: 1.5751
  type: 'suite'
  ...
# Subtest: detectNegativeEffects ÔÇö AC2 threshold
    # Subtest: returns only vectors with magnitude < -0.1
    ok 1 - returns only vectors with magnitude < -0.1
      ---
      duration_ms: 0.3516
      ...
    # Subtest: magnitude exactly = -0.1 is NOT negative (threshold exclusive)
    ok 2 - magnitude exactly = -0.1 is NOT negative (threshold exclusive)
      ---
      duration_ms: 0.1339
      ...
    1..2
ok 72 - detectNegativeEffects ÔÇö AC2 threshold
  ---
  duration_ms: 0.7175
  type: 'suite'
  ...
# Subtest: buildMitigationRecommendations ÔÇö AC2 schema
    # Subtest: returns recommendations for each negative dimension
    ok 1 - returns recommendations for each negative dimension
      ---
      duration_ms: 0.4968
      ...
    # Subtest: reasonCode is a valid MITIGATION_REASON_CODE value
    ok 2 - reasonCode is a valid MITIGATION_REASON_CODE value
      ---
      duration_ms: 0.4329
      ...
    # Subtest: priority is a valid MITIGATION_PRIORITY value
    ok 3 - priority is a valid MITIGATION_PRIORITY value
      ---
      duration_ms: 0.7085
      ...
    # Subtest: compounded negative across dims ÔåÆ COMPOUNDED_NEGATIVE reasonCode
    ok 4 - compounded negative across dims ÔåÆ COMPOUNDED_NEGATIVE reasonCode
      ---
      duration_ms: 0.3982
      ...
    1..4
ok 73 - buildMitigationRecommendations ÔÇö AC2 schema
  ---
  duration_ms: 2.3423
  type: 'suite'
  ...
# Subtest: analyzeCompoundingEffects ÔÇö happy path (AC1, AC2, AC3)
    # Subtest: status=ok for valid interventions with sufficient samples
    ok 1 - status=ok for valid interventions with sufficient samples
      ---
      duration_ms: 1.3884
      ...
    # Subtest: includes first-order and second-order vectors (AC1)
    ok 2 - includes first-order and second-order vectors (AC1)
      ---
      duration_ms: 0.1607
      ...
    # Subtest: each vector has required schema fields
    ok 3 - each vector has required schema fields
      ---
      duration_ms: 0.1719
      ...
    # Subtest: confidence is in [0.0, 1.0] per vector (AC3)
    ok 4 - confidence is in [0.0, 1.0] per vector (AC3)
      ---
      duration_ms: 0.2391
      ...
    # Subtest: mitigations emitted for negative effects (AC2)
    ok 5 - mitigations emitted for negative effects (AC2)
      ---
      duration_ms: 0.1104
      ...
    # Subtest: result includes all required schema fields (AC8)
    ok 6 - result includes all required schema fields (AC8)
      ---
      duration_ms: 0.1609
      ...
    # Subtest: interventionCount matches valid intervention count
    ok 7 - interventionCount matches valid intervention count
      ---
      duration_ms: 0.1103
      ...
    1..7
ok 74 - analyzeCompoundingEffects ÔÇö happy path (AC1, AC2, AC3)
  ---
  duration_ms: 4.4447
  type: 'suite'
  ...
# Subtest: analyzeCompoundingEffects ÔÇö negative paths
    # Subtest: null input ÔåÆ status=error, MISSING_INPUT (AC7, AC9, AC10)
    ok 1 - null input ÔåÆ status=error, MISSING_INPUT (AC7, AC9, AC10)
      ---
      duration_ms: 0.1895
      ...
    # Subtest: non-array input ÔåÆ status=error, INVALID_INPUT (distinct from null)
    ok 2 - non-array input ÔåÆ status=error, INVALID_INPUT (distinct from null)
      ---
      duration_ms: 0.1762
      ...
    # Subtest: empty array ÔåÆ status=insufficient_data (AC5)
    ok 3 - empty array ÔåÆ status=insufficient_data (AC5)
      ---
      duration_ms: 0.1242
      ...
    # Subtest: all interventions invalid ÔåÆ status=error (AC10 ÔÇö no silent success)
    ok 4 - all interventions invalid ÔåÆ status=error (AC10 ÔÇö no silent success)
      ---
      duration_ms: 0.1606
      ...
    # Subtest: status field is always present and is a known ANALYZER_STATUS value (AC10)
    ok 5 - status field is always present and is a known ANALYZER_STATUS value (AC10)
      ---
      duration_ms: 0.3761
      ...
    1..5
ok 75 - analyzeCompoundingEffects ÔÇö negative paths
  ---
  duration_ms: 1.3173
  type: 'suite'
  ...
# Subtest: analyzeCompoundingEffects ÔÇö sparse data (AC5)
    # Subtest: all interventions with sampleCount < MIN_SAMPLE_THRESHOLD ÔåÆ insufficient_data or degraded
    ok 1 - all interventions with sampleCount < MIN_SAMPLE_THRESHOLD ÔåÆ insufficient_data or degraded
      ---
      duration_ms: 0.4098
      ...
    # Subtest: mixed: some sparse, some ok ÔåÆ status=degraded (partial data)
    ok 2 - mixed: some sparse, some ok ÔåÆ status=degraded (partial data)
      ---
      duration_ms: 0.2656
      ...
    1..2
ok 76 - analyzeCompoundingEffects ÔÇö sparse data (AC5)
  ---
  duration_ms: 0.7896
  type: 'suite'
  ...
# Subtest: buildMonthlyCompoundingReport ÔÇö AC4 monthly top-N
    # Subtest: returns status=ok with top-N contributors from multiple runs
    ok 1 - returns status=ok with top-N contributors from multiple runs
      ---
      duration_ms: 0.9358
      ...
    # Subtest: topContributors is sorted by score descending (highest impact first)
    ok 2 - topContributors is sorted by score descending (highest impact first)
      ---
      duration_ms: 0.3567
      ...
    # Subtest: empty analyzerResults ÔåÆ status=insufficient_data
    ok 3 - empty analyzerResults ÔåÆ status=insufficient_data
      ---
      duration_ms: 0.2
      ...
    # Subtest: monthly report includes all required fields (AC8)
    ok 4 - monthly report includes all required fields (AC8)
      ---
      duration_ms: 0.1536
      ...
    # Subtest: totalNegative counts vectors below NEGATIVE_MAGNITUDE_THRESHOLD
    ok 5 - totalNegative counts vectors below NEGATIVE_MAGNITUDE_THRESHOLD
      ---
      duration_ms: 0.3379
      ...
    1..5
ok 77 - buildMonthlyCompoundingReport ÔÇö AC4 monthly top-N
  ---
  duration_ms: 2.177
  type: 'suite'
  ...
# Subtest: persistCompoundingEffectsResult
    # Subtest: null result ÔåÆ MISSING_INPUT (AC9)
    ok 1 - null result ÔåÆ MISSING_INPUT (AC9)
      ---
      duration_ms: 0.5274
      ...
    # Subtest: non-object result ÔåÆ INVALID_INPUT
    ok 2 - non-object result ÔåÆ INVALID_INPUT
      ---
      duration_ms: 0.1435
      ...
    # Subtest: result missing required field ÔåÆ INVALID_INPUT
    ok 3 - result missing required field ÔåÆ INVALID_INPUT
      ---
      duration_ms: 0.4282
      ...
    # Subtest: valid result ÔåÆ written to disk, ok=true
    ok 4 - valid result ÔåÆ written to disk, ok=true
      ---
      duration_ms: 53.9121
      ...
    1..4
ok 78 - persistCompoundingEffectsResult
  ---
  duration_ms: 117.8723
  type: 'suite'
  ...
# Subtest: persistMonthlyCompoundingReport
    # Subtest: null report ÔåÆ MISSING_INPUT
    ok 1 - null report ÔåÆ MISSING_INPUT
      ---
      duration_ms: 0.8109
      ...
    # Subtest: invalid monthKey ÔåÆ INVALID_INPUT
    ok 2 - invalid monthKey ÔåÆ INVALID_INPUT
      ---
      duration_ms: 0.2423
      ...
    # Subtest: valid report ÔåÆ written to correct path, ok=true
    ok 3 - valid report ÔåÆ written to correct path, ok=true
      ---
      duration_ms: 21.343
      ...
    1..3
ok 79 - persistMonthlyCompoundingReport
  ---
  duration_ms: 28.4454
  type: 'suite'
  ...
# Subtest: generateAndPersistMonthlyReport
    # Subtest: invalid monthKey ÔåÆ INVALID_INPUT, ok=false
    ok 1 - invalid monthKey ÔåÆ INVALID_INPUT, ok=false
      ---
      duration_ms: 0.465
      ...
    # Subtest: empty log ÔåÆ ok=true, report.status=insufficient_data
    ok 2 - empty log ÔåÆ ok=true, report.status=insufficient_data
      ---
      duration_ms: 9.0058
      ...
    # Subtest: with entries in log ÔåÆ generates monthly file correctly
    ok 3 - with entries in log ÔåÆ generates monthly file correctly
      ---
      duration_ms: 23.3334
      ...
    1..3
ok 80 - generateAndPersistMonthlyReport
  ---
  duration_ms: 47.82
  type: 'suite'
  ...
# Subtest: CROSS_IMPACT_MATRIX
    # Subtest: all source dimensions are present in the matrix
    ok 1 - all source dimensions are present in the matrix
      ---
      duration_ms: 0.2493
      ...
    # Subtest: all cascade multipliers are finite numbers Ôêê [-1, 1]
    ok 2 - all cascade multipliers are finite numbers Ôêê [-1, 1]
      ---
      duration_ms: 0.2063
      ...
    # Subtest: source and target are never the same dimension (no self-loops)
    ok 3 - source and target are never the same dimension (no self-loops)
      ---
      duration_ms: 0.1688
      ...
    1..3
ok 81 - CROSS_IMPACT_MATRIX
  ---
  duration_ms: 0.7609
  type: 'suite'
  ...
# Subtest: CYCLE_ANALYTICS_SCHEMA (AC8)
    # Subtest: exports schemaVersion 1
    ok 1 - exports schemaVersion 1
      ---
      duration_ms: 2.184
      ...
    # Subtest: required fields list is complete
    ok 2 - required fields list is complete
      ---
      duration_ms: 0.281
      ...
    # Subtest: phaseEnum contains all CYCLE_PHASE values
    ok 3 - phaseEnum contains all CYCLE_PHASE values
      ---
      duration_ms: 0.1853
      ...
    # Subtest: confidenceLevelEnum contains all CONFIDENCE_LEVEL values
    ok 4 - confidenceLevelEnum contains all CONFIDENCE_LEVEL values
      ---
      duration_ms: 0.256
      ...
    # Subtest: defaultMaxHistoryEntries is 50
    ok 5 - defaultMaxHistoryEntries is 50
      ---
      duration_ms: 0.1354
      ...
    # Subtest: cycleIdSource is pipeline_progress.startedAt
    ok 6 - cycleIdSource is pipeline_progress.startedAt
      ---
      duration_ms: 0.1358
      ...
    1..6
ok 82 - CYCLE_ANALYTICS_SCHEMA (AC8)
  ---
  duration_ms: 7.1344
  type: 'suite'
  ...
# Subtest: CANONICAL_EVENT_NAMES (AC2, AC13)
    # Subtest: contains exactly the 5 SLO timestamp stages
    ok 1 - contains exactly the 5 SLO timestamp stages
      ---
      duration_ms: 0.7638
      ...
    1..1
ok 83 - CANONICAL_EVENT_NAMES (AC2, AC13)
  ---
  duration_ms: 1.0539
  type: 'suite'
  ...
# Subtest: computeCycleAnalytics ÔÇö required fields (AC1)
    # Subtest: returns all required fields on full input
    ok 1 - returns all required fields on full input
      ---
      duration_ms: 2.5747
      ...
    # Subtest: cycleId equals pipelineProgress.startedAt
    ok 2 - cycleId equals pipelineProgress.startedAt
      ---
      duration_ms: 0.4294
      ...
    # Subtest: phase is included
    ok 3 - phase is included
      ---
      duration_ms: 0.3482
      ...
    # Subtest: generatedAt is a valid ISO string
    ok 4 - generatedAt is a valid ISO string
      ---
      duration_ms: 0.2686
      ...
    1..4
ok 84 - computeCycleAnalytics ÔÇö required fields (AC1)
  ---
  duration_ms: 4.1098
  type: 'suite'
  ...
# Subtest: computeCycleAnalytics ÔÇö KPIs (AC2)
    # Subtest: kpis.decisionLatencyMs comes from sloRecord.metrics
    ok 1 - kpis.decisionLatencyMs comes from sloRecord.metrics
      ---
      duration_ms: 0.4284
      ...
    # Subtest: kpis.sloBreachCount is zero when no breaches
    ok 2 - kpis.sloBreachCount is zero when no breaches
      ---
      duration_ms: 1.0859
      ...
    # Subtest: kpis.sloBreachCount counts breach entries
    ok 3 - kpis.sloBreachCount counts breach entries
      ---
      duration_ms: 0.4409
      ...
    # Subtest: kpis.sloStatus reflects sloRecord.status
    ok 4 - kpis.sloStatus reflects sloRecord.status
      ---
      duration_ms: 0.2384
      ...
    # Subtest: kpis.sloStatus is 'unknown' when sloRecord is null (AC10)
    ok 5 - kpis.sloStatus is 'unknown' when sloRecord is null (AC10)
      ---
      duration_ms: 0.47
      ...
    1..5
ok 85 - computeCycleAnalytics ÔÇö KPIs (AC2)
  ---
  duration_ms: 3.1409
  type: 'suite'
  ...
# Subtest: computeCycleAnalytics ÔÇö canonicalEvents (AC2)
    # Subtest: lists all 5 canonical events
    ok 1 - lists all 5 canonical events
      ---
      duration_ms: 0.3336
      ...
    # Subtest: marks present=true for existing timestamps
    ok 2 - marks present=true for existing timestamps
      ---
      duration_ms: 0.4663
      ...
    # Subtest: marks present=false and timestamp=null for missing events
    ok 3 - marks present=false and timestamp=null for missing events
      ---
      duration_ms: 0.5123
      ...
    1..3
ok 86 - computeCycleAnalytics ÔÇö canonicalEvents (AC2)
  ---
  duration_ms: 1.6789
  type: 'suite'
  ...
# Subtest: computeCycleAnalytics ÔÇö missing data handling (AC3, AC9, AC10)
    # Subtest: null sloRecord adds MISSING_SOURCE entries for kpi fields
    ok 1 - null sloRecord adds MISSING_SOURCE entries for kpi fields
      ---
      duration_ms: 0.4511
      ...
    # Subtest: null pipelineProgress adds MISSING_SOURCE entry
    ok 2 - null pipelineProgress adds MISSING_SOURCE entry
      ---
      duration_ms: 0.2263
      ...
    # Subtest: latency fields are null (not 0) when sloRecord absent (AC3)
    ok 3 - latency fields are null (not 0) when sloRecord absent (AC3)
      ---
      duration_ms: 0.187
      ...
    # Subtest: causal link latencyMs is null when timestamps missing (AC3)
    ok 4 - causal link latencyMs is null when timestamps missing (AC3)
      ---
      duration_ms: 0.1891
      ...
    # Subtest: causal link missing timestamp adds MISSING_TIMESTAMP entry to missingData (AC9)
    ok 5 - causal link missing timestamp adds MISSING_TIMESTAMP entry to missingData (AC9)
      ---
      duration_ms: 0.2788
      ...
    # Subtest: missingData entries include impact field (AC10)
    ok 6 - missingData entries include impact field (AC10)
      ---
      duration_ms: 0.3909
      ...
    1..6
ok 87 - computeCycleAnalytics ÔÇö missing data handling (AC3, AC9, AC10)
  ---
  duration_ms: 2.166
  type: 'suite'
  ...
# Subtest: computeCycleAnalytics ÔÇö confidence levels (AC1, AC11)
    # Subtest: high when all 5 events present and sloRecord provided
    ok 1 - high when all 5 events present and sloRecord provided
      ---
      duration_ms: 0.3793
      ...
    # Subtest: medium when 4 events present (one missing)
    ok 2 - medium when 4 events present (one missing)
      ---
      duration_ms: 0.4693
      ...
    # Subtest: medium when all events present but sloRecord absent
    ok 3 - medium when all events present but sloRecord absent
      ---
      duration_ms: 0.206
      ...
    # Subtest: low when Ôëñ2 events present
    ok 4 - low when Ôëñ2 events present
      ---
      duration_ms: 0.2218
      ...
    # Subtest: low when pipelineProgress is null
    ok 5 - low when pipelineProgress is null
      ---
      duration_ms: 0.1716
      ...
    # Subtest: confidence.level is always a valid enum value (AC8)
    ok 6 - confidence.level is always a valid enum value (AC8)
      ---
      duration_ms: 0.1926
      ...
    # Subtest: confidence.missingFields is an array
    ok 7 - confidence.missingFields is an array
      ---
      duration_ms: 0.3581
      ...
    1..7
ok 88 - computeCycleAnalytics ÔÇö confidence levels (AC1, AC11)
  ---
  duration_ms: 2.3954
  type: 'suite'
  ...
# Subtest: computeCycleAnalytics ÔÇö causal links (AC12)
    # Subtest: produces 3 causal links
    ok 1 - produces 3 causal links
      ---
      duration_ms: 0.3808
      ...
    # Subtest: each link has cause, effect, metric, latencyMs, anomaly, anomalyReason
    ok 2 - each link has cause, effect, metric, latencyMs, anomaly, anomalyReason
      ---
      duration_ms: 0.3932
      ...
    # Subtest: anomaly=false when latency within threshold
    ok 3 - anomaly=false when latency within threshold
      ---
      duration_ms: 0.3604
      ...
    # Subtest: anomaly=true and anomalyReason set when threshold exceeded (negative path)
    ok 4 - anomaly=true and anomalyReason set when threshold exceeded (negative path)
      ---
      duration_ms: 0.3264
      ...
    # Subtest: latencyMs is clamped to ÔëÑ0 (clock skew safety)
    ok 5 - latencyMs is clamped to ÔëÑ0 (clock skew safety)
      ---
      duration_ms: 0.4215
      ...
    1..5
ok 89 - computeCycleAnalytics ÔÇö causal links (AC12)
  ---
  duration_ms: 2.283
  type: 'suite'
  ...
# Subtest: computeCycleAnalytics ÔÇö outcomes (AC1)
    # Subtest: outcomes.status is SUCCESS when all workers done
    ok 1 - outcomes.status is SUCCESS when all workers done
      ---
      duration_ms: 0.3383
      ...
    # Subtest: outcomes.status is PARTIAL when some workers failed
    ok 2 - outcomes.status is PARTIAL when some workers failed
      ---
      duration_ms: 0.1826
      ...
    # Subtest: outcomes.status is NO_PLANS when planCount=0 and phase=INCOMPLETE
    ok 3 - outcomes.status is NO_PLANS when planCount=0 and phase=INCOMPLETE
      ---
      duration_ms: 0.1564
      ...
    # Subtest: outcomes.status is FAILED for CYCLE_PHASE.FAILED
    ok 4 - outcomes.status is FAILED for CYCLE_PHASE.FAILED
      ---
      duration_ms: 0.2203
      ...
    # Subtest: outcomes.tasksDispatched is null when planCount not provided (AC3)
    ok 5 - outcomes.tasksDispatched is null when planCount not provided (AC3)
      ---
      duration_ms: 0.1333
      ...
    # Subtest: outcomes.status enum value is valid (AC8)
    ok 6 - outcomes.status enum value is valid (AC8)
      ---
      duration_ms: 0.1425
      ...
    1..6
ok 90 - computeCycleAnalytics ÔÇö outcomes (AC1)
  ---
  duration_ms: 1.4522
  type: 'suite'
  ...
# Subtest: persistCycleAnalytics and readCycleAnalytics (AC4)
    # Subtest: creates file with correct schema on first write
    ok 1 - creates file with correct schema on first write
      ---
      duration_ms: 22.5485
      ...
    # Subtest: append-only: second write prepends to history
    ok 2 - append-only: second write prepends to history
      ---
      duration_ms: 42.0219
      ...
    # Subtest: retention policy: caps history at maxHistoryEntries (AC17)
    ok 3 - retention policy: caps history at maxHistoryEntries (AC17)
      ---
      duration_ms: 177.4567
      ...
    # Subtest: readCycleAnalytics returns null when file does not exist (AC3, AC18)
    ok 4 - readCycleAnalytics returns null when file does not exist (AC3, AC18)
      ---
      duration_ms: 7.2601
      ...
    1..4
ok 91 - persistCycleAnalytics and readCycleAnalytics (AC4)
  ---
  duration_ms: 293.5792
  type: 'suite'
  ...
# Subtest: Negative paths (AC7)
    # Subtest: computeCycleAnalytics with all-null inputs returns valid record (no throw)
    ok 1 - computeCycleAnalytics with all-null inputs returns valid record (no throw)
      ---
      duration_ms: 0.5135
      ...
    # Subtest: computeCycleAnalytics with empty config does not throw
    ok 2 - computeCycleAnalytics with empty config does not throw
      ---
      duration_ms: 0.1811
      ...
    # Subtest: computeCycleAnalytics with no arguments does not throw
    ok 3 - computeCycleAnalytics with no arguments does not throw
      ---
      duration_ms: 0.1085
      ...
    # Subtest: missingData is populated (not empty) when inputs are null (AC10 ÔÇö no silent fallback)
    ok 4 - missingData is populated (not empty) when inputs are null (AC10 ÔÇö no silent fallback)
      ---
      duration_ms: 0.5269
      ...
    # Subtest: invalid workerResults (non-array) treated as null ÔÇö no throw, outcomes.tasksCompleted=null (AC9)
    ok 5 - invalid workerResults (non-array) treated as null ÔÇö no throw, outcomes.tasksCompleted=null (AC9)
      ---
      duration_ms: 0.4746
      ...
    # Subtest: persistCycleAnalytics with invalid state dir throws (I/O error surfaced, not swallowed) (AC10)
    ok 6 - persistCycleAnalytics with invalid state dir throws (I/O error surfaced, not swallowed) (AC10)
      ---
      duration_ms: 37.7656
      ...
    # Subtest: phase enum is preserved for FAILED cycle
    ok 7 - phase enum is preserved for FAILED cycle
      ---
      duration_ms: 0.2632
      ...
    1..7
ok 92 - Negative paths (AC7)
  ---
  duration_ms: 40.7504
  type: 'suite'
  ...
# [box] dashboard started at http://localhost:18787
# Subtest: checkDashboardAuth ÔÇö unit
    # Subtest: returns 401 when Authorization header is missing
    ok 1 - returns 401 when Authorization header is missing
      ---
      duration_ms: 0.9861
      ...
    # Subtest: returns 401 when Authorization header is empty string
    ok 2 - returns 401 when Authorization header is empty string
      ---
      duration_ms: 0.2226
      ...
    # Subtest: returns 401 when Authorization header is not Bearer scheme
    ok 3 - returns 401 when Authorization header is not Bearer scheme
      ---
      duration_ms: 0.2046
      ...
    # Subtest: returns 401 when Bearer token value is wrong
    ok 4 - returns 401 when Bearer token value is wrong
      ---
      duration_ms: 0.2262
      ...
    # Subtest: returns 401 when Bearer prefix present but token is empty
    ok 5 - returns 401 when Bearer prefix present but token is empty
      ---
      duration_ms: 0.1744
      ...
    # Subtest: returns ok:true when correct token is provided
    ok 6 - returns ok:true when correct token is provided
      ---
      duration_ms: 0.1762
      ...
    1..6
ok 93 - checkDashboardAuth ÔÇö unit
  ---
  duration_ms: 3.8352
  type: 'suite'
  ...
# Subtest: dashboard mutation routes ÔÇö HTTP integration
    # Subtest: /api/force-rebase: returns 403 when BOX_DASHBOARD_TOKEN configured but no Authorization header
    ok 1 - /api/force-rebase: returns 403 when BOX_DASHBOARD_TOKEN configured but no Authorization header
      ---
      duration_ms: 29.592
      ...
    # Subtest: /api/force-rebase: returns 401 with wrong Bearer token
    ok 2 - /api/force-rebase: returns 401 with wrong Bearer token
      ---
      duration_ms: 3.4143
      ...
    # Subtest: /api/daemon-start: returns 403 when BOX_DASHBOARD_TOKEN configured but no Authorization header
    ok 3 - /api/daemon-start: returns 403 when BOX_DASHBOARD_TOKEN configured but no Authorization header
      ---
      duration_ms: 5.1588
      ...
    # Subtest: /api/daemon-start: returns 401 with wrong Bearer token
    ok 4 - /api/daemon-start: returns 401 with wrong Bearer token
      ---
      duration_ms: 4.5337
      ...
    # Subtest: /api/daemon-stop: returns 403 when BOX_DASHBOARD_TOKEN configured but no Authorization header
    ok 5 - /api/daemon-stop: returns 403 when BOX_DASHBOARD_TOKEN configured but no Authorization header
      ---
      duration_ms: 3.6576
      ...
    # Subtest: /api/daemon-stop: returns 401 with wrong Bearer token
    ok 6 - /api/daemon-stop: returns 401 with wrong Bearer token
      ---
      duration_ms: 2.4887
      ...
    1..6
ok 94 - dashboard mutation routes ÔÇö HTTP integration
  ---
  duration_ms: 50.0203
  type: 'suite'
  ...
# Subtest: delta_analytics
    # Subtest: computeLearningClosureRate
        # Subtest: returns zero for null input
        ok 1 - returns zero for null input
          ---
          duration_ms: 1.0834
          ...
        # Subtest: returns zero when no lessons exist
        ok 2 - returns zero when no lessons exist
          ---
          duration_ms: 0.2334
          ...
        # Subtest: computes closure rate correctly
        ok 3 - computes closure rate correctly
          ---
          duration_ms: 0.294
          ...
        # Subtest: ignores short lessons
        ok 4 - ignores short lessons
          ---
          duration_ms: 0.1426
          ...
        1..4
    ok 1 - computeLearningClosureRate
      ---
      duration_ms: 3.219
      type: 'suite'
      ...
    1..1
ok 95 - delta_analytics
  ---
  duration_ms: 5.3279
  type: 'suite'
  ...
# Subtest: normalizeFilePath
    # Subtest: lowercases and normalizes forward slashes
    ok 1 - lowercases and normalizes forward slashes
      ---
      duration_ms: 2.2267
      ...
    # Subtest: strips leading ./
    ok 2 - strips leading ./
      ---
      duration_ms: 0.3282
      ...
    # Subtest: handles empty string
    ok 3 - handles empty string
      ---
      duration_ms: 0.2917
      ...
    # Subtest: handles null/undefined gracefully
    ok 4 - handles null/undefined gracefully
      ---
      duration_ms: 0.5791
      ...
    1..4
ok 96 - normalizeFilePath
  ---
  duration_ms: 5.7915
  type: 'suite'
  ...
# Subtest: validateGraphTask
    # Subtest: accepts a fully valid task
    ok 1 - accepts a fully valid task
      ---
      duration_ms: 2.2151
      ...
    # Subtest: accepts a minimal task with only id
    ok 2 - accepts a minimal task with only id
      ---
      duration_ms: 0.2545
      ...
    # Subtest: rejects null input with MISSING_INPUT code
    ok 3 - rejects null input with MISSING_INPUT code
      ---
      duration_ms: 0.1632
      ...
    # Subtest: rejects undefined input with MISSING_INPUT code
    ok 4 - rejects undefined input with MISSING_INPUT code
      ---
      duration_ms: 0.2475
      ...
    # Subtest: rejects non-object input with INVALID_TYPE code
    ok 5 - rejects non-object input with INVALID_TYPE code
      ---
      duration_ms: 0.2478
      ...
    # Subtest: rejects array input with INVALID_TYPE code
    ok 6 - rejects array input with INVALID_TYPE code
      ---
      duration_ms: 3.4185
      ...
    # Subtest: rejects missing id with MISSING_FIELD code
    ok 7 - rejects missing id with MISSING_FIELD code
      ---
      duration_ms: 0.2501
      ...
    # Subtest: rejects empty-string id with INVALID_FIELD code
    ok 8 - rejects empty-string id with INVALID_FIELD code
      ---
      duration_ms: 1.2229
      ...
    # Subtest: rejects non-array dependsOn with INVALID_FIELD code
    ok 9 - rejects non-array dependsOn with INVALID_FIELD code
      ---
      duration_ms: 0.3265
      ...
    # Subtest: rejects non-string entry in dependsOn with INVALID_FIELD code
    ok 10 - rejects non-string entry in dependsOn with INVALID_FIELD code
      ---
      duration_ms: 0.2335
      ...
    # Subtest: rejects non-array filesInScope with INVALID_FIELD code
    ok 11 - rejects non-array filesInScope with INVALID_FIELD code
      ---
      duration_ms: 0.1836
      ...
    1..11
ok 97 - validateGraphTask
  ---
  duration_ms: 10.2313
  type: 'suite'
  ...
# Subtest: resolveDependencyGraph ÔÇö input validation
    # Subtest: returns MISSING_INPUT status for null input
    ok 1 - returns MISSING_INPUT status for null input
      ---
      duration_ms: 5.2014
      ...
    # Subtest: returns MISSING_INPUT status for undefined input
    ok 2 - returns MISSING_INPUT status for undefined input
      ---
      duration_ms: 0.306
      ...
    # Subtest: returns INVALID_INPUT status for non-array input
    ok 3 - returns INVALID_INPUT status for non-array input
      ---
      duration_ms: 0.436
      ...
    # Subtest: returns INVALID_INPUT status for invalid task within array
    ok 4 - returns INVALID_INPUT status for invalid task within array
      ---
      duration_ms: 0.2009
      ...
    # Subtest: returns INVALID_INPUT for duplicate task IDs
    ok 5 - returns INVALID_INPUT for duplicate task IDs
      ---
      duration_ms: 0.2112
      ...
    # Subtest: returns EMPTY_INPUT for empty array
    ok 6 - returns EMPTY_INPUT for empty array
      ---
      duration_ms: 0.7176
      ...
    # Subtest: all error results include required schema fields
    ok 7 - all error results include required schema fields
      ---
      duration_ms: 1.8446
      ...
    1..7
ok 98 - resolveDependencyGraph ÔÇö input validation
  ---
  duration_ms: 9.3011
  type: 'suite'
  ...
# Subtest: resolveDependencyGraph ÔÇö cycle detection (negative path)
    # Subtest: NEGATIVE PATH: aborts and returns CYCLE_DETECTED for a direct self-loop
    ok 1 - NEGATIVE PATH: aborts and returns CYCLE_DETECTED for a direct self-loop
      ---
      duration_ms: 0.5878
      ...
    # Subtest: NEGATIVE PATH: aborts for a two-task mutual dependency cycle (t1ÔåÆt2ÔåÆt1)
    ok 2 - NEGATIVE PATH: aborts for a two-task mutual dependency cycle (t1ÔåÆt2ÔåÆt1)
      ---
      duration_ms: 0.3524
      ...
    # Subtest: NEGATIVE PATH: aborts for a three-task cycle (t1ÔåÆt2ÔåÆt3ÔåÆt1)
    ok 3 - NEGATIVE PATH: aborts for a three-task cycle (t1ÔåÆt2ÔåÆt3ÔåÆt1)
      ---
      duration_ms: 0.213
      ...
    # Subtest: does NOT flag a valid chain (t1ÔåÉt2ÔåÉt3) as a cycle
    ok 4 - does NOT flag a valid chain (t1ÔåÉt2ÔåÉt3) as a cycle
      ---
      duration_ms: 0.9216
      ...
    1..4
ok 99 - resolveDependencyGraph ÔÇö cycle detection (negative path)
  ---
  duration_ms: 2.3894
  type: 'suite'
  ...
# Subtest: resolveDependencyGraph ÔÇö valid DAG
    # Subtest: assigns all independent tasks to wave 1
    ok 1 - assigns all independent tasks to wave 1
      ---
      duration_ms: 0.4869
      ...
    # Subtest: assigns dependent tasks to later waves
    ok 2 - assigns dependent tasks to later waves
      ---
      duration_ms: 1.4925
      ...
    # Subtest: places the diamond pattern correctly (t1; t2,t3 depend on t1; t4 depends on t2,t3)
    ok 3 - places the diamond pattern correctly (t1; t2,t3 depend on t1; t4 depends on t2,t3)
      ---
      duration_ms: 0.4388
      ...
    # Subtest: produces explicit_dependency gates for tasks with dependsOn
    ok 4 - produces explicit_dependency gates for tasks with dependsOn
      ---
      duration_ms: 0.3596
      ...
    # Subtest: ignores dependsOn references to tasks not in the input set
    ok 5 - ignores dependsOn references to tasks not in the input set
      ---
      duration_ms: 0.5659
      ...
    1..5
ok 100 - resolveDependencyGraph ÔÇö valid DAG
  ---
  duration_ms: 3.6635
  type: 'suite'
  ...
# Subtest: resolveDependencyGraph ÔÇö conflict detection
    # Subtest: detects overlapping filesInScope as a conflict
    ok 1 - detects overlapping filesInScope as a conflict
      ---
      duration_ms: 0.5597
      ...
    # Subtest: serializes conflicting tasks into different waves
    ok 2 - serializes conflicting tasks into different waves
      ---
      duration_ms: 0.3066
      ...
    # Subtest: produces file_conflict gates for conflict-serialized tasks
    ok 3 - produces file_conflict gates for conflict-serialized tasks
      ---
      duration_ms: 0.2071
      ...
    # Subtest: normalizes file paths for conflict detection (case and separator)
    ok 4 - normalizes file paths for conflict detection (case and separator)
      ---
      duration_ms: 0.2187
      ...
    # Subtest: does not flag tasks with non-overlapping files as conflicting
    ok 5 - does not flag tasks with non-overlapping files as conflicting
      ---
      duration_ms: 0.1767
      ...
    # Subtest: does not flag tasks with empty filesInScope as conflicting
    ok 6 - does not flag tasks with empty filesInScope as conflicting
      ---
      duration_ms: 0.1265
      ...
    1..6
ok 101 - resolveDependencyGraph ÔÇö conflict detection
  ---
  duration_ms: 1.8857
  type: 'suite'
  ...
# Subtest: resolveDependencyGraph ÔÇö output schema
    # Subtest: ok result includes all required schema fields
    ok 1 - ok result includes all required schema fields
      ---
      duration_ms: 3.1638
      ...
    # Subtest: each wave includes wave number, taskIds array, and gates array
    ok 2 - each wave includes wave number, taskIds array, and gates array
      ---
      duration_ms: 0.2743
      ...
    # Subtest: each gate includes afterTaskId, reason, and sharedFiles
    ok 3 - each gate includes afterTaskId, reason, and sharedFiles
      ---
      duration_ms: 0.263
      ...
    # Subtest: each conflictPair includes taskA, taskB, reason, and sharedFiles
    ok 4 - each conflictPair includes taskA, taskB, reason, and sharedFiles
      ---
      duration_ms: 0.277
      ...
    # Subtest: status and reasonCode values are from defined enums
    ok 5 - status and reasonCode values are from defined enums
      ---
      duration_ms: 0.3649
      ...
    # Subtest: is deterministic: same input always produces same output
    ok 6 - is deterministic: same input always produces same output
      ---
      duration_ms: 0.2413
      ...
    1..6
ok 102 - resolveDependencyGraph ÔÇö output schema
  ---
  duration_ms: 4.8689
  type: 'suite'
  ...
# Subtest: persistGraphDiagnostics
    # Subtest: writes a NDJSON entry to state/dependency_graph_diagnostics.json
    ok 1 - writes a NDJSON entry to state/dependency_graph_diagnostics.json
      ---
      duration_ms: 28.604
      ...
    # Subtest: appends entries on repeated calls (NDJSON growth)
    ok 2 - appends entries on repeated calls (NDJSON growth)
      ---
      duration_ms: 37.3275
      ...
    # Subtest: persisted entry for cycle result records status=cycle_detected
    ok 3 - persisted entry for cycle result records status=cycle_detected
      ---
      duration_ms: 19.1839
      ...
    1..3
ok 103 - persistGraphDiagnostics
  ---
  duration_ms: 150.6702
  type: 'suite'
  ...
# Subtest: resolveDependencyGraph ÔÇö combined explicit deps and conflicts
    # Subtest: correctly serializes a complex graph with both deps and conflicts
    ok 1 - correctly serializes a complex graph with both deps and conflicts
      ---
      duration_ms: 0.5756
      ...
    1..1
ok 104 - resolveDependencyGraph ÔÇö combined explicit deps and conflicts
  ---
  duration_ms: 0.72
  type: 'suite'
  ...
# Subtest: enum exports
    # Subtest: GRAPH_STATUS is frozen and contains required values
    ok 1 - GRAPH_STATUS is frozen and contains required values
      ---
      duration_ms: 0.2759
      ...
    # Subtest: GRAPH_REASON is frozen and contains required values
    ok 2 - GRAPH_REASON is frozen and contains required values
      ---
      duration_ms: 0.4502
      ...
    # Subtest: GATE_REASON is frozen and contains required values
    ok 3 - GATE_REASON is frozen and contains required values
      ---
      duration_ms: 0.1368
      ...
    # Subtest: CONFLICT_REASON is frozen and contains required values
    ok 4 - CONFLICT_REASON is frozen and contains required values
      ---
      duration_ms: 0.0916
      ...
    # Subtest: TASK_ERROR_CODE is frozen and contains required values
    ok 5 - TASK_ERROR_CODE is frozen and contains required values
      ---
      duration_ms: 0.0963
      ...
    1..5
ok 105 - enum exports
  ---
  duration_ms: 1.5883
  type: 'suite'
  ...
# Subtest: BLOCKING_REASON_CLASS enum
    # Subtest: is frozen and contains all required values
    ok 1 - is frozen and contains all required values
      ---
      duration_ms: 1.3843
      ...
    1..1
ok 106 - BLOCKING_REASON_CLASS enum
  ---
  duration_ms: 3.0321
  type: 'suite'
  ...
# Subtest: NEXT_ACTION enum
    # Subtest: is frozen and contains all required values
    ok 1 - is frozen and contains all required values
      ---
      duration_ms: 0.2255
      ...
    1..1
ok 107 - NEXT_ACTION enum
  ---
  duration_ms: 0.4358
  type: 'suite'
  ...
# Subtest: computeTaskFingerprint
    # Subtest: returns a 16-char lowercase hex string
    ok 1 - returns a 16-char lowercase hex string
      ---
      duration_ms: 1.5125
      ...
    # Subtest: is deterministic: same inputs always produce the same fingerprint
    ok 2 - is deterministic: same inputs always produce the same fingerprint
      ---
      duration_ms: 0.2117
      ...
    # Subtest: differs when role changes
    ok 3 - differs when role changes
      ---
      duration_ms: 0.2443
      ...
    # Subtest: differs when task changes
    ok 4 - differs when task changes
      ---
      duration_ms: 0.1901
      ...
    1..4
ok 108 - computeTaskFingerprint
  ---
  duration_ms: 2.6814
  type: 'suite'
  ...
# Subtest: buildEscalationPayload
    # Subtest: returns a valid payload for correct inputs
    ok 1 - returns a valid payload for correct inputs
      ---
      duration_ms: 1.7705
      ...
    # Subtest: returns MISSING_FIELD for absent role
    ok 2 - returns MISSING_FIELD for absent role
      ---
      duration_ms: 0.4166
      ...
    # Subtest: returns MISSING_FIELD for absent task
    ok 3 - returns MISSING_FIELD for absent task
      ---
      duration_ms: 0.2859
      ...
    # Subtest: returns MISSING_FIELD for absent blockingReasonClass
    ok 4 - returns MISSING_FIELD for absent blockingReasonClass
      ---
      duration_ms: 0.2537
      ...
    # Subtest: returns MISSING_FIELD for absent attempts
    ok 5 - returns MISSING_FIELD for absent attempts
      ---
      duration_ms: 1.3001
      ...
    # Subtest: returns MISSING_FIELD for absent nextAction
    ok 6 - returns MISSING_FIELD for absent nextAction
      ---
      duration_ms: 0.6368
      ...
    # Subtest: returns INVALID_VALUE for unknown blockingReasonClass
    ok 7 - returns INVALID_VALUE for unknown blockingReasonClass
      ---
      duration_ms: 0.1951
      ...
    # Subtest: returns INVALID_VALUE for unknown nextAction
    ok 8 - returns INVALID_VALUE for unknown nextAction
      ---
      duration_ms: 0.1664
      ...
    # Subtest: returns INVALID_VALUE for negative attempts
    ok 9 - returns INVALID_VALUE for negative attempts
      ---
      duration_ms: 0.1608
      ...
    # Subtest: returns INVALID_VALUE for non-finite attempts
    ok 10 - returns INVALID_VALUE for non-finite attempts
      ---
      duration_ms: 0.1686
      ...
    # Subtest: distinguishes MISSING_FIELD from INVALID_VALUE for blockingReasonClass
    ok 11 - distinguishes MISSING_FIELD from INVALID_VALUE for blockingReasonClass
      ---
      duration_ms: 0.2961
      ...
    1..11
ok 109 - buildEscalationPayload
  ---
  duration_ms: 13.8824
  type: 'suite'
  ...
# Subtest: sortEscalationQueue
    # Subtest: sorts by attempts descending as primary key
    ok 1 - sorts by attempts descending as primary key
      ---
      duration_ms: 0.4725
      ...
    # Subtest: breaks ties by createdAt ascending (oldest first)
    ok 2 - breaks ties by createdAt ascending (oldest first)
      ---
      duration_ms: 0.4852
      ...
    # Subtest: excludes resolved entries
    ok 3 - excludes resolved entries
      ---
      duration_ms: 0.1493
      ...
    # Subtest: returns empty array when all entries are resolved
    ok 4 - returns empty array when all entries are resolved
      ---
      duration_ms: 0.6564
      ...
    # Subtest: returns empty array for empty input
    ok 5 - returns empty array for empty input
      ---
      duration_ms: 0.1302
      ...
    1..5
ok 110 - sortEscalationQueue
  ---
  duration_ms: 2.1692
  type: 'suite'
  ...
# Subtest: appendEscalation (dedup and persistence)
    # Subtest: appends a valid escalation and returns { appended: true }
    ok 1 - appends a valid escalation and returns { appended: true }
      ---
      duration_ms: 8.5553
      ...
    # Subtest: rejects duplicate within cooldown window
    ok 2 - rejects duplicate within cooldown window
      ---
      duration_ms: 24.0267
      ...
    # Subtest: allows same fingerprint after cooldown window expires
    ok 3 - allows same fingerprint after cooldown window expires
      ---
      duration_ms: 59.1412
      ...
    # Subtest: rejects with MISSING_FIELD if required field is absent
    ok 4 - rejects with MISSING_FIELD if required field is absent
      ---
      duration_ms: 0.24
      ...
    # Subtest: rejects with INVALID_VALUE if blockingReasonClass is unrecognised
    ok 5 - rejects with INVALID_VALUE if blockingReasonClass is unrecognised
      ---
      duration_ms: 0.1772
      ...
    # Subtest: persists schema version 1 in the file
    ok 6 - persists schema version 1 in the file
      ---
      duration_ms: 44.1335
      ...
    # Subtest: persists all required schema fields
    ok 7 - persists all required schema fields
      ---
      duration_ms: 34.9576
      ...
    # Subtest: does not write to file when input is invalid
    ok 8 - does not write to file when input is invalid
      ---
      duration_ms: 17.9389
      ...
    1..8
ok 111 - appendEscalation (dedup and persistence)
  ---
  duration_ms: 235.3664
  type: 'suite'
  ...
# Subtest: getEscalationStats
    # Subtest: returns zeros when queue is empty
    ok 1 - returns zeros when queue is empty
      ---
      duration_ms: 0.7816
      ...
    # Subtest: returns correct count and age after appending an escalation
    ok 2 - returns correct count and age after appending an escalation
      ---
      duration_ms: 30.2929
      ...
    # Subtest: does not count resolved entries
    ok 3 - does not count resolved entries
      ---
      duration_ms: 22.3363
      ...
    1..3
ok 112 - getEscalationStats
  ---
  duration_ms: 66.8168
  type: 'suite'
  ...
# Subtest: DEFAULT_ESCALATION_COOLDOWN_MS
    # Subtest: equals 3600000 ms (1 hour)
    ok 1 - equals 3600000 ms (1 hour)
      ---
      duration_ms: 0.284
      ...
    1..1
ok 113 - DEFAULT_ESCALATION_COOLDOWN_MS
  ---
  duration_ms: 0.5309
  type: 'suite'
  ...
# [box][error] [emitEvent] failed to emit event 'box.v1.billing.usageRecorded': buildEvent: invalid event ÔÇö correlationId must be a non-empty string { code: 'EMPTY_CORRELATION_ID', status: 'degraded' }
# Subtest: AC1/AC11: Event name versioning
    # Subtest: EVENT_NAME_PATTERN is a testable regex
    ok 1 - EVENT_NAME_PATTERN is a testable regex
      ---
      duration_ms: 1.1438
      ...
    # Subtest: all canonical event names match EVENT_NAME_PATTERN
    ok 2 - all canonical event names match EVENT_NAME_PATTERN
      ---
      duration_ms: 0.3979
      ...
    # Subtest: event names follow the box.v<N>.<domain>.<action> convention
    ok 3 - event names follow the box.v<N>.<domain>.<action> convention
      ---
      duration_ms: 0.4498
      ...
    # Subtest: EVENT_SCHEMA_VERSION is a positive integer
    ok 4 - EVENT_SCHEMA_VERSION is a positive integer
      ---
      duration_ms: 0.1833
      ...
    # Subtest: buildEvent stamps version = EVENT_SCHEMA_VERSION on every event
    ok 5 - buildEvent stamps version = EVENT_SCHEMA_VERSION on every event
      ---
      duration_ms: 1.2897
      ...
    # Subtest: VALID_EVENT_NAMES is a frozen Set matching EVENTS values
    ok 6 - VALID_EVENT_NAMES is a frozen Set matching EVENTS values
      ---
      duration_ms: 0.2663
      ...
    1..6
ok 114 - AC1/AC11: Event name versioning
  ---
  duration_ms: 5.3943
  type: 'suite'
  ...
# Subtest: AC2/AC12: Major loop steps are enumerated
    # Subtest: ORCHESTRATION_LOOP_STEPS is a non-empty frozen array
    ok 1 - ORCHESTRATION_LOOP_STEPS is a non-empty frozen array
      ---
      duration_ms: 0.4505
      ...
    # Subtest: ORCHESTRATION_LOOP_STEPS matches PIPELINE_STAGE_ENUM exactly (completeness test)
    ok 2 - ORCHESTRATION_LOOP_STEPS matches PIPELINE_STAGE_ENUM exactly (completeness test)
      ---
      duration_ms: 1.0143
      ...
    # Subtest: ORCHESTRATION_STAGE_ENTERED event can be built with a correlationId
    ok 3 - ORCHESTRATION_STAGE_ENTERED event can be built with a correlationId
      ---
      duration_ms: 0.4828
      ...
    # Subtest: all ORCHESTRATION_LOOP_STEPS are strings
    ok 4 - all ORCHESTRATION_LOOP_STEPS are strings
      ---
      duration_ms: 0.2937
      ...
    1..4
ok 115 - AC2/AC12: Major loop steps are enumerated
  ---
  duration_ms: 2.6262
  type: 'suite'
  ...
# Subtest: AC3/AC13: Dashboard uses typed event consumption (no free-form parsing)
    # Subtest: consumeTypedEvent rejects a plain free-form string
    ok 1 - consumeTypedEvent rejects a plain free-form string
      ---
      duration_ms: 0.4629
      ...
    # Subtest: consumeTypedEvent rejects null input
    ok 2 - consumeTypedEvent rejects null input
      ---
      duration_ms: 0.2146
      ...
    # Subtest: consumeTypedEvent accepts a valid typed event object
    ok 3 - consumeTypedEvent accepts a valid typed event object
      ---
      duration_ms: 0.3377
      ...
    # Subtest: consumeTypedEvent accepts a valid typed event as JSON string
    ok 4 - consumeTypedEvent accepts a valid typed event as JSON string
      ---
      duration_ms: 0.2249
      ...
    # Subtest: isTypedEventForDomain returns false for wrong domain
    ok 5 - isTypedEventForDomain returns false for wrong domain
      ---
      duration_ms: 0.2337
      ...
    # Subtest: VALID_EVENT_NAMES is the enforcement gate ÔÇö unknown event is rejected
    ok 6 - VALID_EVENT_NAMES is the enforcement gate ÔÇö unknown event is rejected
      ---
      duration_ms: 0.2563
      ...
    1..6
ok 116 - AC3/AC13: Dashboard uses typed event consumption (no free-form parsing)
  ---
  duration_ms: 2.0751
  type: 'suite'
  ...
# Subtest: AC4/AC14: Sampling strategy documentation CI check
    # Subtest: docs/sampling_strategy.md exists
    ok 1 - docs/sampling_strategy.md exists
      ---
      duration_ms: 0.4594
      ...
    # Subtest: sampling_strategy.md contains required section: '\#\# 1. Purpose'
    ok 2 - sampling_strategy.md contains required section: '\#\# 1. Purpose'
      ---
      duration_ms: 0.4755
      ...
    # Subtest: sampling_strategy.md contains required section: '\#\# 2. Sampling Strategy'
    ok 3 - sampling_strategy.md contains required section: '\#\# 2. Sampling Strategy'
      ---
      duration_ms: 0.2717
      ...
    # Subtest: sampling_strategy.md contains required section: '\#\# 3. Domains and Event Rates'
    ok 4 - sampling_strategy.md contains required section: '\#\# 3. Domains and Event Rates'
      ---
      duration_ms: 0.2261
      ...
    # Subtest: sampling_strategy.md contains required section: '\#\# 4. Sensitive Field Handling'
    ok 5 - sampling_strategy.md contains required section: '\#\# 4. Sensitive Field Handling'
      ---
      duration_ms: 0.2541
      ...
    # Subtest: sampling_strategy.md contains required section: '\#\# 5. CI Completeness Check'
    ok 6 - sampling_strategy.md contains required section: '\#\# 5. CI Completeness Check'
      ---
      duration_ms: 0.2424
      ...
    1..6
ok 117 - AC4/AC14: Sampling strategy documentation CI check
  ---
  duration_ms: 2.262
  type: 'suite'
  ...
# Subtest: AC5/AC15: Sensitive field denylist ÔÇö positive coverage
    # Subtest: SENSITIVE_FIELD_DENYLIST is a non-empty frozen array
    ok 1 - SENSITIVE_FIELD_DENYLIST is a non-empty frozen array
      ---
      duration_ms: 0.3955
      ...
    # Subtest: REDACTED sentinel is a non-empty string
    ok 2 - REDACTED sentinel is a non-empty string
      ---
      duration_ms: 0.164
      ...
    # Subtest: SENSITIVE_FIELD_DENYLIST includes 'token'
    ok 3 - SENSITIVE_FIELD_DENYLIST includes 'token'
      ---
      duration_ms: 0.1059
      ...
    # Subtest: SENSITIVE_FIELD_DENYLIST includes 'apikey'
    ok 4 - SENSITIVE_FIELD_DENYLIST includes 'apikey'
      ---
      duration_ms: 0.3281
      ...
    # Subtest: SENSITIVE_FIELD_DENYLIST includes 'secret'
    ok 5 - SENSITIVE_FIELD_DENYLIST includes 'secret'
      ---
      duration_ms: 0.1897
      ...
    # Subtest: SENSITIVE_FIELD_DENYLIST includes 'password'
    ok 6 - SENSITIVE_FIELD_DENYLIST includes 'password'
      ---
      duration_ms: 0.4326
      ...
    # Subtest: SENSITIVE_FIELD_DENYLIST includes 'authorization'
    ok 7 - SENSITIVE_FIELD_DENYLIST includes 'authorization'
      ---
      duration_ms: 0.1392
      ...
    # Subtest: SENSITIVE_FIELD_DENYLIST includes 'bearer'
    ok 8 - SENSITIVE_FIELD_DENYLIST includes 'bearer'
      ---
      duration_ms: 0.0948
      ...
    # Subtest: SENSITIVE_FIELD_DENYLIST includes 'credential'
    ok 9 - SENSITIVE_FIELD_DENYLIST includes 'credential'
      ---
      duration_ms: 0.0969
      ...
    # Subtest: SENSITIVE_FIELD_DENYLIST includes 'accesstoken'
    ok 10 - SENSITIVE_FIELD_DENYLIST includes 'accesstoken'
      ---
      duration_ms: 1.7299
      ...
    # Subtest: SENSITIVE_FIELD_DENYLIST includes 'refreshtoken'
    ok 11 - SENSITIVE_FIELD_DENYLIST includes 'refreshtoken'
      ---
      duration_ms: 0.2216
      ...
    # Subtest: SENSITIVE_FIELD_DENYLIST includes 'privatekey'
    ok 12 - SENSITIVE_FIELD_DENYLIST includes 'privatekey'
      ---
      duration_ms: 0.2067
      ...
    # Subtest: SENSITIVE_FIELD_DENYLIST includes 'github_token'
    ok 13 - SENSITIVE_FIELD_DENYLIST includes 'github_token'
      ---
      duration_ms: 0.0954
      ...
    # Subtest: SENSITIVE_FIELD_DENYLIST includes 'anthropic_api_key'
    ok 14 - SENSITIVE_FIELD_DENYLIST includes 'anthropic_api_key'
      ---
      duration_ms: 0.135
      ...
    # Subtest: redactSensitiveFields replaces all denylist keys with REDACTED
    ok 15 - redactSensitiveFields replaces all denylist keys with REDACTED
      ---
      duration_ms: 1.8335
      ...
    # Subtest: redactSensitiveFields is case-insensitive (uppercase variant redacted)
    ok 16 - redactSensitiveFields is case-insensitive (uppercase variant redacted)
      ---
      duration_ms: 0.3471
      ...
    # Subtest: redactSensitiveFields passes non-sensitive fields through unchanged
    ok 17 - redactSensitiveFields passes non-sensitive fields through unchanged
      ---
      duration_ms: 0.3613
      ...
    1..17
ok 118 - AC5/AC15: Sensitive field denylist ÔÇö positive coverage
  ---
  duration_ms: 8.3884
  type: 'suite'
  ...
# Subtest: AC5 negative path: secret fields never reach emitted payload
    # Subtest: buildEvent redacts 'token' field from payload ÔÇö token value is not in result
    ok 1 - buildEvent redacts 'token' field from payload ÔÇö token value is not in result
      ---
      duration_ms: 0.4371
      ...
    # Subtest: buildEvent redacts 'apikey' field ÔÇö secret value is not in result
    ok 2 - buildEvent redacts 'apikey' field ÔÇö secret value is not in result
      ---
      duration_ms: 0.3253
      ...
    # Subtest: buildEvent redacts 'github_token' ÔÇö secret value is not in result
    ok 3 - buildEvent redacts 'github_token' ÔÇö secret value is not in result
      ---
      duration_ms: 0.2718
      ...
    # Subtest: emitEvent with sensitive payload does not throw (degraded behavior is explicit)
    ok 4 - emitEvent with sensitive payload does not throw (degraded behavior is explicit)
      ---
      duration_ms: 3.2246
      ...
    1..4
ok 119 - AC5 negative path: secret fields never reach emitted payload
  ---
  duration_ms: 4.5143
  type: 'suite'
  ...
# Subtest: AC7/AC9: validateEvent distinguishes missing vs invalid input
    # Subtest: null input ÔåÆ MISSING_INPUT code
    ok 1 - null input ÔåÆ MISSING_INPUT code
      ---
      duration_ms: 0.2214
      ...
    # Subtest: undefined input ÔåÆ MISSING_INPUT code
    ok 2 - undefined input ÔåÆ MISSING_INPUT code
      ---
      duration_ms: 0.3259
      ...
    # Subtest: missing required field ÔåÆ MISSING_FIELD code (not MISSING_INPUT)
    ok 3 - missing required field ÔåÆ MISSING_FIELD code (not MISSING_INPUT)
      ---
      duration_ms: 0.1687
      ...
    # Subtest: empty correlationId ÔåÆ EMPTY_CORRELATION_ID code
    ok 4 - empty correlationId ÔåÆ EMPTY_CORRELATION_ID code
      ---
      duration_ms: 0.1952
      ...
    # Subtest: invalid domain ÔåÆ INVALID_DOMAIN code (not MISSING_FIELD)
    ok 5 - invalid domain ÔåÆ INVALID_DOMAIN code (not MISSING_FIELD)
      ---
      duration_ms: 0.258
      ...
    # Subtest: wrong version ÔåÆ WRONG_VERSION code
    ok 6 - wrong version ÔåÆ WRONG_VERSION code
      ---
      duration_ms: 0.2648
      ...
    # Subtest: all codes are distinct (no aliasing)
    ok 7 - all codes are distinct (no aliasing)
      ---
      duration_ms: 0.1225
      ...
    1..7
ok 120 - AC7/AC9: validateEvent distinguishes missing vs invalid input
  ---
  duration_ms: 1.8563
  type: 'suite'
  ...
# Subtest: AC8/AC16: EVENT_SHAPE_SCHEMA defines required fields and enums
    # Subtest: is frozen
    ok 1 - is frozen
      ---
      duration_ms: 0.3173
      ...
    # Subtest: required array includes all 6 envelope fields
    ok 2 - required array includes all 6 envelope fields
      ---
      duration_ms: 0.1959
      ...
    # Subtest: domainEnum lists all EVENT_DOMAIN values
    ok 3 - domainEnum lists all EVENT_DOMAIN values
      ---
      duration_ms: 0.1899
      ...
    # Subtest: versionValue equals EVENT_SCHEMA_VERSION
    ok 4 - versionValue equals EVENT_SCHEMA_VERSION
      ---
      duration_ms: 0.1013
      ...
    1..4
ok 121 - AC8/AC16: EVENT_SHAPE_SCHEMA defines required fields and enums
  ---
  duration_ms: 1.0438
  type: 'suite'
  ...
# Subtest: AC10: No silent fallback ÔÇö degraded state is explicit
    # Subtest: buildEvent throws with explicit code on invalid event name
    ok 1 - buildEvent throws with explicit code on invalid event name
      ---
      duration_ms: 0.2163
      ...
    # Subtest: buildEvent throws with EMPTY_CORRELATION_ID when correlationId is empty
    ok 2 - buildEvent throws with EMPTY_CORRELATION_ID when correlationId is empty
      ---
      duration_ms: 0.2164
      ...
    # Subtest: validateEvent returns ok=false on bad payload type (array)
    ok 3 - validateEvent returns ok=false on bad payload type (array)
      ---
      duration_ms: 0.2063
      ...
    1..3
ok 122 - AC10: No silent fallback ÔÇö degraded state is explicit
  ---
  duration_ms: 0.7612
  type: 'suite'
  ...
# Subtest: AC6/AC17: All primary ACs have deterministic test coverage (meta check)
    # Subtest: this file imports from event_schema.js (confirms schema file exists)
    ok 1 - this file imports from event_schema.js (confirms schema file exists)
      ---
      duration_ms: 0.1586
      ...
    # Subtest: this file imports from live_dashboard.js (confirms typed event consumer exists)
    ok 2 - this file imports from live_dashboard.js (confirms typed event consumer exists)
      ---
      duration_ms: 0.1039
      ...
    # Subtest: this file imports emitEvent from logger.js (confirms logger integration)
    ok 3 - this file imports emitEvent from logger.js (confirms logger integration)
      ---
      duration_ms: 0.1557
      ...
    1..3
ok 123 - AC6/AC17: All primary ACs have deterministic test coverage (meta check)
  ---
  duration_ms: 0.5527
  type: 'suite'
  ...
# Subtest: AC18: Risk level acknowledgement
    # Subtest: state_tracker.js and logger.js changes are tested by this suite (risk=HIGH acknowledged)
    ok 1 - state_tracker.js and logger.js changes are tested by this suite (risk=HIGH acknowledged)
      ---
      duration_ms: 0.1114
      ...
    1..1
ok 124 - AC18: Risk level acknowledgement
  ---
  duration_ms: 0.2003
  type: 'suite'
  ...
# Subtest: assessStatusCheckRollup
    # Subtest: passes when all checks are successful
    ok 1 - passes when all checks are successful
      ---
      duration_ms: 5.017
      ...
    # Subtest: fails when at least one check fails
    ok 2 - fails when at least one check fails
      ---
      duration_ms: 0.4646
      ...
    # Subtest: treats non-completed checks as pending
    ok 3 - treats non-completed checks as pending
      ---
      duration_ms: 0.2804
      ...
    1..3
ok 125 - assessStatusCheckRollup
  ---
  duration_ms: 7.7824
  type: 'suite'
  ...
# Subtest: Athena pre-review hardening
    # Subtest: retries when Athena rejection indicates measurability/schema ambiguity
    ok 1 - retries when Athena rejection indicates measurability/schema ambiguity
      ---
      duration_ms: 0.4668
      ...
    # Subtest: does not retry for non-quality operational rejections
    ok 2 - does not retry for non-quality operational rejections
      ---
      duration_ms: 0.8149
      ...
    # Subtest: appends deterministic hardening criteria and safe verification commands
    ok 3 - appends deterministic hardening criteria and safe verification commands
      ---
      duration_ms: 16.5521
      ...
    1..3
ok 126 - Athena pre-review hardening
  ---
  duration_ms: 18.6614
  type: 'suite'
  ...
# Subtest: Athena pre-review halt policy
    # Subtest: continues by default when pre-review is rejected
    ok 1 - continues by default when pre-review is rejected
      ---
      duration_ms: 0.3605
      ...
    # Subtest: halts only when explicitly enabled
    ok 2 - halts only when explicitly enabled
      ---
      duration_ms: 0.1539
      ...
    1..2
ok 127 - Athena pre-review halt policy
  ---
  duration_ms: 0.8779
  type: 'suite'
  ...
# Subtest: Prometheus task repair
    # Subtest: repairs missing critical fields with deterministic defaults
    ok 1 - repairs missing critical fields with deterministic defaults
      ---
      duration_ms: 3.0678
      ...
    # Subtest: normalizes non-string entries and keeps commands runnable
    ok 2 - normalizes non-string entries and keeps commands runnable
      ---
      duration_ms: 2.2453
      ...
    1..2
ok 128 - Prometheus task repair
  ---
  duration_ms: 5.7577
  type: 'suite'
  ...
# Subtest: Athena missing-item injection
    # Subtest: adds Athena issues into task scope and acceptance criteria
    ok 1 - adds Athena issues into task scope and acceptance criteria
      ---
      duration_ms: 0.8594
      ...
    # Subtest: falls back to reason text when issue list is missing
    ok 2 - falls back to reason text when issue list is missing
      ---
      duration_ms: 0.2621
      ...
    1..2
ok 129 - Athena missing-item injection
  ---
  duration_ms: 1.4756
  type: 'suite'
  ...
# Subtest: VALID_STATUSES (AC4, AC8)
    # Subtest: contains the four required status values
    ok 1 - contains the four required status values
      ---
      duration_ms: 0.9669
      ...
    # Subtest: does not contain non-standard values
    ok 2 - does not contain non-standard values
      ---
      duration_ms: 0.2111
      ...
    1..2
ok 130 - VALID_STATUSES (AC4, AC8)
  ---
  duration_ms: 2.403
  type: 'suite'
  ...
# Subtest: VALID_STOP_CONDITION_TYPES (AC8)
    # Subtest: contains all four required stop condition types
    ok 1 - contains all four required stop condition types
      ---
      duration_ms: 0.1782
      ...
    1..1
ok 131 - VALID_STOP_CONDITION_TYPES (AC8)
  ---
  duration_ms: 0.3134
  type: 'suite'
  ...
# Subtest: validateExperiment ÔÇö happy path (AC5, AC8)
    # Subtest: accepts a fully valid experiment definition
    ok 1 - accepts a fully valid experiment definition
      ---
      duration_ms: 0.9439
      ...
    # Subtest: accepts all valid status values
    ok 2 - accepts all valid status values
      ---
      duration_ms: 0.5228
      ...
    # Subtest: accepts all valid stop condition types
    ok 3 - accepts all valid stop condition types
      ---
      duration_ms: 0.4303
      ...
    1..3
ok 132 - validateExperiment ÔÇö happy path (AC5, AC8)
  ---
  duration_ms: 3.0291
  type: 'suite'
  ...
# Subtest: validateExperiment ÔÇö missing fields (AC5, AC9: MISSING_FIELD code)
    # Subtest: rejects null input
    ok 1 - rejects null input
      ---
      duration_ms: 0.523
      ...
    # Subtest: rejects missing experimentId
    ok 2 - rejects missing experimentId
      ---
      duration_ms: 0.3722
      ...
    # Subtest: rejects missing hypothesisId
    ok 3 - rejects missing hypothesisId
      ---
      duration_ms: 0.286
      ...
    # Subtest: rejects missing interventionId
    ok 4 - rejects missing interventionId
      ---
      duration_ms: 0.3302
      ...
    # Subtest: rejects missing disproveCriteria
    ok 5 - rejects missing disproveCriteria
      ---
      duration_ms: 0.2208
      ...
    # Subtest: rejects missing rollbackPlan
    ok 6 - rejects missing rollbackPlan
      ---
      duration_ms: 0.3049
      ...
    # Subtest: rejects missing baselineWindow
    ok 7 - rejects missing baselineWindow
      ---
      duration_ms: 1.3665
      ...
    # Subtest: rejects missing baselineWindow.startAt
    ok 8 - rejects missing baselineWindow.startAt
      ---
      duration_ms: 1.9876
      ...
    # Subtest: rejects missing baselineWindow.durationHours
    ok 9 - rejects missing baselineWindow.durationHours
      ---
      duration_ms: 0.3925
      ...
    # Subtest: rejects missing stopConditions
    ok 10 - rejects missing stopConditions
      ---
      duration_ms: 1.4211
      ...
    # Subtest: rejects missing interventionScope
    ok 11 - rejects missing interventionScope
      ---
      duration_ms: 0.3024
      ...
    # Subtest: rejects missing status
    ok 12 - rejects missing status
      ---
      duration_ms: 0.4209
      ...
    # Subtest: rejects missing stopCondition type
    ok 13 - rejects missing stopCondition type
      ---
      duration_ms: 0.3424
      ...
    # Subtest: rejects missing stopCondition value
    ok 14 - rejects missing stopCondition value
      ---
      duration_ms: 0.2909
      ...
    1..14
ok 133 - validateExperiment ÔÇö missing fields (AC5, AC9: MISSING_FIELD code)
  ---
  duration_ms: 9.5067
  type: 'suite'
  ...
# Subtest: validateExperiment ÔÇö invalid values (AC5, AC9: INVALID_VALUE code)
    # Subtest: rejects empty string experimentId
    ok 1 - rejects empty string experimentId
      ---
      duration_ms: 0.3507
      ...
    # Subtest: rejects invalid status value
    ok 2 - rejects invalid status value
      ---
      duration_ms: 0.2039
      ...
    # Subtest: rejects invalid baselineWindow.startAt (non-ISO)
    ok 3 - rejects invalid baselineWindow.startAt (non-ISO)
      ---
      duration_ms: 0.2631
      ...
    # Subtest: rejects invalid baselineWindow.endAt (non-ISO, non-null)
    ok 4 - rejects invalid baselineWindow.endAt (non-ISO, non-null)
      ---
      duration_ms: 0.5028
      ...
    # Subtest: rejects zero durationHours
    ok 5 - rejects zero durationHours
      ---
      duration_ms: 0.2467
      ...
    # Subtest: rejects empty stopConditions array
    ok 6 - rejects empty stopConditions array
      ---
      duration_ms: 0.6074
      ...
    # Subtest: rejects unknown stop condition type
    ok 7 - rejects unknown stop condition type
      ---
      duration_ms: 0.6411
      ...
    # Subtest: rejects empty interventionScope array
    ok 8 - rejects empty interventionScope array
      ---
      duration_ms: 0.2839
      ...
    # Subtest: rejects array input as root
    ok 9 - rejects array input as root
      ---
      duration_ms: 0.1666
      ...
    1..9
ok 134 - validateExperiment ÔÇö invalid values (AC5, AC9: INVALID_VALUE code)
  ---
  duration_ms: 4.6374
  type: 'suite'
  ...
# Subtest: buildExperimentId
    # Subtest: returns a string prefixed with 'exp-'
    ok 1 - returns a string prefixed with 'exp-'
      ---
      duration_ms: 2.2529
      ...
    # Subtest: is deterministic for the same inputs
    ok 2 - is deterministic for the same inputs
      ---
      duration_ms: 0.1726
      ...
    # Subtest: produces different IDs for different treatment groups
    ok 3 - produces different IDs for different treatment groups
      ---
      duration_ms: 0.1788
      ...
    # Subtest: produces different IDs for different interventions
    ok 4 - produces different IDs for different interventions
      ---
      duration_ms: 0.1499
      ...
    1..4
ok 135 - buildExperimentId
  ---
  duration_ms: 2.9495
  type: 'suite'
  ...
# Subtest: detectConflicts ÔÇö config-path overlap (AC3)
    # Subtest: reports no conflict when no experiments are running
    ok 1 - reports no conflict when no experiments are running
      ---
      duration_ms: 0.9745
      ...
    # Subtest: reports no conflict when running experiment has no overlapping paths
    ok 2 - reports no conflict when running experiment has no overlapping paths
      ---
      duration_ms: 0.2012
      ...
    # Subtest: detects conflict when running experiment shares a config path
    ok 3 - detects conflict when running experiment shares a config path
      ---
      duration_ms: 0.1592
      ...
    # Subtest: does not conflict with itself (self-transition to running)
    ok 4 - does not conflict with itself (self-transition to running)
      ---
      duration_ms: 0.1643
      ...
    # Subtest: ignores completed and planned experiments (not running)
    ok 5 - ignores completed and planned experiments (not running)
      ---
      duration_ms: 0.1582
      ...
    # Subtest: reports all conflicting experiments and deduplicated shared paths
    ok 6 - reports all conflicting experiments and deduplicated shared paths
      ---
      duration_ms: 0.1851
      ...
    1..6
ok 136 - detectConflicts ÔÇö config-path overlap (AC3)
  ---
  duration_ms: 2.1703
  type: 'suite'
  ...
# Subtest: registerExperiment (AC4, AC5)
    # Subtest: registers a valid planned experiment and persists it
    ok 1 - registers a valid planned experiment and persists it
      ---
      duration_ms: 57.675
      ...
    # Subtest: rejects registration of duplicate experimentId
    ok 2 - rejects registration of duplicate experimentId
      ---
      duration_ms: 21.2203
      ...
    # Subtest: rejects registration of invalid experiment (missing disproveCriteria)
    ok 3 - rejects registration of invalid experiment (missing disproveCriteria)
      ---
      duration_ms: 1.8054
      ...
    # Subtest: blocks registration in running state when config-path conflict exists (AC3)
    ok 4 - blocks registration in running state when config-path conflict exists (AC3)
      ---
      duration_ms: 31.9736
      ...
    1..4
ok 137 - registerExperiment (AC4, AC5)
  ---
  duration_ms: 113.138
  type: 'suite'
  ...
# Subtest: transitionExperiment ÔÇö valid transitions (AC4)
    # Subtest: transitions planned ÔåÆ running
    ok 1 - transitions planned ÔåÆ running
      ---
      duration_ms: 28.3341
      ...
    # Subtest: transitions running ÔåÆ completed
    ok 2 - transitions running ÔåÆ completed
      ---
      duration_ms: 60.2687
      ...
    # Subtest: transitions running ÔåÆ rolled_back
    ok 3 - transitions running ÔåÆ rolled_back
      ---
      duration_ms: 103.6525
      ...
    # Subtest: transitions completed ÔåÆ rolled_back
    ok 4 - transitions completed ÔåÆ rolled_back
      ---
      duration_ms: 124.3284
      ...
    1..4
ok 138 - transitionExperiment ÔÇö valid transitions (AC4)
  ---
  duration_ms: 317.0791
  type: 'suite'
  ...
# Subtest: transitionExperiment ÔÇö invalid transitions (AC4, negative paths)
    # Subtest: rejects planned ÔåÆ completed (invalid leap)
    ok 1 - rejects planned ÔåÆ completed (invalid leap)
      ---
      duration_ms: 43.5091
      ...
    # Subtest: rejects rolled_back ÔåÆ running (terminal status)
    ok 2 - rejects rolled_back ÔåÆ running (terminal status)
      ---
      duration_ms: 109.7906
      ...
    # Subtest: rejects transition for non-existent experimentId
    ok 3 - rejects transition for non-existent experimentId
      ---
      duration_ms: 9.4433
      ...
    # Subtest: rejects transition with missing experimentId
    ok 4 - rejects transition with missing experimentId
      ---
      duration_ms: 4.6411
      ...
    # Subtest: rejects transition with invalid newStatus
    ok 5 - rejects transition with invalid newStatus
      ---
      duration_ms: 37.4962
      ...
    # Subtest: blocks transition to running when config-path conflict exists (AC3)
    ok 6 - blocks transition to running when config-path conflict exists (AC3)
      ---
      duration_ms: 108.7068
      ...
    1..6
ok 139 - transitionExperiment ÔÇö invalid transitions (AC4, negative paths)
  ---
  duration_ms: 314.381
  type: 'suite'
  ...
# Subtest: getRunningExperimentsForPath (AC1)
    # Subtest: returns IDs of running experiments that cover the path
    ok 1 - returns IDs of running experiments that cover the path
      ---
      duration_ms: 0.7762
      ...
    # Subtest: returns empty array when no running experiment covers the path
    ok 2 - returns empty array when no running experiment covers the path
      ---
      duration_ms: 0.1471
      ...
    # Subtest: returns empty array for an empty registry
    ok 3 - returns empty array for an empty registry
      ---
      duration_ms: 0.0905
      ...
    # Subtest: returns multiple IDs when multiple running experiments cover the path
    ok 4 - returns multiple IDs when multiple running experiments cover the path
      ---
      duration_ms: 0.0971
      ...
    1..4
ok 140 - getRunningExperimentsForPath (AC1)
  ---
  duration_ms: 1.2742
  type: 'suite'
  ...
# Subtest: getExperimentsByStatus (AC4)
    # Subtest: returns experiments with the requested status
    ok 1 - returns experiments with the requested status
      ---
      duration_ms: 0.1786
      ...
    # Subtest: returns empty array when no experiments match the status
    ok 2 - returns empty array when no experiments match the status
      ---
      duration_ms: 0.1009
      ...
    1..2
ok 141 - getExperimentsByStatus (AC4)
  ---
  duration_ms: 0.3545
  type: 'suite'
  ...
# Subtest: loadRegistry / saveRegistry (AC8 schema)
    # Subtest: returns default structure when no file exists
    ok 1 - returns default structure when no file exists
      ---
      duration_ms: 19.2074
      ...
    # Subtest: persists and reloads registry correctly
    ok 2 - persists and reloads registry correctly
      ---
      duration_ms: 39.2248
      ...
    1..2
ok 142 - loadRegistry / saveRegistry (AC8 schema)
  ---
  duration_ms: 58.9426
  type: 'suite'
  ...
# Subtest: disproveCriteria and rollbackPlan enforcement (AC2)
    # Subtest: rejects experiment without disproveCriteria
    ok 1 - rejects experiment without disproveCriteria
      ---
      duration_ms: 0.4181
      ...
    # Subtest: rejects experiment without rollbackPlan
    ok 2 - rejects experiment without rollbackPlan
      ---
      duration_ms: 0.1506
      ...
    # Subtest: accepts experiment with both disproveCriteria and rollbackPlan present
    ok 3 - accepts experiment with both disproveCriteria and rollbackPlan present
      ---
      duration_ms: 0.1747
      ...
    1..3
ok 143 - disproveCriteria and rollbackPlan enforcement (AC2)
  ---
  duration_ms: 0.9648
  type: 'suite'
  ...
# Subtest: full experiment lifecycle (AC4)
    # Subtest: runs a complete plannedÔåÆrunningÔåÆcompleted lifecycle
    ok 1 - runs a complete plannedÔåÆrunningÔåÆcompleted lifecycle
      ---
      duration_ms: 118.3498
      ...
    # Subtest: runs a plannedÔåÆrunningÔåÆrolled_back lifecycle with reason
    ok 2 - runs a plannedÔåÆrunningÔåÆrolled_back lifecycle with reason
      ---
      duration_ms: 84.9364
      ...
    1..2
ok 144 - full experiment lifecycle (AC4)
  ---
  duration_ms: 203.5827
  type: 'suite'
  ...
# Subtest: FAILURE_CLASS enum
    # Subtest: is frozen and contains exactly six values
    ok 1 - is frozen and contains exactly six values
      ---
      duration_ms: 1.2462
      ...
    1..1
ok 145 - FAILURE_CLASS enum
  ---
  duration_ms: 2.6538
  type: 'suite'
  ...
# Subtest: LOW_CONFIDENCE_THRESHOLD
    # Subtest: is exactly 0.6
    ok 1 - is exactly 0.6
      ---
      duration_ms: 0.2386
      ...
    # Subtest: classifyFailure sets flagged=true when confidence < 0.6
    ok 2 - classifyFailure sets flagged=true when confidence < 0.6
      ---
      duration_ms: 1.6628
      ...
    # Subtest: classifyFailure sets flagged=false when confidence >= 0.6
    ok 3 - classifyFailure sets flagged=false when confidence >= 0.6
      ---
      duration_ms: 0.2287
      ...
    1..3
ok 146 - LOW_CONFIDENCE_THRESHOLD
  ---
  duration_ms: 2.3894
  type: 'suite'
  ...
# Subtest: FAILURE_CLASSIFIER_SCHEMA_VERSION
    # Subtest: is the integer 1
    ok 1 - is the integer 1
      ---
      duration_ms: 0.1705
      ...
    1..1
ok 147 - FAILURE_CLASSIFIER_SCHEMA_VERSION
  ---
  duration_ms: 0.3965
  type: 'suite'
  ...
# Subtest: CLASSIFIER_TAXONOMY_VERSION
    # Subtest: is a non-empty string
    ok 1 - is a non-empty string
      ---
      duration_ms: 0.2458
      ...
    1..1
ok 148 - CLASSIFIER_TAXONOMY_VERSION
  ---
  duration_ms: 0.4513
  type: 'suite'
  ...
# Subtest: CLASSIFIER_REASON_CODE enum
    # Subtest: is frozen and has all required codes
    ok 1 - is frozen and has all required codes
      ---
      duration_ms: 0.1982
      ...
    1..1
ok 149 - CLASSIFIER_REASON_CODE enum
  ---
  duration_ms: 0.3478
  type: 'suite'
  ...
# Subtest: EVIDENCE_SCHEMA
    # Subtest: is frozen and has exactly five required fields
    ok 1 - is frozen and has exactly five required fields
      ---
      duration_ms: 0.2668
      ...
    1..1
ok 150 - EVIDENCE_SCHEMA
  ---
  duration_ms: 0.4184
  type: 'suite'
  ...
# Subtest: CLASSIFICATION_RESULT_SCHEMA
    # Subtest: is frozen and enumerates all required fields
    ok 1 - is frozen and enumerates all required fields
      ---
      duration_ms: 0.5231
      ...
    # Subtest: primaryClassEnum matches FAILURE_CLASS values
    ok 2 - primaryClassEnum matches FAILURE_CLASS values
      ---
      duration_ms: 1.2286
      ...
    # Subtest: confidenceRange is {min:0, max:1}
    ok 3 - confidenceRange is {min:0, max:1}
      ---
      duration_ms: 0.2076
      ...
    1..3
ok 151 - CLASSIFICATION_RESULT_SCHEMA
  ---
  duration_ms: 2.4882
  type: 'suite'
  ...
# Subtest: VALID_WORKER_STATUSES
    # Subtest: is frozen and contains error, blocked, partial, done
    ok 1 - is frozen and contains error, blocked, partial, done
      ---
      duration_ms: 0.2426
      ...
    1..1
ok 152 - VALID_WORKER_STATUSES
  ---
  duration_ms: 0.4411
  type: 'suite'
  ...
# Subtest: FAILURE_CLASS_SP_ADJUSTMENT
    # Subtest: is frozen and has an entry for every FAILURE_CLASS value
    ok 1 - is frozen and has an entry for every FAILURE_CLASS value
      ---
      duration_ms: 0.2448
      ...
    # Subtest: each entry has type and value
    ok 2 - each entry has type and value
      ---
      duration_ms: 2.0425
      ...
    1..2
ok 153 - FAILURE_CLASS_SP_ADJUSTMENT
  ---
  duration_ms: 2.4794
  type: 'suite'
  ...
# Subtest: SP_ADJUSTMENT_FLOOR and LOW_CONFIDENCE_SP_PENALTY
    # Subtest: SP_ADJUSTMENT_FLOOR is 0.05
    ok 1 - SP_ADJUSTMENT_FLOOR is 0.05
      ---
      duration_ms: 0.3715
      ...
    # Subtest: LOW_CONFIDENCE_SP_PENALTY is 0.05
    ok 2 - LOW_CONFIDENCE_SP_PENALTY is 0.05
      ---
      duration_ms: 0.4557
      ...
    1..2
ok 154 - SP_ADJUSTMENT_FLOOR and LOW_CONFIDENCE_SP_PENALTY
  ---
  duration_ms: 1.0403
  type: 'suite'
  ...
# Subtest: validateClassifierInput ÔÇö MISSING_INPUT
    # Subtest: returns MISSING_INPUT for null
    ok 1 - returns MISSING_INPUT for null
      ---
      duration_ms: 0.6228
      ...
    # Subtest: returns MISSING_INPUT for undefined
    ok 2 - returns MISSING_INPUT for undefined
      ---
      duration_ms: 0.7971
      ...
    1..2
ok 155 - validateClassifierInput ÔÇö MISSING_INPUT
  ---
  duration_ms: 1.6093
  type: 'suite'
  ...
# Subtest: validateClassifierInput ÔÇö INVALID_TYPE
    # Subtest: returns INVALID_TYPE for a string
    ok 1 - returns INVALID_TYPE for a string
      ---
      duration_ms: 0.2342
      ...
    # Subtest: returns INVALID_TYPE for an array
    ok 2 - returns INVALID_TYPE for an array
      ---
      duration_ms: 0.2873
      ...
    1..2
ok 156 - validateClassifierInput ÔÇö INVALID_TYPE
  ---
  duration_ms: 0.7335
  type: 'suite'
  ...
# Subtest: validateClassifierInput ÔÇö MISSING_FIELD
    # Subtest: returns MISSING_FIELD when workerStatus is absent
    ok 1 - returns MISSING_FIELD when workerStatus is absent
      ---
      duration_ms: 0.2103
      ...
    1..1
ok 157 - validateClassifierInput ÔÇö MISSING_FIELD
  ---
  duration_ms: 0.4955
  type: 'suite'
  ...
# Subtest: validateClassifierInput ÔÇö INVALID_FIELD
    # Subtest: returns INVALID_FIELD when workerStatus is empty string
    ok 1 - returns INVALID_FIELD when workerStatus is empty string
      ---
      duration_ms: 0.1912
      ...
    # Subtest: returns INVALID_FIELD when workerStatus is not a string
    ok 2 - returns INVALID_FIELD when workerStatus is not a string
      ---
      duration_ms: 0.1723
      ...
    1..2
ok 158 - validateClassifierInput ÔÇö INVALID_FIELD
  ---
  duration_ms: 0.4813
  type: 'suite'
  ...
# Subtest: validateClassifierInput ÔÇö valid input
    # Subtest: returns ok=true for minimal valid input
    ok 1 - returns ok=true for minimal valid input
      ---
      duration_ms: 0.1549
      ...
    # Subtest: returns ok=true for full input
    ok 2 - returns ok=true for full input
      ---
      duration_ms: 0.1322
      ...
    1..2
ok 159 - validateClassifierInput ÔÇö valid input
  ---
  duration_ms: 0.3877
  type: 'suite'
  ...
# Subtest: classifyFailure ÔÇö negative paths (invalid input)
    # Subtest: returns ok=false for null input
    ok 1 - returns ok=false for null input
      ---
      duration_ms: 0.247
      ...
    # Subtest: returns ok=false for missing workerStatus
    ok 2 - returns ok=false for missing workerStatus
      ---
      duration_ms: 0.1362
      ...
    # Subtest: returns ok=false for invalid workerStatus type
    ok 3 - returns ok=false for invalid workerStatus type
      ---
      duration_ms: 0.1491
      ...
    1..3
ok 160 - classifyFailure ÔÇö negative paths (invalid input)
  ---
  duration_ms: 0.7264
  type: 'suite'
  ...
# Subtest: classifyFailure ÔÇö output schema
    # Subtest: returned classification has all required CLASSIFICATION_RESULT_SCHEMA fields
    ok 1 - returned classification has all required CLASSIFICATION_RESULT_SCHEMA fields
      ---
      duration_ms: 0.7498
      ...
    # Subtest: evidence object has all required EVIDENCE_SCHEMA fields
    ok 2 - evidence object has all required EVIDENCE_SCHEMA fields
      ---
      duration_ms: 0.2028
      ...
    # Subtest: schemaVersion equals FAILURE_CLASSIFIER_SCHEMA_VERSION
    ok 3 - schemaVersion equals FAILURE_CLASSIFIER_SCHEMA_VERSION
      ---
      duration_ms: 0.143
      ...
    # Subtest: classifierVersion equals CLASSIFIER_TAXONOMY_VERSION
    ok 4 - classifierVersion equals CLASSIFIER_TAXONOMY_VERSION
      ---
      duration_ms: 0.2312
      ...
    # Subtest: primaryClass is one of FAILURE_CLASS values
    ok 5 - primaryClass is one of FAILURE_CLASS values
      ---
      duration_ms: 0.2337
      ...
    # Subtest: confidence is a number in [0.0, 1.0]
    ok 6 - confidence is a number in [0.0, 1.0]
      ---
      duration_ms: 0.1626
      ...
    # Subtest: classifiedAt is a parseable ISO timestamp
    ok 7 - classifiedAt is a parseable ISO timestamp
      ---
      duration_ms: 0.1925
      ...
    # Subtest: log_lines is capped at 10 entries
    ok 8 - log_lines is capped at 10 entries
      ---
      duration_ms: 2.4849
      ...
    # Subtest: taskId is set when provided
    ok 9 - taskId is set when provided
      ---
      duration_ms: 0.2852
      ...
    # Subtest: taskId is null when not provided
    ok 10 - taskId is null when not provided
      ---
      duration_ms: 0.2051
      ...
    1..10
ok 161 - classifyFailure ÔÇö output schema
  ---
  duration_ms: 5.2598
  type: 'suite'
  ...
# Subtest: classifyFailure ÔÇö POLICY_VIOLATION blockingReasonClass
    # Subtest: classifies as policy with confidence 0.95
    ok 1 - classifies as policy with confidence 0.95
      ---
      duration_ms: 0.1827
      ...
    1..1
ok 162 - classifyFailure ÔÇö POLICY_VIOLATION blockingReasonClass
  ---
  duration_ms: 0.2777
  type: 'suite'
  ...
# Subtest: classifyFailure ÔÇö ACCESS_BLOCKED blockingReasonClass
    # Subtest: classifies as policy with confidence 0.90
    ok 1 - classifies as policy with confidence 0.90
      ---
      duration_ms: 0.1856
      ...
    1..1
ok 163 - classifyFailure ÔÇö ACCESS_BLOCKED blockingReasonClass
  ---
  duration_ms: 0.286
  type: 'suite'
  ...
# Subtest: classifyFailure ÔÇö VERIFICATION_GATE blockingReasonClass
    # Subtest: classifies as verification with confidence 0.90
    ok 1 - classifies as verification with confidence 0.90
      ---
      duration_ms: 0.1886
      ...
    1..1
ok 164 - classifyFailure ÔÇö VERIFICATION_GATE blockingReasonClass
  ---
  duration_ms: 0.2691
  type: 'suite'
  ...
# Subtest: classifyFailure ÔÇö MAX_REWORK_EXHAUSTED blockingReasonClass
    # Subtest: classifies as verification with confidence 0.85
    ok 1 - classifies as verification with confidence 0.85
      ---
      duration_ms: 0.1737
      ...
    1..1
ok 165 - classifyFailure ÔÇö MAX_REWORK_EXHAUSTED blockingReasonClass
  ---
  duration_ms: 0.2507
  type: 'suite'
  ...
# Subtest: classifyFailure ÔÇö WORKER_ERROR with timeout
    # Subtest: classifies as environment when error message contains timeout
    ok 1 - classifies as environment when error message contains timeout
      ---
      duration_ms: 0.2111
      ...
    1..1
ok 166 - classifyFailure ÔÇö WORKER_ERROR with timeout
  ---
  duration_ms: 0.2934
  type: 'suite'
  ...
# Subtest: classifyFailure ÔÇö WORKER_ERROR with rate limit
    # Subtest: classifies as model when error contains rate limit
    ok 1 - classifies as model when error contains rate limit
      ---
      duration_ms: 1.6553
      ...
    1..1
ok 167 - classifyFailure ÔÇö WORKER_ERROR with rate limit
  ---
  duration_ms: 1.7636
  type: 'suite'
  ...
# Subtest: classifyFailure ÔÇö WORKER_ERROR with HTTP 4xx
    # Subtest: classifies as external_api when error contains HTTP 404
    ok 1 - classifies as external_api when error contains HTTP 404
      ---
      duration_ms: 0.2356
      ...
    1..1
ok 168 - classifyFailure ÔÇö WORKER_ERROR with HTTP 4xx
  ---
  duration_ms: 0.3482
  type: 'suite'
  ...
# Subtest: classifyFailure ÔÇö WORKER_ERROR generic (logic defect fallback)
    # Subtest: classifies as logic_defect with confidence 0.55
    ok 1 - classifies as logic_defect with confidence 0.55
      ---
      duration_ms: 0.7767
      ...
    1..1
ok 169 - classifyFailure ÔÇö WORKER_ERROR generic (logic defect fallback)
  ---
  duration_ms: 1.0888
  type: 'suite'
  ...
# Subtest: classifyFailure ÔÇö pattern matching (no blockingReasonClass)
    # Subtest: classifies as model when error mentions rate limit (no rc)
    ok 1 - classifies as model when error mentions rate limit (no rc)
      ---
      duration_ms: 0.4876
      ...
    # Subtest: classifies as environment on timeout pattern (no rc)
    ok 2 - classifies as environment on timeout pattern (no rc)
      ---
      duration_ms: 0.1665
      ...
    # Subtest: classifies as external_api on API error pattern (no rc)
    ok 3 - classifies as external_api on API error pattern (no rc)
      ---
      duration_ms: 0.1381
      ...
    1..3
ok 170 - classifyFailure ÔÇö pattern matching (no blockingReasonClass)
  ---
  duration_ms: 1.186
  type: 'suite'
  ...
# Subtest: classifyFailure ÔÇö workerStatus fallback (no rc, no pattern)
    # Subtest: classifies as logic_defect confidence 0.50 for blocked status
    ok 1 - classifies as logic_defect confidence 0.50 for blocked status
      ---
      duration_ms: 0.1493
      ...
    # Subtest: classifies as logic_defect confidence 0.45 for error status
    ok 2 - classifies as logic_defect confidence 0.45 for error status
      ---
      duration_ms: 0.2055
      ...
    1..2
ok 171 - classifyFailure ÔÇö workerStatus fallback (no rc, no pattern)
  ---
  duration_ms: 0.4608
  type: 'suite'
  ...
# Subtest: classifyFailure ÔÇö evidence fields sourced correctly
    # Subtest: evidence.blocking_reason_class matches input.blockingReasonClass
    ok 1 - evidence.blocking_reason_class matches input.blockingReasonClass
      ---
      duration_ms: 0.2571
      ...
    # Subtest: evidence.worker_status matches input.workerStatus
    ok 2 - evidence.worker_status matches input.workerStatus
      ---
      duration_ms: 0.1578
      ...
    # Subtest: evidence.error_message is empty string when not provided
    ok 3 - evidence.error_message is empty string when not provided
      ---
      duration_ms: 0.1332
      ...
    # Subtest: evidence.blocking_reason_class is null when not provided
    ok 4 - evidence.blocking_reason_class is null when not provided
      ---
      duration_ms: 0.1254
      ...
    1..4
ok 172 - classifyFailure ÔÇö evidence fields sourced correctly
  ---
  duration_ms: 0.8398
  type: 'suite'
  ...
# Subtest: applyClassificationToSuccessProbability ÔÇö policy class
    # Subtest: applies multiply adjustment (policy: sp * 0.20)
    ok 1 - applies multiply adjustment (policy: sp * 0.20)
      ---
      duration_ms: 0.3063
      ...
    1..1
ok 173 - applyClassificationToSuccessProbability ÔÇö policy class
  ---
  duration_ms: 0.3758
  type: 'suite'
  ...
# Subtest: applyClassificationToSuccessProbability ÔÇö verification class
    # Subtest: applies subtract adjustment (verification: sp - 0.20)
    ok 1 - applies subtract adjustment (verification: sp - 0.20)
      ---
      duration_ms: 0.1532
      ...
    1..1
ok 174 - applyClassificationToSuccessProbability ÔÇö verification class
  ---
  duration_ms: 0.2247
  type: 'suite'
  ...
# Subtest: applyClassificationToSuccessProbability ÔÇö environment class
    # Subtest: applies subtract adjustment (environment: sp - 0.15)
    ok 1 - applies subtract adjustment (environment: sp - 0.15)
      ---
      duration_ms: 0.1561
      ...
    1..1
ok 175 - applyClassificationToSuccessProbability ÔÇö environment class
  ---
  duration_ms: 0.2246
  type: 'suite'
  ...
# Subtest: applyClassificationToSuccessProbability ÔÇö logic_defect class
    # Subtest: applies multiply adjustment (logic_defect: sp * 0.25)
    ok 1 - applies multiply adjustment (logic_defect: sp * 0.25)
      ---
      duration_ms: 0.2606
      ...
    1..1
ok 176 - applyClassificationToSuccessProbability ÔÇö logic_defect class
  ---
  duration_ms: 0.3363
  type: 'suite'
  ...
# Subtest: applyClassificationToSuccessProbability ÔÇö floor
    # Subtest: never returns below SP_ADJUSTMENT_FLOOR (0.05)
    ok 1 - never returns below SP_ADJUSTMENT_FLOOR (0.05)
      ---
      duration_ms: 0.156
      ...
    1..1
ok 177 - applyClassificationToSuccessProbability ÔÇö floor
  ---
  duration_ms: 0.2399
  type: 'suite'
  ...
# Subtest: applyClassificationToSuccessProbability ÔÇö low-confidence penalty
    # Subtest: applies additional -0.05 when flagged=true
    ok 1 - applies additional -0.05 when flagged=true
      ---
      duration_ms: 0.1842
      ...
    # Subtest: still respects floor even with low-confidence penalty
    ok 2 - still respects floor even with low-confidence penalty
      ---
      duration_ms: 0.1332
      ...
    1..2
ok 178 - applyClassificationToSuccessProbability ÔÇö low-confidence penalty
  ---
  duration_ms: 0.4114
  type: 'suite'
  ...
# Subtest: applyClassificationToSuccessProbability ÔÇö invalid inputs
    # Subtest: returns SP_ADJUSTMENT_FLOOR when successProbability is NaN
    ok 1 - returns SP_ADJUSTMENT_FLOOR when successProbability is NaN
      ---
      duration_ms: 0.1925
      ...
    # Subtest: returns sp unchanged when classification has unknown primaryClass
    ok 2 - returns sp unchanged when classification has unknown primaryClass
      ---
      duration_ms: 0.1435
      ...
    1..2
ok 179 - applyClassificationToSuccessProbability ÔÇö invalid inputs
  ---
  duration_ms: 0.4387
  type: 'suite'
  ...
# Subtest: runInterventionOptimizer ÔÇö failureClassifications option (AC \#5)
    # Subtest: adjusts successProbability for matching role before ranking
    ok 1 - adjusts successProbability for matching role before ranking
      ---
      duration_ms: 1.6232
      ...
    # Subtest: failureClassificationsApplied is 0 when no classifications match
    ok 2 - failureClassificationsApplied is 0 when no classifications match
      ---
      duration_ms: 0.5005
      ...
    # Subtest: works normally without failureClassifications option
    ok 3 - works normally without failureClassifications option
      ---
      duration_ms: 0.372
      ...
    # Subtest: works normally when failureClassifications option is empty object
    ok 4 - works normally when failureClassifications option is empty object
      ---
      duration_ms: 0.3104
      ...
    # Subtest: works normally when failureClassifications option is null
    ok 5 - works normally when failureClassifications option is null
      ---
      duration_ms: 0.1668
      ...
    # Subtest: logic_defect classification significantly reduces EV and SP
    ok 6 - logic_defect classification significantly reduces EV and SP
      ---
      duration_ms: 0.3771
      ...
    1..6
ok 180 - runInterventionOptimizer ÔÇö failureClassifications option (AC \#5)
  ---
  duration_ms: 3.7328
  type: 'suite'
  ...
# Subtest: WRITE_JSON_REASON
    # Subtest: is a frozen object with all required reason codes
    ok 1 - is a frozen object with all required reason codes
      ---
      duration_ms: 1.3987
      ...
    1..1
ok 181 - WRITE_JSON_REASON
  ---
  duration_ms: 2.8672
  type: 'suite'
  ...
# Subtest: writeJsonAtomicSafe
    # Subtest: returns ok=true and writes the file for a valid value
    ok 1 - returns ok=true and writes the file for a valid value
      ---
      duration_ms: 19.2547
      ...
    # Subtest: returns ok=false with reason=null_value for null input (AC \#9 missing-input path)
    ok 2 - returns ok=false with reason=null_value for null input (AC \#9 missing-input path)
      ---
      duration_ms: 0.4543
      ...
    # Subtest: returns ok=false with reason=null_value for undefined input (AC \#9 missing-input path)
    ok 3 - returns ok=false with reason=null_value for undefined input (AC \#9 missing-input path)
      ---
      duration_ms: 0.3382
      ...
    # Subtest: returns ok=false with reason=not_serializable for circular reference (AC \#9 invalid-input path)
    ok 4 - returns ok=false with reason=not_serializable for circular reference (AC \#9 invalid-input path)
      ---
      duration_ms: 0.692
      ...
    # Subtest: null_value and not_serializable produce different reason codes (AC \#9 distinguishes missing from invalid)
    ok 5 - null_value and not_serializable produce different reason codes (AC \#9 distinguishes missing from invalid)
      ---
      duration_ms: 0.8924
      ...
    # Subtest: never throws ÔÇö always returns a structured object (AC \#10)
    ok 6 - never throws ÔÇö always returns a structured object (AC \#10)
      ---
      duration_ms: 0.7102
      ...
    1..6
ok 182 - writeJsonAtomicSafe
  ---
  duration_ms: 40.2032
  type: 'suite'
  ...
# Subtest: writeJsonAtomic
    # Subtest: writes a valid JSON file atomically
    ok 1 - writes a valid JSON file atomically
      ---
      duration_ms: 5.5417
      ...
    # Subtest: leaves no .tmp file after a successful write (AC \#1 ÔÇö no partial artifacts)
    ok 2 - leaves no .tmp file after a successful write (AC \#1 ÔÇö no partial artifacts)
      ---
      duration_ms: 2.8706
      ...
    # Subtest: negative path: throws for null value with reason=null_value (AC \#7)
    ok 3 - negative path: throws for null value with reason=null_value (AC \#7)
      ---
      duration_ms: 0.9309
      ...
    # Subtest: negative path: throws for circular reference with reason=not_serializable (AC \#7)
    ok 4 - negative path: throws for circular reference with reason=not_serializable (AC \#7)
      ---
      duration_ms: 0.3621
      ...
    1..4
ok 183 - writeJsonAtomic
  ---
  duration_ms: 16.6741
  type: 'suite'
  ...
# Subtest: writeJson (backward-compat ÔÇö delegates to writeJsonAtomic)
    # Subtest: writes valid JSON and leaves no .tmp artifact
    ok 1 - writes valid JSON and leaves no .tmp artifact
      ---
      duration_ms: 4.9903
      ...
    # Subtest: negative path: throws on null value (no silent fallback ÔÇö AC \#10)
    ok 2 - negative path: throws on null value (no silent fallback ÔÇö AC \#10)
      ---
      duration_ms: 0.4783
      ...
    1..2
ok 184 - writeJson (backward-compat ÔÇö delegates to writeJsonAtomic)
  ---
  duration_ms: 10.7906
  type: 'suite'
  ...
# Subtest: AC \#1 ÔÇö atomic write correctness
    # Subtest: final file is always valid JSON after write ÔÇö never a partial
    ok 1 - final file is always valid JSON after write ÔÇö never a partial
      ---
      duration_ms: 35.4855
      ...
    # Subtest: overwrites an existing file atomically (no window of empty/partial content)
    ok 2 - overwrites an existing file atomically (no window of empty/partial content)
      ---
      duration_ms: 37.0699
      ...
    1..2
ok 185 - AC \#1 ÔÇö atomic write correctness
  ---
  duration_ms: 87.9073
  type: 'suite'
  ...
# Subtest: AC \#5 ÔÇö crash simulation: rename failure
    # Subtest: leaves original file intact when rename throws (simulated crash at rename step)
    ok 1 - leaves original file intact when rename throws (simulated crash at rename step)
      ---
      duration_ms: 35.3805
      ...
    # Subtest: negative path: writeJsonAtomicSafe returns reason=rename_failed when rename throws (AC \#7)
    ok 2 - negative path: writeJsonAtomicSafe returns reason=rename_failed when rename throws (AC \#7)
      ---
      duration_ms: 39.9115
      ...
    1..2
ok 186 - AC \#5 ÔÇö crash simulation: rename failure
  ---
  duration_ms: 102.9395
  type: 'suite'
  ...
# Subtest: AC \#3 ÔÇö cleanupStaleTempFiles
    # Subtest: removes all .tmp files in the directory and reports them
    ok 1 - removes all .tmp files in the directory and reports them
      ---
      duration_ms: 41.1695
      ...
    # Subtest: returns ok=true with empty removed list when no .tmp files exist
    ok 2 - returns ok=true with empty removed list when no .tmp files exist
      ---
      duration_ms: 3.5293
      ...
    # Subtest: returns ok=true with empty removed list for a nonexistent directory (AC \#3 recovery)
    ok 3 - returns ok=true with empty removed list for a nonexistent directory (AC \#3 recovery)
      ---
      duration_ms: 1.8795
      ...
    # Subtest: negative path: individual file cleanup failures do not abort the scan
    ok 4 - negative path: individual file cleanup failures do not abort the scan
      ---
      duration_ms: 10.2749
      ...
    1..4
ok 187 - AC \#3 ÔÇö cleanupStaleTempFiles
  ---
  duration_ms: 69.9878
  type: 'suite'
  ...
# [box][warn] [orchestrator] Jesus cycle error: Cannot read properties of undefined (reading 'length')
# Subtest: AC \#3 ÔÇö orchestrator startup cleans stale .tmp files
    # Subtest: removes orphaned .tmp files present at startup before reading critical state
    ok 1 - removes orphaned .tmp files present at startup before reading critical state
      ---
      duration_ms: 82.6291
      ...
    1..1
ok 188 - AC \#3 ÔÇö orchestrator startup cleans stale .tmp files
  ---
  duration_ms: 94.6437
  type: 'suite'
  ...
# Subtest: AC \#2 ÔÇö major writers enumeration: checkpoint_engine.writeCheckpoint
    # Subtest: writeCheckpoint writes via writeJsonAtomic: no .tmp artifact, valid JSON
    ok 1 - writeCheckpoint writes via writeJsonAtomic: no .tmp artifact, valid JSON
      ---
      duration_ms: 14.4518
      ...
    # Subtest: negative path: writeCheckpoint throws on null checkpoint (AC \#7)
    ok 2 - negative path: writeCheckpoint throws on null checkpoint (AC \#7)
      ---
      duration_ms: 0.341
      ...
    1..2
ok 189 - AC \#2 ÔÇö major writers enumeration: checkpoint_engine.writeCheckpoint
  ---
  duration_ms: 19.5449
  type: 'suite'
  ...
#   BENCHMARK: direct=5.0945ms  atomic=1.3679ms  ratio=0.269├ù
#   RECORDED_BASELINE_MS=0.4895  MEASURED_DIRECT_MS=5.0945  MEASURED_ATOMIC_MS=1.3679
# Subtest: AC \#4 ÔÇö latency benchmark: atomic write vs direct writeFile
    # Subtest: atomic write overhead vs direct writeFile is within 2├ù (rename adds Ôëñ1 syscall)
    ok 1 - atomic write overhead vs direct writeFile is within 2├ù (rename adds Ôëñ1 syscall)
      ---
      duration_ms: 1386.3864
      ...
    1..1
ok 190 - AC \#4 ÔÇö latency benchmark: atomic write vs direct writeFile
  ---
  duration_ms: 1386.6667
  type: 'suite'
  ...
# Subtest: READ_JSON_REASON
    # Subtest: exposes MISSING and INVALID as frozen string constants
    ok 1 - exposes MISSING and INVALID as frozen string constants
      ---
      duration_ms: 1.1433
      ...
    1..1
ok 191 - READ_JSON_REASON
  ---
  duration_ms: 2.5005
  type: 'suite'
  ...
# Subtest: readJsonSafe
    # Subtest: returns ok=true with parsed data for a valid JSON file
    ok 1 - returns ok=true with parsed data for a valid JSON file
      ---
      duration_ms: 17.0415
      ...
    # Subtest: returns ok=false with reason=missing for a non-existent file
    ok 2 - returns ok=false with reason=missing for a non-existent file
      ---
      duration_ms: 4.8281
      ...
    # Subtest: returns ok=false with reason=invalid for a file with corrupt JSON
    ok 3 - returns ok=false with reason=invalid for a file with corrupt JSON
      ---
      duration_ms: 6.1404
      ...
    # Subtest: distinguishes missing from invalid ÔÇö negative path: different reason codes
    ok 4 - distinguishes missing from invalid ÔÇö negative path: different reason codes
      ---
      duration_ms: 22.1977
      ...
    # Subtest: never throws ÔÇö always returns a structured object
    ok 5 - never throws ÔÇö always returns a structured object
      ---
      duration_ms: 2.4225
      ...
    1..5
ok 192 - readJsonSafe
  ---
  duration_ms: 66.0135
  type: 'suite'
  ...
# Subtest: readJson
    # Subtest: returns parsed data for a valid JSON file without emitting events
    ok 1 - returns parsed data for a valid JSON file without emitting events
      ---
      duration_ms: 9.4025
      ...
    # Subtest: returns fallback and emits box:readError with reason=missing for a missing file
    ok 2 - returns fallback and emits box:readError with reason=missing for a missing file
      ---
      duration_ms: 2.087
      ...
    # Subtest: returns fallback and emits box:readError with reason=invalid for corrupt JSON
    ok 3 - returns fallback and emits box:readError with reason=invalid for corrupt JSON
      ---
      duration_ms: 7.3038
      ...
    # Subtest: negative path: does NOT return corrupt file content ÔÇö always returns fallback on failure
    ok 4 - negative path: does NOT return corrupt file content ÔÇö always returns fallback on failure
      ---
      duration_ms: 3.3942
      ...
    1..4
ok 193 - readJson
  ---
  duration_ms: 27.8462
  type: 'suite'
  ...
# [box][warn] [orchestrator] Jesus cycle error: Cannot read properties of undefined (reading 'length')
# Subtest: orchestrator startup ÔÇö degraded state on corrupt critical state file
    # Subtest: writes orchestratorStatus=operational when all critical state files are missing (first run)
    ok 1 - writes orchestratorStatus=operational when all critical state files are missing (first run)
      ---
      duration_ms: 144.1158
      ...
# {"event":"box.v1.orchestration.alertEmitted","version":1,"correlationId":"1774270727024-c3b0ec","timestamp":"2026-03-23T12:58:47.032Z","domain":"orchestration","payload":{"severity":"critical","source":"orchestrator","title":"Corrupt critical state file: worker_sessions.json"}}
# [box][warn] [orchestrator] Jesus cycle error: Cannot read properties of undefined (reading 'length')
    # Subtest: writes orchestratorStatus=degraded when worker_sessions.json contains corrupt JSON
    ok 2 - writes orchestratorStatus=degraded when worker_sessions.json contains corrupt JSON
      ---
      duration_ms: 165.8773
      ...
# {"event":"box.v1.orchestration.alertEmitted","version":1,"correlationId":"1774270727199-818c50","timestamp":"2026-03-23T12:58:47.210Z","domain":"orchestration","payload":{"severity":"critical","source":"orchestrator","title":"Corrupt critical state file: prometheus_analysis.json"}}
# [box][warn] [orchestrator] Jesus cycle error: Cannot read properties of undefined (reading 'length')
    # Subtest: negative path: corrupt prometheus_analysis.json triggers degraded state (not silent fallback)
    ok 3 - negative path: corrupt prometheus_analysis.json triggers degraded state (not silent fallback)
      ---
      duration_ms: 183.6828
      ...
    1..3
ok 194 - orchestrator startup ÔÇö degraded state on corrupt critical state file
  ---
  duration_ms: 522.0272
  type: 'suite'
  ...
# Subtest: AC5 ÔÇö no broad catch without telemetry
    # Subtest: readJsonSafe always surfaces error in return value ÔÇö never returns undefined error on failure
    ok 1 - readJsonSafe always surfaces error in return value ÔÇö never returns undefined error on failure
      ---
      duration_ms: 36.1362
      ...
    # Subtest: readJson always emits box:readError before returning fallback ÔÇö no silent swallow
    ok 2 - readJson always emits box:readError before returning fallback ÔÇö no silent swallow
      ---
      duration_ms: 26.6971
      ...
    1..2
ok 195 - AC5 ÔÇö no broad catch without telemetry
  ---
  duration_ms: 63.3
  type: 'suite'
  ...
# Subtest: COHORT enum (AC1 / AC8)
    # Subtest: is frozen with canary and control values
    ok 1 - is frozen with canary and control values
      ---
      duration_ms: 1.0474
      ...
    1..1
ok 196 - COHORT enum (AC1 / AC8)
  ---
  duration_ms: 2.4293
  type: 'suite'
  ...
# Subtest: GOVERNANCE_CANARY_STATUS enum (AC8)
    # Subtest: is frozen with all four status values
    ok 1 - is frozen with all four status values
      ---
      duration_ms: 0.5178
      ...
    1..1
ok 197 - GOVERNANCE_CANARY_STATUS enum (AC8)
  ---
  duration_ms: 0.7295
  type: 'suite'
  ...
# Subtest: GOVERNANCE_AUDIT_EVENT enum (AC8)
    # Subtest: is frozen with all required event names
    ok 1 - is frozen with all required event names
      ---
      duration_ms: 1.5419
      ...
    1..1
ok 198 - GOVERNANCE_AUDIT_EVENT enum (AC8)
  ---
  duration_ms: 1.7893
  type: 'suite'
  ...
# Subtest: GOVERNANCE_BREACH_ACTION enum (AC4 / AC8)
    # Subtest: exposes halt_new_assignments as the breach action
    ok 1 - exposes halt_new_assignments as the breach action
      ---
      duration_ms: 0.311
      ...
    1..1
ok 199 - GOVERNANCE_BREACH_ACTION enum (AC4 / AC8)
  ---
  duration_ms: 0.5103
  type: 'suite'
  ...
# Subtest: GOVERNANCE_METRIC_NAMES (AC2 / AC8)
    # Subtest: is frozen with falseBlockRate and safetyScore keys
    ok 1 - is frozen with falseBlockRate and safetyScore keys
      ---
      duration_ms: 0.5185
      ...
    1..1
ok 200 - GOVERNANCE_METRIC_NAMES (AC2 / AC8)
  ---
  duration_ms: 0.9081
  type: 'suite'
  ...
# Subtest: DEFAULT_GOVERNANCE_PROMOTION_THRESHOLDS (AC3 / Athena\#3)
    # Subtest: is frozen with explicit numeric values falseBlockRateMax=0.02, safetyScoreMin=0.95
    ok 1 - is frozen with explicit numeric values falseBlockRateMax=0.02, safetyScoreMin=0.95
      ---
      duration_ms: 0.2613
      ...
    1..1
ok 201 - DEFAULT_GOVERNANCE_PROMOTION_THRESHOLDS (AC3 / Athena\#3)
  ---
  duration_ms: 0.4306
  type: 'suite'
  ...
# Subtest: DEFAULT_GOVERNANCE_BREACH_THRESHOLDS (AC4 / Athena\#4)
    # Subtest: is frozen with explicit numeric breach trigger values
    ok 1 - is frozen with explicit numeric breach trigger values
      ---
      duration_ms: 7.1038
      ...
    1..1
ok 202 - DEFAULT_GOVERNANCE_BREACH_THRESHOLDS (AC4 / Athena\#4)
  ---
  duration_ms: 7.506
  type: 'suite'
  ...
# Subtest: DEFAULT_COHORT_ALGORITHM (AC1 / Athena\#1)
    # Subtest: is hash-mod
    ok 1 - is hash-mod
      ---
      duration_ms: 0.2693
      ...
    1..1
ok 203 - DEFAULT_COHORT_ALGORITHM (AC1 / Athena\#1)
  ---
  duration_ms: 0.3951
  type: 'suite'
  ...
# Subtest: DEFAULT_MEASUREMENT_WINDOW_CYCLES (AC4)
    # Subtest: is 5
    ok 1 - is 5
      ---
      duration_ms: 0.2786
      ...
    1..1
ok 204 - DEFAULT_MEASUREMENT_WINDOW_CYCLES (AC4)
  ---
  duration_ms: 0.412
  type: 'suite'
  ...
# Subtest: assignCohort (AC1 / Athena\#1)
    # Subtest: returns CANARY or CONTROL (only valid values)
    ok 1 - returns CANARY or CONTROL (only valid values)
      ---
      duration_ms: 1.56
      ...
    # Subtest: is deterministic ÔÇö same cycleId always maps to same cohort (AC1)
    ok 2 - is deterministic ÔÇö same cycleId always maps to same cohort (AC1)
      ---
      duration_ms: 0.8139
      ...
    # Subtest: produces different cohorts for different cycleIds (hash variety)
    ok 3 - produces different cohorts for different cycleIds (hash variety)
      ---
      duration_ms: 4.4065
      ...
    # Subtest: with ratio=1.0, all cycles map to CANARY
    ok 4 - with ratio=1.0, all cycles map to CANARY
      ---
      duration_ms: 0.2826
      ...
    # Subtest: with ratio approaching 0, almost all map to CONTROL
    ok 5 - with ratio approaching 0, almost all map to CONTROL
      ---
      duration_ms: 9.2434
      ...
    # Subtest: returns CONTROL for empty cycleId (safe fallback ÔÇö no new rules)
    ok 6 - returns CONTROL for empty cycleId (safe fallback ÔÇö no new rules)
      ---
      duration_ms: 0.238
      ...
    # Subtest: uses hash-mod algorithm as documented (bucket = parseInt(sha1.slice(0,8),16) % 100)
    ok 7 - uses hash-mod algorithm as documented (bucket = parseInt(sha1.slice(0,8),16) % 100)
      ---
      duration_ms: 0.3059
      ...
    1..7
ok 205 - assignCohort (AC1 / Athena\#1)
  ---
  duration_ms: 17.7498
  type: 'suite'
  ...
# Subtest: validateGovernanceCanaryInput (AC9 / Athena\#7)
    # Subtest: returns ok=true for a valid input
    ok 1 - returns ok=true for a valid input
      ---
      duration_ms: 0.3311
      ...
    # Subtest: returns MISSING_FIELD when policyRulePatch is absent (AC9)
    ok 2 - returns MISSING_FIELD when policyRulePatch is absent (AC9)
      ---
      duration_ms: 0.3806
      ...
    # Subtest: returns INVALID_VALUE when policyRulePatch is an array (AC9)
    ok 3 - returns INVALID_VALUE when policyRulePatch is an array (AC9)
      ---
      duration_ms: 0.227
      ...
    # Subtest: returns INVALID_VALUE when canaryRatio is out of range (AC9)
    ok 4 - returns INVALID_VALUE when canaryRatio is out of range (AC9)
      ---
      duration_ms: 0.2729
      ...
    # Subtest: returns MISSING_FIELD on null input (root validation)
    ok 5 - returns MISSING_FIELD on null input (root validation)
      ---
      duration_ms: 0.2412
      ...
    1..5
ok 206 - validateGovernanceCanaryInput (AC9 / Athena\#7)
  ---
  duration_ms: 1.7244
  type: 'suite'
  ...
# Subtest: collectGovernanceMetrics (AC2 / Athena\#2)
    # Subtest: computes falseBlockRate correctly
    ok 1 - computes falseBlockRate correctly
      ---
      duration_ms: 0.2923
      ...
    # Subtest: computes safetyScore correctly
    ok 2 - computes safetyScore correctly
      ---
      duration_ms: 0.1329
      ...
    # Subtest: returns zero falseBlockRate and safetyScore=1 for empty outcomes (no NaN)
    ok 3 - returns zero falseBlockRate and safetyScore=1 for empty outcomes (no NaN)
      ---
      duration_ms: 0.1163
      ...
    # Subtest: handles null gracefully (AC10 ÔÇö no silent NaN)
    ok 4 - handles null gracefully (AC10 ÔÇö no silent NaN)
      ---
      duration_ms: 0.1152
      ...
    1..4
ok 207 - collectGovernanceMetrics (AC2 / Athena\#2)
  ---
  duration_ms: 0.9015
  type: 'suite'
  ...
# Subtest: aggregateGovernanceMetrics (AC2)
    # Subtest: averages falseBlockRate and safetyScore across snapshots
    ok 1 - averages falseBlockRate and safetyScore across snapshots
      ---
      duration_ms: 0.254
      ...
    # Subtest: returns safe defaults for empty array
    ok 2 - returns safe defaults for empty array
      ---
      duration_ms: 0.1215
      ...
    1..2
ok 208 - aggregateGovernanceMetrics (AC2)
  ---
  duration_ms: 0.6292
  type: 'suite'
  ...
# Subtest: evaluateGovernancePromotion (AC3 / Athena\#3)
    # Subtest: returns promote=true when falseBlockRate < 0.02 and safetyScore >= 0.95
    ok 1 - returns promote=true when falseBlockRate < 0.02 and safetyScore >= 0.95
      ---
      duration_ms: 0.2541
      ...
    # Subtest: returns promote=false when falseBlockRate >= 0.02 (boundary)
    ok 2 - returns promote=false when falseBlockRate >= 0.02 (boundary)
      ---
      duration_ms: 0.1447
      ...
    # Subtest: returns promote=false when falseBlockRate > 0.02 (AC7 ÔÇö negative path)
    ok 3 - returns promote=false when falseBlockRate > 0.02 (AC7 ÔÇö negative path)
      ---
      duration_ms: 0.1725
      ...
    # Subtest: returns promote=false when safetyScore < 0.95 (AC7 ÔÇö negative path)
    ok 4 - returns promote=false when safetyScore < 0.95 (AC7 ÔÇö negative path)
      ---
      duration_ms: 0.1357
      ...
    # Subtest: respects custom threshold overrides
    ok 5 - respects custom threshold overrides
      ---
      duration_ms: 0.1993
      ...
    1..5
ok 209 - evaluateGovernancePromotion (AC3 / Athena\#3)
  ---
  duration_ms: 1.21
  type: 'suite'
  ...
# Subtest: evaluateGovernanceBreach (AC4 / Athena\#4 / AC7)
    # Subtest: returns breach=false for healthy metrics
    ok 1 - returns breach=false for healthy metrics
      ---
      duration_ms: 0.2247
      ...
    # Subtest: returns breach=true when falseBlockRate > triggerFbr=0.05 (AC7 ÔÇö negative path)
    ok 2 - returns breach=true when falseBlockRate > triggerFbr=0.05 (AC7 ÔÇö negative path)
      ---
      duration_ms: 0.1188
      ...
    # Subtest: returns breach=true when safetyScore < triggerSs=0.80 (AC7 ÔÇö negative path)
    ok 3 - returns breach=true when safetyScore < triggerSs=0.80 (AC7 ÔÇö negative path)
      ---
      duration_ms: 0.1652
      ...
    # Subtest: respects custom threshold overrides
    ok 4 - respects custom threshold overrides
      ---
      duration_ms: 0.1638
      ...
    1..4
ok 210 - evaluateGovernanceBreach (AC4 / Athena\#4 / AC7)
  ---
  duration_ms: 0.8748
  type: 'suite'
  ...
# Subtest: appendGovernanceAuditLog (AC5)
    # Subtest: writes a valid JSONL line to governance_canary_audit.jsonl
    ok 1 - writes a valid JSONL line to governance_canary_audit.jsonl
      ---
      duration_ms: 6.4992
      ...
    # Subtest: sets auditError when required fields are missing (AC10 ÔÇö no silent failure)
    ok 2 - sets auditError when required fields are missing (AC10 ÔÇö no silent failure)
      ---
      duration_ms: 17.5534
      ...
    1..2
ok 211 - appendGovernanceAuditLog (AC5)
  ---
  duration_ms: 59.7752
  type: 'suite'
  ...
# Subtest: buildGovernanceCanaryId (AC1 / Athena\#1)
    # Subtest: returns govcanary-<sha1-12> format
    ok 1 - returns govcanary-<sha1-12> format
      ---
      duration_ms: 0.5073
      ...
    # Subtest: is deterministic for same inputs
    ok 2 - is deterministic for same inputs
      ---
      duration_ms: 0.1569
      ...
    # Subtest: produces different IDs for different keys
    ok 3 - produces different IDs for different keys
      ---
      duration_ms: 0.1617
      ...
    1..3
ok 212 - buildGovernanceCanaryId (AC1 / Athena\#1)
  ---
  duration_ms: 0.9826
  type: 'suite'
  ...
# Subtest: startGovernanceCanary (AC1 / AC5)
    # Subtest: returns ok=true with govcanary-<sha1-12> canaryId
    ok 1 - returns ok=true with govcanary-<sha1-12> canaryId
      ---
      duration_ms: 23.7828
      ...
    # Subtest: records entry in governance_canary_ledger.json with correct fields
    ok 2 - records entry in governance_canary_ledger.json with correct fields
      ---
      duration_ms: 6.2874
      ...
    # Subtest: emits GOVERNANCE_CANARY_STARTED audit event (AC5)
    ok 3 - emits GOVERNANCE_CANARY_STARTED audit event (AC5)
      ---
      duration_ms: 21.0831
      ...
    # Subtest: returns ALREADY_RUNNING for duplicate patch (AC10 ÔÇö explicit status)
    ok 4 - returns ALREADY_RUNNING for duplicate patch (AC10 ÔÇö explicit status)
      ---
      duration_ms: 2.4388
      ...
    # Subtest: returns CANARY_DISABLED when canary.enabled=false (AC10)
    ok 5 - returns CANARY_DISABLED when canary.enabled=false (AC10)
      ---
      duration_ms: 7.9289
      ...
    # Subtest: returns INVALID_INPUT for null policyRulePatch (AC9)
    ok 6 - returns INVALID_INPUT for null policyRulePatch (AC9)
      ---
      duration_ms: 4.1955
      ...
    1..6
ok 213 - startGovernanceCanary (AC1 / AC5)
  ---
  duration_ms: 87.5522
  type: 'suite'
  ...
# Subtest: processGovernanceCycle ÔÇö promote path (AC2 / AC3 / AC5)
    # Subtest: action=continue before enough canary cycle observations
    ok 1 - action=continue before enough canary cycle observations
      ---
      duration_ms: 52.0763
      ...
    # Subtest: promotes after measurementWindowCycles with good metrics (AC3)
    ok 2 - promotes after measurementWindowCycles with good metrics (AC3)
      ---
      duration_ms: 73.4435
      ...
    # Subtest: ledger entry marked as promoted (AC3)
    ok 3 - ledger entry marked as promoted (AC3)
      ---
      duration_ms: 5.7417
      ...
    # Subtest: audit log contains METRICS_RECORDED with cohort field (AC5)
    ok 4 - audit log contains METRICS_RECORDED with cohort field (AC5)
      ---
      duration_ms: 11.3113
      ...
    # Subtest: audit log contains GOVERNANCE_CANARY_PROMOTED event (AC5)
    ok 5 - audit log contains GOVERNANCE_CANARY_PROMOTED event (AC5)
      ---
      duration_ms: 5.3987
      ...
    1..5
ok 214 - processGovernanceCycle ÔÇö promote path (AC2 / AC3 / AC5)
  ---
  duration_ms: 182.2446
  type: 'suite'
  ...
# Subtest: processGovernanceCycle ÔÇö breach (rollback) path (AC4 / AC7 / Athena\#4)
    # Subtest: triggers immediate rollback when falseBlockRate exceeds breach threshold (AC4 / AC7)
    ok 1 - triggers immediate rollback when falseBlockRate exceeds breach threshold (AC4 / AC7)
      ---
      duration_ms: 90.4319
      ...
    # Subtest: ledger entry is rolled_back with breachAction=halt_new_assignments (AC4 / AC8)
    ok 2 - ledger entry is rolled_back with breachAction=halt_new_assignments (AC4 / AC8)
      ---
      duration_ms: 13.2199
      ...
    # Subtest: audit log contains GOVERNANCE_CANARY_ROLLED_BACK event (AC5)
    ok 3 - audit log contains GOVERNANCE_CANARY_ROLLED_BACK event (AC5)
      ---
      duration_ms: 5.6242
      ...
    1..3
ok 215 - processGovernanceCycle ÔÇö breach (rollback) path (AC4 / AC7 / Athena\#4)
  ---
  duration_ms: 148.1172
  type: 'suite'
  ...
# Subtest: processGovernanceCycle ÔÇö breach on low safetyScore (AC4 / AC7)
    # Subtest: triggers rollback when safetyScore is below breach threshold (AC7 ÔÇö negative path)
    ok 1 - triggers rollback when safetyScore is below breach threshold (AC7 ÔÇö negative path)
      ---
      duration_ms: 90.0202
      ...
    1..1
ok 216 - processGovernanceCycle ÔÇö breach on low safetyScore (AC4 / AC7)
  ---
  duration_ms: 117.5769
  type: 'suite'
  ...
# Subtest: Control cohort tracking (AC2 / Athena\#2)
    # Subtest: records control cohort cycles in cohortStats.control (AC2)
    ok 1 - records control cohort cycles in cohortStats.control (AC2)
      ---
      duration_ms: 83.9983
      ...
    1..1
ok 217 - Control cohort tracking (AC2 / Athena\#2)
  ---
  duration_ms: 102.4921
  type: 'suite'
  ...
# Subtest: shouldApplyGovernanceRule (AC4 / Athena\#4)
    # Subtest: returns applyNewRules based on cohort assignment (ratio=1.0 ÔåÆ always canary)
    ok 1 - returns applyNewRules based on cohort assignment (ratio=1.0 ÔåÆ always canary)
      ---
      duration_ms: 1.1176
      ...
    # Subtest: returns applyNewRules=false for CONTROL cohort (ratioÔëê0)
    ok 2 - returns applyNewRules=false for CONTROL cohort (ratioÔëê0)
      ---
      duration_ms: 0.9532
      ...
    # Subtest: returns applyNewRules=false with reason MISSING_CYCLE_ID when cycleId is empty (AC9)
    ok 3 - returns applyNewRules=false with reason MISSING_CYCLE_ID when cycleId is empty (AC9)
      ---
      duration_ms: 1.2396
      ...
    # Subtest: returns applyNewRules=false with BREACH_ACTIVE reason when breach is active (AC4)
    ok 4 - returns applyNewRules=false with BREACH_ACTIVE reason when breach is active (AC4)
      ---
      duration_ms: 49.378
      ...
    1..4
ok 218 - shouldApplyGovernanceRule (AC4 / Athena\#4)
  ---
  duration_ms: 61.4821
  type: 'suite'
  ...
# Subtest: isGovernanceCanaryBreachActive (AC10)
    # Subtest: returns breachActive=false when no experiments exist
    ok 1 - returns breachActive=false when no experiments exist
      ---
      duration_ms: 1.4826
      ...
    # Subtest: returns breachActive=false when canary is disabled
    ok 2 - returns breachActive=false when canary is disabled
      ---
      duration_ms: 0.3291
      ...
    # Subtest: returns breachActive=true when a rolled_back entry with halt_new_assignments exists (AC4)
    ok 3 - returns breachActive=true when a rolled_back entry with halt_new_assignments exists (AC4)
      ---
      duration_ms: 35.7785
      ...
    1..3
ok 219 - isGovernanceCanaryBreachActive (AC10)
  ---
  duration_ms: 61.7327
  type: 'suite'
  ...
# Subtest: Ledger schema field completeness (AC8 / Athena\#2)
    # Subtest: ledger entry has all required schema fields
    ok 1 - ledger entry has all required schema fields
      ---
      duration_ms: 1.9141
      ...
    # Subtest: cohortStats has canary and control sub-objects with named fields (AC2)
    ok 2 - cohortStats has canary and control sub-objects with named fields (AC2)
      ---
      duration_ms: 7.213
      ...
    # Subtest: ledger has schemaVersion=1
    ok 3 - ledger has schemaVersion=1
      ---
      duration_ms: 4.9007
      ...
    1..3
ok 220 - Ledger schema field completeness (AC8 / Athena\#2)
  ---
  duration_ms: 37.6828
  type: 'suite'
  ...
# Subtest: getGovernanceCanaryConfig (AC1 / AC3 / AC4)
    # Subtest: reads values from canary.governance in config
    ok 1 - reads values from canary.governance in config
      ---
      duration_ms: 0.2593
      ...
    # Subtest: applies defaults when canary.governance is absent
    ok 2 - applies defaults when canary.governance is absent
      ---
      duration_ms: 0.2423
      ...
    1..2
ok 221 - getGovernanceCanaryConfig (AC1 / AC3 / AC4)
  ---
  duration_ms: 2.6201
  type: 'suite'
  ...
# Subtest: GOVERNANCE_AUDIT_REQUIRED_FIELDS (AC6 / AC5)
    # Subtest: includes the three required fields: event, canaryId, timestamp
    ok 1 - includes the three required fields: event, canaryId, timestamp
      ---
      duration_ms: 0.1832
      ...
    1..1
ok 222 - GOVERNANCE_AUDIT_REQUIRED_FIELDS (AC6 / AC5)
  ---
  duration_ms: 0.2628
  type: 'suite'
  ...
# Subtest: governance_contract ÔÇö module exports
    # Subtest: exports all required constants and functions
    ok 1 - exports all required constants and functions
      ---
      duration_ms: 0.9854
      ...
    # Subtest: GOVERNANCE_CONTRACT_VERSION matches policy.json governanceContract.version
    ok 2 - GOVERNANCE_CONTRACT_VERSION matches policy.json governanceContract.version
      ---
      duration_ms: 6.303
      ...
    1..2
ok 223 - governance_contract ÔÇö module exports
  ---
  duration_ms: 9.1963
  type: 'suite'
  ...
# Subtest: validateGovernanceContract
    # Subtest: returns ok=true for a valid governance contract
    ok 1 - returns ok=true for a valid governance contract
      ---
      duration_ms: 0.9487
      ...
    # Subtest: returns POLICY_MISSING when policy is null
    ok 2 - returns POLICY_MISSING when policy is null
      ---
      duration_ms: 0.2285
      ...
    # Subtest: returns POLICY_MISSING when policy is undefined
    ok 3 - returns POLICY_MISSING when policy is undefined
      ---
      duration_ms: 0.2019
      ...
    # Subtest: returns POLICY_INVALID when governanceContract section is missing
    ok 4 - returns POLICY_INVALID when governanceContract section is missing
      ---
      duration_ms: 0.1863
      ...
    # Subtest: returns POLICY_INVALID when governanceContract is not an object
    ok 5 - returns POLICY_INVALID when governanceContract is not an object
      ---
      duration_ms: 0.1556
      ...
    # Subtest: returns POLICY_INVALID when version is missing
    ok 6 - returns POLICY_INVALID when version is missing
      ---
      duration_ms: 0.2696
      ...
    # Subtest: returns POLICY_INVALID when version is empty string
    ok 7 - returns POLICY_INVALID when version is empty string
      ---
      duration_ms: 0.2765
      ...
    # Subtest: returns POLICY_INVALID when highRiskScoreThreshold is missing
    ok 8 - returns POLICY_INVALID when highRiskScoreThreshold is missing
      ---
      duration_ms: 0.2351
      ...
    # Subtest: returns POLICY_INVALID when highRiskScoreThreshold is out of range
    ok 9 - returns POLICY_INVALID when highRiskScoreThreshold is out of range
      ---
      duration_ms: 0.1832
      ...
    # Subtest: returns POLICY_INVALID when approvedApproverRoles is empty array
    ok 10 - returns POLICY_INVALID when approvedApproverRoles is empty array
      ---
      duration_ms: 0.2668
      ...
    # Subtest: returns CONTRACT_VERSION_MISMATCH when version does not match
    ok 11 - returns CONTRACT_VERSION_MISMATCH when version does not match
      ---
      duration_ms: 4.1327
      ...
    # Subtest: GOVERNANCE_STARTUP_EXIT_CODE is 1
    ok 12 - GOVERNANCE_STARTUP_EXIT_CODE is 1
      ---
      duration_ms: 0.6829
      ...
    1..12
ok 224 - validateGovernanceContract
  ---
  duration_ms: 9.6946
  type: 'suite'
  ...
# Subtest: GovernanceContractError
    # Subtest: sets exitCode to GOVERNANCE_STARTUP_EXIT_CODE
    ok 1 - sets exitCode to GOVERNANCE_STARTUP_EXIT_CODE
      ---
      duration_ms: 0.3346
      ...
    # Subtest: sets errorCode to the provided code
    ok 2 - sets errorCode to the provided code
      ---
      duration_ms: 0.2386
      ...
    # Subtest: formats message as [governance] <errorCode>: <detail>
    ok 3 - formats message as [governance] <errorCode>: <detail>
      ---
      duration_ms: 0.2392
      ...
    # Subtest: is an instance of Error
    ok 4 - is an instance of Error
      ---
      duration_ms: 0.3779
      ...
    1..4
ok 225 - GovernanceContractError
  ---
  duration_ms: 1.8049
  type: 'suite'
  ...
# Subtest: classifyRiskLevel
    # Subtest: classifies LOW when riskScore is 0 and no high-risk indicators
    ok 1 - classifies LOW when riskScore is 0 and no high-risk indicators
      ---
      duration_ms: 3.1457
      ...
    # Subtest: classifies LOW when riskScore is below 0.4
    ok 2 - classifies LOW when riskScore is below 0.4
      ---
      duration_ms: 0.4385
      ...
    # Subtest: classifies MEDIUM when riskScore is >= 0.4 but < 0.7
    ok 3 - classifies MEDIUM when riskScore is >= 0.4 but < 0.7
      ---
      duration_ms: 0.2735
      ...
    # Subtest: classifies MEDIUM at exactly 0.4
    ok 4 - classifies MEDIUM at exactly 0.4
      ---
      duration_ms: 0.1536
      ...
    # Subtest: classifies HIGH when riskScore is >= HIGH_RISK_SCORE_THRESHOLD (0.7)
    ok 5 - classifies HIGH when riskScore is >= HIGH_RISK_SCORE_THRESHOLD (0.7)
      ---
      duration_ms: 0.1491
      ...
    # Subtest: classifies HIGH when riskScore is 0.8
    ok 6 - classifies HIGH when riskScore is 0.8
      ---
      duration_ms: 0.1396
      ...
    # Subtest: classifies HIGH when changeType is core_module regardless of score
    ok 7 - classifies HIGH when changeType is core_module regardless of score
      ---
      duration_ms: 0.13
      ...
    # Subtest: classifies HIGH when changeType is policy
    ok 8 - classifies HIGH when changeType is policy
      ---
      duration_ms: 0.19
      ...
    # Subtest: classifies HIGH when changeType is schema
    ok 9 - classifies HIGH when changeType is schema
      ---
      duration_ms: 0.318
      ...
    # Subtest: classifies HIGH when a changed file matches policy.protectedPaths
    ok 10 - classifies HIGH when a changed file matches policy.protectedPaths
      ---
      duration_ms: 0.4424
      ...
    # Subtest: classifies HIGH for infra/** protected path
    ok 11 - classifies HIGH for infra/** protected path
      ---
      duration_ms: 0.3736
      ...
    # Subtest: classifies CRITICAL when riskScore is >= CRITICAL_RISK_SCORE_THRESHOLD (0.9)
    ok 12 - classifies CRITICAL when riskScore is >= CRITICAL_RISK_SCORE_THRESHOLD (0.9)
      ---
      duration_ms: 0.1531
      ...
    # Subtest: classifies CRITICAL at riskScore 1.0
    ok 13 - classifies CRITICAL at riskScore 1.0
      ---
      duration_ms: 0.1347
      ...
    # Subtest: classifies CRITICAL when changeType is security AND file touches protectedPaths
    ok 14 - classifies CRITICAL when changeType is security AND file touches protectedPaths
      ---
      duration_ms: 0.1379
      ...
    # Subtest: classifies HIGH (not CRITICAL) when changeType is security but no protected path touched
    ok 15 - classifies HIGH (not CRITICAL) when changeType is security but no protected path touched
      ---
      duration_ms: 0.1326
      ...
    # Subtest: uses policy.governanceContract.highRiskScoreThreshold as override
    ok 16 - uses policy.governanceContract.highRiskScoreThreshold as override
      ---
      duration_ms: 0.1383
      ...
    # Subtest: classifies LOW safely when change is empty object
    ok 17 - classifies LOW safely when change is empty object
      ---
      duration_ms: 0.116
      ...
    # Subtest: classifies LOW safely when change is null
    ok 18 - classifies LOW safely when change is null
      ---
      duration_ms: 0.1913
      ...
    1..18
ok 226 - classifyRiskLevel
  ---
  duration_ms: 7.8644
  type: 'suite'
  ...
# Subtest: validateDualApproval
    # Subtest: returns ok=true for valid dual approval with 2 distinct roles
    ok 1 - returns ok=true for valid dual approval with 2 distinct roles
      ---
      duration_ms: 1.0923
      ...
    # Subtest: returns ok=true with 3 approvals from 3 distinct roles
    ok 2 - returns ok=true with 3 approvals from 3 distinct roles
      ---
      duration_ms: 0.2693
      ...
    # Subtest: returns APPROVALS_MISSING when approvals field is absent
    ok 3 - returns APPROVALS_MISSING when approvals field is absent
      ---
      duration_ms: 0.2153
      ...
    # Subtest: returns APPROVALS_MISSING when approvals is not an array
    ok 4 - returns APPROVALS_MISSING when approvals is not an array
      ---
      duration_ms: 0.118
      ...
    # Subtest: returns APPROVALS_MISSING when approvalEvidence is null
    ok 5 - returns APPROVALS_MISSING when approvalEvidence is null
      ---
      duration_ms: 0.1234
      ...
    # Subtest: returns INSUFFICIENT_APPROVERS when only 1 approval provided
    ok 6 - returns INSUFFICIENT_APPROVERS when only 1 approval provided
      ---
      duration_ms: 0.1876
      ...
    # Subtest: returns INSUFFICIENT_APPROVERS when empty approvals array
    ok 7 - returns INSUFFICIENT_APPROVERS when empty approvals array
      ---
      duration_ms: 0.1193
      ...
    # Subtest: returns APPROVAL_SCHEMA_INVALID when approverRole is missing
    ok 8 - returns APPROVAL_SCHEMA_INVALID when approverRole is missing
      ---
      duration_ms: 0.2274
      ...
    # Subtest: returns APPROVAL_SCHEMA_INVALID when rationale is missing
    ok 9 - returns APPROVAL_SCHEMA_INVALID when rationale is missing
      ---
      duration_ms: 0.2606
      ...
    # Subtest: returns INSUFFICIENT_DISTINCT_ROLES when both approvals have same role
    ok 10 - returns INSUFFICIENT_DISTINCT_ROLES when both approvals have same role
      ---
      duration_ms: 0.1514
      ...
    # Subtest: treats approverRole comparison as case-insensitive
    ok 11 - treats approverRole comparison as case-insensitive
      ---
      duration_ms: 0.1822
      ...
    1..11
ok 227 - validateDualApproval
  ---
  duration_ms: 3.3824
  type: 'suite'
  ...
# Subtest: validateApprovalEvidenceSchema
    # Subtest: returns ok=true for a valid evidence record
    ok 1 - returns ok=true for a valid evidence record
      ---
      duration_ms: 1.097
      ...
    # Subtest: returns ok=false with all required fields listed when evidence is null
    ok 2 - returns ok=false with all required fields listed when evidence is null
      ---
      duration_ms: 0.1798
      ...
    # Subtest: returns ok=false listing missing fields (not all fields)
    ok 3 - returns ok=false listing missing fields (not all fields)
      ---
      duration_ms: 0.1647
      ...
    # Subtest: returns ok=false with invalidFields when riskLevel is not a valid enum value
    ok 4 - returns ok=false with invalidFields when riskLevel is not a valid enum value
      ---
      duration_ms: 0.217
      ...
    # Subtest: returns ok=false when filesChanged is not an array
    ok 5 - returns ok=false when filesChanged is not an array
      ---
      duration_ms: 0.212
      ...
    # Subtest: accepts all valid RISK_LEVEL enum values
    ok 6 - accepts all valid RISK_LEVEL enum values
      ---
      duration_ms: 0.1487
      ...
    1..6
ok 228 - validateApprovalEvidenceSchema
  ---
  duration_ms: 2.2493
  type: 'suite'
  ...
# Subtest: recordApprovalEvidence
    # Subtest: returns SCHEMA_INVALID reason when evidence is missing required fields
    ok 1 - returns SCHEMA_INVALID reason when evidence is missing required fields
      ---
      duration_ms: 0.4004
      ...
    # Subtest: returns ok=true and appends a valid JSON line to the evidence file
    ok 2 - returns ok=true and appends a valid JSON line to the evidence file
      ---
      duration_ms: 53.0929
      ...
    # Subtest: appends multiple records as separate JSONL lines
    ok 3 - appends multiple records as separate JSONL lines
      ---
      duration_ms: 8.1738
      ...
    1..3
ok 229 - recordApprovalEvidence
  ---
  duration_ms: 61.9537
  type: 'suite'
  ...
# Subtest: enforceGovernance
    # Subtest: allows LOW risk change without approval
    ok 1 - allows LOW risk change without approval
      ---
      duration_ms: 0.4022
      ...
    # Subtest: allows MEDIUM risk change without approval
    ok 2 - allows MEDIUM risk change without approval
      ---
      duration_ms: 0.1846
      ...
    # Subtest: allows HIGH risk change with valid dual approval
    ok 3 - allows HIGH risk change with valid dual approval
      ---
      duration_ms: 0.1829
      ...
    # Subtest: allows CRITICAL risk change with valid dual approval
    ok 4 - allows CRITICAL risk change with valid dual approval
      ---
      duration_ms: 0.168
      ...
    # Subtest: hard-blocks HIGH risk change without dual approval
    ok 5 - hard-blocks HIGH risk change without dual approval
      ---
      duration_ms: 0.2275
      ...
    # Subtest: hard-blocks CRITICAL risk change without dual approval
    ok 6 - hard-blocks CRITICAL risk change without dual approval
      ---
      duration_ms: 0.1895
      ...
    # Subtest: hard-blocks core_module changeType change without approval even at riskScore 0
    ok 7 - hard-blocks core_module changeType change without approval even at riskScore 0
      ---
      duration_ms: 0.1431
      ...
    # Subtest: hard-blocks change touching protected path without approval
    ok 8 - hard-blocks change touching protected path without approval
      ---
      duration_ms: 0.1337
      ...
    # Subtest: hard-blocks when dual approval has only 1 distinct role
    ok 9 - hard-blocks when dual approval has only 1 distinct role
      ---
      duration_ms: 0.1559
      ...
    1..9
ok 230 - enforceGovernance
  ---
  duration_ms: 2.1626
  type: 'suite'
  ...
# Subtest: governance_freeze ÔÇö schema definitions
    # Subtest: AC8/AC11: FREEZE_RISK_LEVEL has all four expected values
    ok 1 - AC8/AC11: FREEZE_RISK_LEVEL has all four expected values
      ---
      duration_ms: 1.3929
      ...
    # Subtest: AC11: RISK_SCORE_THRESHOLDS maps to numeric values >= 0
    ok 2 - AC11: RISK_SCORE_THRESHOLDS maps to numeric values >= 0
      ---
      duration_ms: 0.3552
      ...
    # Subtest: AC11: FREEZE_HIGH_RISK_LEVELS includes high and critical only
    ok 3 - AC11: FREEZE_HIGH_RISK_LEVELS includes high and critical only
      ---
      duration_ms: 0.1809
      ...
    # Subtest: AC11: FREEZE_NON_CRITICAL_LEVELS includes low and medium only
    ok 4 - AC11: FREEZE_NON_CRITICAL_LEVELS includes low and medium only
      ---
      duration_ms: 0.1542
      ...
    # Subtest: AC12: FREEZE_WEEKLY_METRICS_SCHEMA has all required fields and metricNames
    ok 5 - AC12: FREEZE_WEEKLY_METRICS_SCHEMA has all required fields and metricNames
      ---
      duration_ms: 0.182
      ...
    # Subtest: AC13: YEAR_END_REPORT_SCHEMA has all required fields, enums, and output path
    ok 6 - AC13: YEAR_END_REPORT_SCHEMA has all required fields, enums, and output path
      ---
      duration_ms: 0.1624
      ...
    # Subtest: AC14: NEXT_YEAR_SEED_SCHEMA has required fields and output path
    ok 7 - AC14: NEXT_YEAR_SEED_SCHEMA has required fields and output path
      ---
      duration_ms: 0.266
      ...
    # Subtest: AC14: SYSTEMIC_GAP_SEVERITY has all four levels
    ok 8 - AC14: SYSTEMIC_GAP_SEVERITY has all four levels
      ---
      duration_ms: 0.2902
      ...
    1..8
ok 231 - governance_freeze ÔÇö schema definitions
  ---
  duration_ms: 5.2683
  type: 'suite'
  ...
# Subtest: isFreezeActive
    # Subtest: AC15: returns active=false when config missing governanceFreeze section
    ok 1 - AC15: returns active=false when config missing governanceFreeze section
      ---
      duration_ms: 0.5615
      ...
    # Subtest: AC15: returns active=false when enabled=false and no manual override
    ok 2 - AC15: returns active=false when enabled=false and no manual override
      ---
      duration_ms: 0.3137
      ...
    # Subtest: AC15: returns active=true when manualOverrideActive=true regardless of calendar
    ok 3 - AC15: returns active=true when manualOverrideActive=true regardless of calendar
      ---
      duration_ms: 0.2078
      ...
    # Subtest: AC15: returns active=true when enabled=true and monthTrigger matches current month
    ok 4 - AC15: returns active=true when enabled=true and monthTrigger matches current month
      ---
      duration_ms: 0.3676
      ...
    # Subtest: AC15: returns active=false when enabled=true and monthTrigger does NOT match
    ok 5 - AC15: returns active=false when enabled=true and monthTrigger does NOT match
      ---
      duration_ms: 0.3862
      ...
    # Subtest: AC15: returns month and monthTrigger numbers in result
    ok 6 - AC15: returns month and monthTrigger numbers in result
      ---
      duration_ms: 1.0993
      ...
    1..6
ok 232 - isFreezeActive
  ---
  duration_ms: 5.1601
  type: 'suite'
  ...
# Subtest: classifyRiskLevel
    # Subtest: AC11: score < 0.3 ÔåÆ low
    ok 1 - AC11: score < 0.3 ÔåÆ low
      ---
      duration_ms: 0.5078
      ...
    # Subtest: AC11: score >= 0.3 and < 0.7 ÔåÆ medium
    ok 2 - AC11: score >= 0.3 and < 0.7 ÔåÆ medium
      ---
      duration_ms: 0.2308
      ...
    # Subtest: AC11: score >= 0.7 and < 0.9 ÔåÆ high
    ok 3 - AC11: score >= 0.7 and < 0.9 ÔåÆ high
      ---
      duration_ms: 0.1827
      ...
    # Subtest: AC11: score >= 0.9 ÔåÆ critical
    ok 4 - AC11: score >= 0.9 ÔåÆ critical
      ---
      duration_ms: 0.278
      ...
    # Subtest: AC9: non-number input treated as 0 (invalid ÔåÆ low)
    ok 5 - AC9: non-number input treated as 0 (invalid ÔåÆ low)
      ---
      duration_ms: 0.1936
      ...
    1..5
ok 233 - classifyRiskLevel
  ---
  duration_ms: 1.7273
  type: 'suite'
  ...
# Subtest: validateCriticalOverride
    # Subtest: AC2: accepts valid override with incidentId and rationale
    ok 1 - AC2: accepts valid override with incidentId and rationale
      ---
      duration_ms: 0.5854
      ...
    # Subtest: AC9/AC2: null override ÔåÆ MISSING_OVERRIDE (missing, not invalid)
    ok 2 - AC9/AC2: null override ÔåÆ MISSING_OVERRIDE (missing, not invalid)
      ---
      duration_ms: 0.1644
      ...
    # Subtest: AC9/AC2: non-object override ÔåÆ MISSING_OVERRIDE
    ok 3 - AC9/AC2: non-object override ÔåÆ MISSING_OVERRIDE
      ---
      duration_ms: 0.163
      ...
    # Subtest: AC9/AC2: missing incidentId ÔåÆ MISSING_INCIDENT_ID
    ok 4 - AC9/AC2: missing incidentId ÔåÆ MISSING_INCIDENT_ID
      ---
      duration_ms: 0.6019
      ...
    # Subtest: AC9/AC2: missing rationale ÔåÆ MISSING_RATIONALE
    ok 5 - AC9/AC2: missing rationale ÔåÆ MISSING_RATIONALE
      ---
      duration_ms: 0.1288
      ...
    # Subtest: AC2: rationale too short (< 20 chars) ÔåÆ INVALID_RATIONALE
    ok 6 - AC2: rationale too short (< 20 chars) ÔåÆ INVALID_RATIONALE
      ---
      duration_ms: 0.1191
      ...
    # Subtest: AC2: rationale exactly 20 chars is valid
    ok 7 - AC2: rationale exactly 20 chars is valid
      ---
      duration_ms: 0.1023
      ...
    1..7
ok 234 - validateCriticalOverride
  ---
  duration_ms: 2.1383
  type: 'suite'
  ...
# Subtest: evaluateFreezeGate ÔÇö freeze not active
    # Subtest: AC1: allowed=true and result=not_active when freeze is disabled
    ok 1 - AC1: allowed=true and result=not_active when freeze is disabled
      ---
      duration_ms: 0.3919
      ...
    # Subtest: AC1: high-risk task is allowed when freeze is not active
    ok 2 - AC1: high-risk task is allowed when freeze is not active
      ---
      duration_ms: 0.2283
      ...
    1..2
ok 235 - evaluateFreezeGate ÔÇö freeze not active
  ---
  duration_ms: 0.778
  type: 'suite'
  ...
# Subtest: evaluateFreezeGate ÔÇö freeze active (manual override mode)
    # Subtest: AC1: non-critical task (low) allowed during freeze without override
    ok 1 - AC1: non-critical task (low) allowed during freeze without override
      ---
      duration_ms: 0.6591
      ...
    # Subtest: AC1: non-critical task (medium) allowed during freeze without override
    ok 2 - AC1: non-critical task (medium) allowed during freeze without override
      ---
      duration_ms: 0.7945
      ...
    # Subtest: AC1/AC7 NEGATIVE: high-risk task without override is BLOCKED during freeze
    ok 3 - AC1/AC7 NEGATIVE: high-risk task without override is BLOCKED during freeze
      ---
      duration_ms: 0.2106
      ...
    # Subtest: AC1/AC7 NEGATIVE: critical-risk task without override is BLOCKED during freeze
    ok 4 - AC1/AC7 NEGATIVE: critical-risk task without override is BLOCKED during freeze
      ---
      duration_ms: 0.3712
      ...
    # Subtest: AC2: high-risk task WITH valid override is ALLOWED during freeze
    ok 5 - AC2: high-risk task WITH valid override is ALLOWED during freeze
      ---
      duration_ms: 0.5398
      ...
    # Subtest: AC2/AC7 NEGATIVE: high-risk task with invalid override (no incidentId) is BLOCKED
    ok 6 - AC2/AC7 NEGATIVE: high-risk task with invalid override (no incidentId) is BLOCKED
      ---
      duration_ms: 0.1564
      ...
    # Subtest: AC2/AC7 NEGATIVE: high-risk task with short rationale is BLOCKED
    ok 7 - AC2/AC7 NEGATIVE: high-risk task with short rationale is BLOCKED
      ---
      duration_ms: 1.1675
      ...
    # Subtest: AC9: null task ÔåÆ MISSING_TASK_INPUT (missing, not invalid)
    ok 8 - AC9: null task ÔåÆ MISSING_TASK_INPUT (missing, not invalid)
      ---
      duration_ms: 0.2485
      ...
    # Subtest: AC9: string task ÔåÆ INVALID_TASK_INPUT (invalid, not missing)
    ok 9 - AC9: string task ÔåÆ INVALID_TASK_INPUT (invalid, not missing)
      ---
      duration_ms: 0.2141
      ...
    # Subtest: AC10: no silent fallback ÔÇö blocked task has explicit result and reason
    ok 10 - AC10: no silent fallback ÔÇö blocked task has explicit result and reason
      ---
      duration_ms: 0.2181
      ...
    # Subtest: AC11: riskScore >= 0.7 triggers high-risk classification and block during freeze
    ok 11 - AC11: riskScore >= 0.7 triggers high-risk classification and block during freeze
      ---
      duration_ms: 0.2686
      ...
    # Subtest: AC11: riskScore < 0.3 classifies as low-risk and is allowed during freeze
    ok 12 - AC11: riskScore < 0.3 classifies as low-risk and is allowed during freeze
      ---
      duration_ms: 0.2607
      ...
    1..12
ok 236 - evaluateFreezeGate ÔÇö freeze active (manual override mode)
  ---
  duration_ms: 7.9314
  type: 'suite'
  ...
# Subtest: computeWeekKey
    # Subtest: returns YYYY-WNN format
    ok 1 - returns YYYY-WNN format
      ---
      duration_ms: 0.389
      ...
    # Subtest: is deterministic for same date
    ok 2 - is deterministic for same date
      ---
      duration_ms: 0.1374
      ...
    1..2
ok 237 - computeWeekKey
  ---
  duration_ms: 0.6415
  type: 'suite'
  ...
# Subtest: recordFreezeWeeklyMetrics
    # Subtest: AC3/AC8: persists a snapshot with all required schema fields
    ok 1 - AC3/AC8: persists a snapshot with all required schema fields
      ---
      duration_ms: 31.4336
      ...
    # Subtest: AC3: throughputRatio is computed correctly
    ok 2 - AC3: throughputRatio is computed correctly
      ---
      duration_ms: 19.2594
      ...
    # Subtest: AC3: throughputRatio is null when both blocked and allowed are 0
    ok 3 - AC3: throughputRatio is null when both blocked and allowed are 0
      ---
      duration_ms: 25.5757
      ...
    # Subtest: AC9: missing metrics input returns ok=false with explicit reason
    ok 4 - AC9: missing metrics input returns ok=false with explicit reason
      ---
      duration_ms: 0.5298
      ...
    # Subtest: AC3: appends multiple snapshots to the same file
    ok 5 - AC3: appends multiple snapshots to the same file
      ---
      duration_ms: 96.6516
      ...
    1..5
ok 238 - recordFreezeWeeklyMetrics
  ---
  duration_ms: 218.861
  type: 'suite'
  ...
# Subtest: generateYearEndReport
    # Subtest: AC4/AC8: generates report with all required schema fields when improvement reports exist
    ok 1 - AC4/AC8: generates report with all required schema fields when improvement reports exist
      ---
      duration_ms: 35.6579
      ...
    # Subtest: AC4: objectivesVsOutcomes entries have required fields
    ok 2 - AC4: objectivesVsOutcomes entries have required fields
      ---
      duration_ms: 65.2586
      ...
    # Subtest: AC13: returns insufficient_data when no reports found for year
    ok 3 - AC13: returns insufficient_data when no reports found for year
      ---
      duration_ms: 36.9908
      ...
    # Subtest: AC4: report is written to correct output path
    ok 4 - AC4: report is written to correct output path
      ---
      duration_ms: 46.9269
      ...
    1..4
ok 239 - generateYearEndReport
  ---
  duration_ms: 193.3304
  type: 'suite'
  ...
# Subtest: generateNextYearSeedQuestion
    # Subtest: AC5/AC8: generates seed with all required schema fields
    ok 1 - AC5/AC8: generates seed with all required schema fields
      ---
      duration_ms: 25.929
      ...
    # Subtest: AC5: topGap is the most severe unresolved gap
    ok 2 - AC5: topGap is the most severe unresolved gap
      ---
      duration_ms: 30.8728
      ...
    # Subtest: AC14: generates default question when no systemic gaps exist
    ok 3 - AC14: generates default question when no systemic gaps exist
      ---
      duration_ms: 46.5351
      ...
    # Subtest: AC5: resolved gaps (with resolvedAt) are not included
    ok 4 - AC5: resolved gaps (with resolvedAt) are not included
      ---
      duration_ms: 62.817
      ...
    # Subtest: AC5/AC14: seed is written to correct output path
    ok 5 - AC5/AC14: seed is written to correct output path
      ---
      duration_ms: 17.8251
      ...
    1..5
ok 240 - generateNextYearSeedQuestion
  ---
  duration_ms: 201.5275
  type: 'suite'
  ...
# Subtest: checkFreezeRollbackCriteria
    # Subtest: AC17: returns insufficient_data when no weekly metrics exist
    ok 1 - AC17: returns insufficient_data when no weekly metrics exist
      ---
      duration_ms: 1.4849
      ...
    # Subtest: AC17: recommends 'keep' when throughput ratio is above threshold
    ok 2 - AC17: recommends 'keep' when throughput ratio is above threshold
      ---
      duration_ms: 26.3858
      ...
    # Subtest: AC17/AC7 NEGATIVE: recommends 'lift' when throughput collapses below threshold
    ok 3 - AC17/AC7 NEGATIVE: recommends 'lift' when throughput collapses below threshold
      ---
      duration_ms: 30.3374
      ...
    1..3
ok 241 - checkFreezeRollbackCriteria
  ---
  duration_ms: 75.7158
  type: 'suite'
  ...
# Subtest: policy_engine re-exports freeze utilities
    # Subtest: AC16: freeze utilities are accessible from policy_engine
    ok 1 - AC16: freeze utilities are accessible from policy_engine
      ---
      duration_ms: 14.0194
      ...
    1..1
ok 242 - policy_engine re-exports freeze utilities
  ---
  duration_ms: 14.7855
  type: 'suite'
  ...
# Subtest: governance_review_packet ÔÇö module exports (AC8, AM1)
    # Subtest: exports GOVERNANCE_PACKET_SCHEMA_VERSION as integer 1
    ok 1 - exports GOVERNANCE_PACKET_SCHEMA_VERSION as integer 1
      ---
      duration_ms: 1.0248
      ...
    # Subtest: exports GOVERNANCE_PACKET_STATUS with ok/degraded/insufficient_data
    ok 2 - exports GOVERNANCE_PACKET_STATUS with ok/degraded/insufficient_data
      ---
      duration_ms: 0.2748
      ...
    # Subtest: exports PACKET_REASON_CODE with all required codes
    ok 3 - exports PACKET_REASON_CODE with all required codes
      ---
      duration_ms: 0.1901
      ...
    # Subtest: exports GOVERNANCE_PACKET_REQUIRED_FIELDS with all 14 required fields
    ok 4 - exports GOVERNANCE_PACKET_REQUIRED_FIELDS with all 14 required fields
      ---
      duration_ms: 1.4286
      ...
    # Subtest: exports DECISION_LOG_REQUIRED_FIELDS with all required fields
    ok 5 - exports DECISION_LOG_REQUIRED_FIELDS with all required fields
      ---
      duration_ms: 0.2183
      ...
    # Subtest: exports HIGH_RISK_CHANGE_REQUIRED_FIELDS with all required fields (AC2)
    ok 6 - exports HIGH_RISK_CHANGE_REQUIRED_FIELDS with all required fields (AC2)
      ---
      duration_ms: 0.1658
      ...
    # Subtest: exports HIGH_RISK_THRESHOLD = 0.7 (AM2)
    ok 7 - exports HIGH_RISK_THRESHOLD = 0.7 (AM2)
      ---
      duration_ms: 0.1618
      ...
    # Subtest: exports GOVERNANCE_PACKET_METRICS_FIELDS with all 8 metrics (AM3)
    ok 8 - exports GOVERNANCE_PACKET_METRICS_FIELDS with all 8 metrics (AM3)
      ---
      duration_ms: 0.1921
      ...
    # Subtest: exports ROLLBACK_STATUS with all values frozen (AM8)
    ok 9 - exports ROLLBACK_STATUS with all values frozen (AM8)
      ---
      duration_ms: 0.3676
      ...
    # Subtest: exports required functions
    ok 10 - exports required functions
      ---
      duration_ms: 0.2798
      ...
    1..10
ok 243 - governance_review_packet ÔÇö module exports (AC8, AM1)
  ---
  duration_ms: 6.3167
  type: 'suite'
  ...
# Subtest: isHighRisk() ÔÇö positive paths (AC2, AM2)
    # Subtest: returns true for riskLevel=high
    ok 1 - returns true for riskLevel=high
      ---
      duration_ms: 0.2729
      ...
    # Subtest: returns true for riskLevel=critical
    ok 2 - returns true for riskLevel=critical
      ---
      duration_ms: 0.2611
      ...
    # Subtest: returns true for riskLevel=HIGH (case-insensitive)
    ok 3 - returns true for riskLevel=HIGH (case-insensitive)
      ---
      duration_ms: 0.1355
      ...
    # Subtest: returns true for riskScore >= 0.7 regardless of riskLevel
    ok 4 - returns true for riskScore >= 0.7 regardless of riskLevel
      ---
      duration_ms: 0.2431
      ...
    1..4
ok 244 - isHighRisk() ÔÇö positive paths (AC2, AM2)
  ---
  duration_ms: 1.1347
  type: 'suite'
  ...
# Subtest: isHighRisk() ÔÇö negative paths (AC7)
    # Subtest: returns false for riskLevel=low
    ok 1 - returns false for riskLevel=low
      ---
      duration_ms: 0.2114
      ...
    # Subtest: returns false for riskLevel=medium
    ok 2 - returns false for riskLevel=medium
      ---
      duration_ms: 0.199
      ...
    # Subtest: returns false for riskScore < 0.7
    ok 3 - returns false for riskScore < 0.7
      ---
      duration_ms: 0.1624
      ...
    # Subtest: returns false for null input
    ok 4 - returns false for null input
      ---
      duration_ms: 0.2824
      ...
    # Subtest: returns false for undefined input
    ok 5 - returns false for undefined input
      ---
      duration_ms: 0.148
      ...
    # Subtest: returns false for non-object input
    ok 6 - returns false for non-object input
      ---
      duration_ms: 0.1151
      ...
    1..6
ok 245 - isHighRisk() ÔÇö negative paths (AC7)
  ---
  duration_ms: 1.4092
  type: 'suite'
  ...
# Subtest: stripSecrets() ÔÇö AC4
    # Subtest: strips keys containing 'token'
    ok 1 - strips keys containing 'token'
      ---
      duration_ms: 0.3601
      ...
    # Subtest: strips keys containing 'secret'
    ok 2 - strips keys containing 'secret'
      ---
      duration_ms: 0.2193
      ...
    # Subtest: strips keys containing 'password'
    ok 3 - strips keys containing 'password'
      ---
      duration_ms: 0.1419
      ...
    # Subtest: strips keys containing 'apikey' (case-insensitive)
    ok 4 - strips keys containing 'apikey' (case-insensitive)
      ---
      duration_ms: 0.1274
      ...
    # Subtest: preserves safe fields untouched
    ok 5 - preserves safe fields untouched
      ---
      duration_ms: 0.9385
      ...
    # Subtest: strips recursively in nested objects
    ok 6 - strips recursively in nested objects
      ---
      duration_ms: 0.8472
      ...
    # Subtest: strips recursively in arrays
    ok 7 - strips recursively in arrays
      ---
      duration_ms: 0.4614
      ...
    # Subtest: passes through primitives unchanged
    ok 8 - passes through primitives unchanged
      ---
      duration_ms: 0.6278
      ...
    1..8
ok 246 - stripSecrets() ÔÇö AC4
  ---
  duration_ms: 4.1823
  type: 'suite'
  ...
# Subtest: readApprovalEvidence() ÔÇö missing file
    # Subtest: returns ok=false and APPROVAL_EVIDENCE_ABSENT reason (AC9)
    ok 1 - returns ok=false and APPROVAL_EVIDENCE_ABSENT reason (AC9)
      ---
      duration_ms: 1.0464
      ...
    1..1
ok 247 - readApprovalEvidence() ÔÇö missing file
  ---
  duration_ms: 29.4845
  type: 'suite'
  ...
# Subtest: readApprovalEvidence() ÔÇö valid JSONL
    # Subtest: returns ok=true with parsed entries
    ok 1 - returns ok=true with parsed entries
      ---
      duration_ms: 7.6356
      ...
    1..1
ok 248 - readApprovalEvidence() ÔÇö valid JSONL
  ---
  duration_ms: 46.3624
  type: 'suite'
  ...
# Subtest: readApprovalEvidence() ÔÇö corrupt line skipped
    # Subtest: ok=true, skips corrupt line, returns 2 valid records
    ok 1 - ok=true, skips corrupt line, returns 2 valid records
      ---
      duration_ms: 3.2135
      ...
    1..1
ok 249 - readApprovalEvidence() ÔÇö corrupt line skipped
  ---
  duration_ms: 42.0595
  type: 'suite'
  ...
# Subtest: readApprovalEvidence() ÔÇö empty file
    # Subtest: returns ok=true, entries=[]
    ok 1 - returns ok=true, entries=[]
      ---
      duration_ms: 9.5331
      ...
    1..1
ok 250 - readApprovalEvidence() ÔÇö empty file
  ---
  duration_ms: 27.001
  type: 'suite'
  ...
# Subtest: generateGovernancePacket() ÔÇö happy path with all sources
    # Subtest: returns ok=true
    ok 1 - returns ok=true
      ---
      duration_ms: 0.5338
      ...
    # Subtest: status=ok when all sources are present
    ok 2 - status=ok when all sources are present
      ---
      duration_ms: 0.135
      ...
    # Subtest: packet has all required fields (AC8, AM1)
    ok 3 - packet has all required fields (AC8, AM1)
      ---
      duration_ms: 0.1429
      ...
    # Subtest: schemaVersion=1 (AC8)
    ok 4 - schemaVersion=1 (AC8)
      ---
      duration_ms: 0.0888
      ...
    # Subtest: monthKey matches the provided month
    ok 5 - monthKey matches the provided month
      ---
      duration_ms: 0.0966
      ...
    # Subtest: packetId = gov-packet-{monthKey}
    ok 6 - packetId = gov-packet-{monthKey}
      ---
      duration_ms: 0.0865
      ...
    # Subtest: highRiskThreshold = 0.7 (AM2)
    ok 7 - highRiskThreshold = 0.7 (AM2)
      ---
      duration_ms: 0.0876
      ...
    # Subtest: reviewPeriodStart and reviewPeriodEnd are ISO timestamps for the month
    ok 8 - reviewPeriodStart and reviewPeriodEnd are ISO timestamps for the month
      ---
      duration_ms: 0.1046
      ...
    # Subtest: AC1: decisionLogs array present with entries for the period
    ok 9 - AC1: decisionLogs array present with entries for the period
      ---
      duration_ms: 0.097
      ...
    # Subtest: AC1: each decisionLog entry has all required fields
    ok 10 - AC1: each decisionLog entry has all required fields
      ---
      duration_ms: 0.1457
      ...
    # Subtest: AC1: metrics object has all 8 required metrics fields (AM3)
    ok 11 - AC1: metrics object has all 8 required metrics fields (AM3)
      ---
      duration_ms: 0.3087
      ...
    # Subtest: AC1: metrics.totalCycles reflects improvement_reports in the period
    ok 12 - AC1: metrics.totalCycles reflects improvement_reports in the period
      ---
      duration_ms: 0.1995
      ...
    # Subtest: AC1: metrics.completedTasks reflects evolution_progress completed count
    ok 13 - AC1: metrics.completedTasks reflects evolution_progress completed count
      ---
      duration_ms: 0.341
      ...
    # Subtest: AC1: metrics.highRiskChangeCount = 1 (one high-risk evidence record)
    ok 14 - AC1: metrics.highRiskChangeCount = 1 (one high-risk evidence record)
      ---
      duration_ms: 0.1191
      ...
    # Subtest: AC1: unresolvedRisks array present
    ok 15 - AC1: unresolvedRisks array present
      ---
      duration_ms: 0.19
      ...
    # Subtest: AC2: highRiskChanges array present
    ok 16 - AC2: highRiskChanges array present
      ---
      duration_ms: 0.1266
      ...
    # Subtest: AC2: highRiskChanges entries include owner and rollbackStatus
    ok 17 - AC2: highRiskChanges entries include owner and rollbackStatus
      ---
      duration_ms: 0.2288
      ...
    # Subtest: AC5: cycleId from evolution_progress.cycle_id
    ok 18 - AC5: cycleId from evolution_progress.cycle_id
      ---
      duration_ms: 0.1673
      ...
    # Subtest: AC5: interventionIds array contains intervention IDs from experiments
    ok 19 - AC5: interventionIds array contains intervention IDs from experiments
      ---
      duration_ms: 0.2069
      ...
    1..19
ok 251 - generateGovernancePacket() ÔÇö happy path with all sources
  ---
  duration_ms: 112.6751
  type: 'suite'
  ...
# Subtest: generateGovernancePacket() ÔÇö AC4: no secrets in output
    # Subtest: no top-level field in packet contains 'token' or 'secret' or 'apikey' key
    ok 1 - no top-level field in packet contains 'token' or 'secret' or 'apikey' key
      ---
      duration_ms: 1.0621
      ...
    # Subtest: decisionLog entry does not contain secret fields
    ok 2 - decisionLog entry does not contain secret fields
      ---
      duration_ms: 0.5227
      ...
    # Subtest: highRiskChanges approval entries do not contain nested secret fields
    ok 3 - highRiskChanges approval entries do not contain nested secret fields
      ---
      duration_ms: 0.2422
      ...
    1..3
ok 252 - generateGovernancePacket() ÔÇö AC4: no secrets in output
  ---
  duration_ms: 87.6692
  type: 'suite'
  ...
# Subtest: generateGovernancePacket() ÔÇö AC9/AC10: degraded when evolution_progress missing
    # Subtest: ok=true (generator never throws on missing files)
    ok 1 - ok=true (generator never throws on missing files)
      ---
      duration_ms: 0.4023
      ...
    # Subtest: status=degraded when evolution_progress is missing (AC10)
    ok 2 - status=degraded when evolution_progress is missing (AC10)
      ---
      duration_ms: 0.0894
      ...
    # Subtest: degradedSources contains EVOLUTION_ABSENT (AC9 ÔÇö ABSENT for missing file)
    ok 3 - degradedSources contains EVOLUTION_ABSENT (AC9 ÔÇö ABSENT for missing file)
      ---
      duration_ms: 0.104
      ...
    # Subtest: cycleId falls back to cycle-{monthKey} (no silent null)
    ok 4 - cycleId falls back to cycle-{monthKey} (no silent null)
      ---
      duration_ms: 0.0822
      ...
    1..4
ok 253 - generateGovernancePacket() ÔÇö AC9/AC10: degraded when evolution_progress missing
  ---
  duration_ms: 70.3801
  type: 'suite'
  ...
# Subtest: generateGovernancePacket() ÔÇö AC9: EVOLUTION_INVALID for corrupt file
    # Subtest: degradedSources contains EVOLUTION_INVALID (not EVOLUTION_ABSENT) for corrupt file
    ok 1 - degradedSources contains EVOLUTION_INVALID (not EVOLUTION_ABSENT) for corrupt file
      ---
      duration_ms: 0.3081
      ...
    1..1
ok 254 - generateGovernancePacket() ÔÇö AC9: EVOLUTION_INVALID for corrupt file
  ---
  duration_ms: 64.0924
  type: 'suite'
  ...
# Subtest: generateGovernancePacket() ÔÇö AC10: all sources missing
    # Subtest: ok=true ÔÇö generator never throws even with empty stateDir (AC10)
    ok 1 - ok=true ÔÇö generator never throws even with empty stateDir (AC10)
      ---
      duration_ms: 0.3674
      ...
    # Subtest: status=degraded (AC10 ÔÇö explicit status field)
    ok 2 - status=degraded (AC10 ÔÇö explicit status field)
      ---
      duration_ms: 0.1381
      ...
    # Subtest: degradedSources is non-empty (AC10 ÔÇö machine-readable reason codes)
    ok 3 - degradedSources is non-empty (AC10 ÔÇö machine-readable reason codes)
      ---
      duration_ms: 0.1067
      ...
    # Subtest: packet is a non-null object ÔÇö no silent failure (AC10)
    ok 4 - packet is a non-null object ÔÇö no silent failure (AC10)
      ---
      duration_ms: 0.1107
      ...
    # Subtest: packet still has all required fields even when degraded (AC8)
    ok 5 - packet still has all required fields even when degraded (AC8)
      ---
      duration_ms: 0.1094
      ...
    # Subtest: metrics fields all present even when degraded (AM3)
    ok 6 - metrics fields all present even when degraded (AM3)
      ---
      duration_ms: 0.1198
      ...
    1..6
ok 255 - generateGovernancePacket() ÔÇö AC10: all sources missing
  ---
  duration_ms: 15.8896
  type: 'suite'
  ...
# Subtest: generateGovernancePacket() ÔÇö AC3: deterministic output from same state
    # Subtest: two successive calls produce packets with identical structure (AC3)
    ok 1 - two successive calls produce packets with identical structure (AC3)
      ---
      duration_ms: 8.0563
      ...
    1..1
ok 256 - generateGovernancePacket() ÔÇö AC3: deterministic output from same state
  ---
  duration_ms: 22.0591
  type: 'suite'
  ...
# Subtest: persistGovernancePacket() ÔÇö AC9: null input ÔåÆ MISSING_INPUT
    # Subtest: returns ok=false with MISSING_INPUT reason for null
    ok 1 - returns ok=false with MISSING_INPUT reason for null
      ---
      duration_ms: 0.422
      ...
    # Subtest: returns ok=false with MISSING_INPUT reason for undefined
    ok 2 - returns ok=false with MISSING_INPUT reason for undefined
      ---
      duration_ms: 0.1502
      ...
    1..2
ok 257 - persistGovernancePacket() ÔÇö AC9: null input ÔåÆ MISSING_INPUT
  ---
  duration_ms: 0.7031
  type: 'suite'
  ...
# Subtest: persistGovernancePacket() ÔÇö AC9: array input ÔåÆ INVALID_INPUT
    # Subtest: returns ok=false with INVALID_INPUT reason for array
    ok 1 - returns ok=false with INVALID_INPUT reason for array
      ---
      duration_ms: 0.1446
      ...
    1..1
ok 258 - persistGovernancePacket() ÔÇö AC9: array input ÔåÆ INVALID_INPUT
  ---
  duration_ms: 0.215
  type: 'suite'
  ...
# Subtest: persistGovernancePacket() ÔÇö AC9: missing required field ÔåÆ INVALID_INPUT
    # Subtest: returns ok=false with INVALID_INPUT when packet misses required field
    ok 1 - returns ok=false with INVALID_INPUT when packet misses required field
      ---
      duration_ms: 0.256
      ...
    1..1
ok 259 - persistGovernancePacket() ÔÇö AC9: missing required field ÔåÆ INVALID_INPUT
  ---
  duration_ms: 0.3295
  type: 'suite'
  ...
# Subtest: persistGovernancePacket() ÔÇö AC9: invalid monthKey format ÔåÆ INVALID_INPUT
    # Subtest: returns ok=false with INVALID_INPUT for bad monthKey
    ok 1 - returns ok=false with INVALID_INPUT for bad monthKey
      ---
      duration_ms: 0.1655
      ...
    1..1
ok 260 - persistGovernancePacket() ÔÇö AC9: invalid monthKey format ÔåÆ INVALID_INPUT
  ---
  duration_ms: 0.2395
  type: 'suite'
  ...
# Subtest: persistGovernancePacket() ÔÇö happy path: writes correct file
    # Subtest: writes packet to governance_packets/ sub-directory (AC6, AM6)
    ok 1 - writes packet to governance_packets/ sub-directory (AC6, AM6)
      ---
      duration_ms: 3.9178
      ...
    # Subtest: written file contains valid JSON matching the packet
    ok 2 - written file contains valid JSON matching the packet
      ---
      duration_ms: 2.7611
      ...
    # Subtest: output is NOT in state/ root ÔÇö uses governance_packets/ sub-directory (AM6)
    ok 3 - output is NOT in state/ root ÔÇö uses governance_packets/ sub-directory (AM6)
      ---
      duration_ms: 4.1928
      ...
    1..3
ok 261 - persistGovernancePacket() ÔÇö happy path: writes correct file
  ---
  duration_ms: 26.6143
  type: 'suite'
  ...
# Subtest: generateGovernancePacket() ÔÇö AC2/AC7: rollback status derivation
    # Subtest: highRiskChange with matching rolled_back experiment gets rollbackStatus=rolled_back
    ok 1 - highRiskChange with matching rolled_back experiment gets rollbackStatus=rolled_back
      ---
      duration_ms: 0.3159
      ...
    1..1
ok 262 - generateGovernancePacket() ÔÇö AC2/AC7: rollback status derivation
  ---
  duration_ms: 81.6632
  type: 'suite'
  ...
# Subtest: GOVERNANCE_PACKET_METRICS_FIELDS ÔÇö AM3
    # Subtest: contains exactly 8 fields
    ok 1 - contains exactly 8 fields
      ---
      duration_ms: 0.3632
      ...
    1..1
ok 263 - GOVERNANCE_PACKET_METRICS_FIELDS ÔÇö AM3
  ---
  duration_ms: 0.4671
  type: 'suite'
  ...
# Subtest: SECRET_KEY_PATTERNS
    # Subtest: is a frozen array
    ok 1 - is a frozen array
      ---
      duration_ms: 0.148
      ...
    # Subtest: contains 'token', 'secret', 'password', 'apikey'
    ok 2 - contains 'token', 'secret', 'password', 'apikey'
      ---
      duration_ms: 1.8714
      ...
    1..2
ok 264 - SECRET_KEY_PATTERNS
  ---
  duration_ms: 4.1345
  type: 'suite'
  ...
# Subtest: Constants ÔÇö cycle interval and latency SLA (AC12)
    # Subtest: CYCLE_INTERVAL_MS is a positive finite number
    ok 1 - CYCLE_INTERVAL_MS is a positive finite number
      ---
      duration_ms: 1.3585
      ...
    # Subtest: GUARDRAIL_LATENCY_SLA_MS equals CYCLE_INTERVAL_MS
    ok 2 - GUARDRAIL_LATENCY_SLA_MS equals CYCLE_INTERVAL_MS
      ---
      duration_ms: 0.5488
      ...
    1..2
ok 265 - Constants ÔÇö cycle interval and latency SLA (AC12)
  ---
  duration_ms: 12.7908
  type: 'suite'
  ...
# Subtest: GUARDRAIL_REASON_CODE catalog (AC13)
    # Subtest: exports a non-empty frozen object
    ok 1 - exports a non-empty frozen object
      ---
      duration_ms: 0.3787
      ...
    # Subtest: contains all required reason codes
    ok 2 - contains all required reason codes
      ---
      duration_ms: 0.2274
      ...
    # Subtest: all values are non-empty strings
    ok 3 - all values are non-empty strings
      ---
      duration_ms: 1.1284
      ...
    1..3
ok 266 - GUARDRAIL_REASON_CODE catalog (AC13)
  ---
  duration_ms: 3.7046
  type: 'suite'
  ...
# Subtest: Escalation mechanism constants (AC14)
    # Subtest: ESCALATION_TARGET is a non-empty string
    ok 1 - ESCALATION_TARGET is a non-empty string
      ---
      duration_ms: 0.3533
      ...
    # Subtest: ESCALATION_MECHANISM is 'state_file'
    ok 2 - ESCALATION_MECHANISM is 'state_file'
      ---
      duration_ms: 0.2489
      ...
    1..2
ok 267 - Escalation mechanism constants (AC14)
  ---
  duration_ms: 0.9283
  type: 'suite'
  ...
# Subtest: All catastrophe scenarios have guardrail action trees (AC11)
    # Subtest: all 6 CATASTROPHE_SCENARIO values are defined
    ok 1 - all 6 CATASTROPHE_SCENARIO values are defined
      ---
      duration_ms: 0.2467
      ...
    # Subtest: every scenario produces guardrail entries when detected
    ok 2 - every scenario produces guardrail entries when detected
      ---
      duration_ms: 2.8567
      ...
    # Subtest: FREEZE_SELF_IMPROVEMENT action is present in GUARDRAIL_ACTION
    ok 3 - FREEZE_SELF_IMPROVEMENT action is present in GUARDRAIL_ACTION
      ---
      duration_ms: 0.2973
      ...
    # Subtest: FORCE_CHECKPOINT_VALIDATION action is present in GUARDRAIL_ACTION
    ok 4 - FORCE_CHECKPOINT_VALIDATION action is present in GUARDRAIL_ACTION
      ---
      duration_ms: 0.3112
      ...
    1..4
ok 268 - All catastrophe scenarios have guardrail action trees (AC11)
  ---
  duration_ms: 4.1967
  type: 'suite'
  ...
# Subtest: Dry-run mode (AC3 / AC15)
    # Subtest: executeGuardrailAction with dryRun=true does not write state file
    ok 1 - executeGuardrailAction with dryRun=true does not write state file
      ---
      duration_ms: 7.5692
      ...
    # Subtest: executeGuardrailAction with dryRun=true does not write state file, but records dry_run audit entry
    ok 2 - executeGuardrailAction with dryRun=true does not write state file, but records dry_run audit entry
      ---
      duration_ms: 42.2236
      ...
    # Subtest: executeGuardrailsForDetections in dry-run mode returns withinSla and no state files
    ok 3 - executeGuardrailsForDetections in dry-run mode returns withinSla and no state files
      ---
      duration_ms: 93.9655
      ...
    1..3
ok 269 - Dry-run mode (AC3 / AC15)
  ---
  duration_ms: 158.5237
  type: 'suite'
  ...
# Subtest: executeGuardrailAction ÔÇö flag-type actions (AC2)
    # Subtest: executes pause_workers and writes state file with enabled=true
    ok 1 - executes pause_workers and writes state file with enabled=true
      ---
      duration_ms: 34.1187
      ...
    # Subtest: executes freeze_self_improvement and writes state file with enabled=true
    ok 2 - executes freeze_self_improvement and writes state file with enabled=true
      ---
      duration_ms: 20.7486
      ...
    # Subtest: executes force_checkpoint_validation and writes state file with enabled=true
    ok 3 - executes force_checkpoint_validation and writes state file with enabled=true
      ---
      duration_ms: 22.6972
      ...
    # Subtest: executes increase_delay and writes state file with enabled=true
    ok 4 - executes increase_delay and writes state file with enabled=true
      ---
      duration_ms: 25.6588
      ...
    # Subtest: executes reset_retry_counter and writes state file with enabled=true
    ok 5 - executes reset_retry_counter and writes state file with enabled=true
      ---
      duration_ms: 35.595
      ...
    # Subtest: executes skip_cycle and writes state file with enabled=true
    ok 6 - executes skip_cycle and writes state file with enabled=true
      ---
      duration_ms: 49.8295
      ...
    # Subtest: executes NOTIFY_HUMAN and appends to notifications file
    ok 7 - executes NOTIFY_HUMAN and appends to notifications file
      ---
      duration_ms: 46.0246
      ...
    # Subtest: executes ESCALATE and writes escalations with target and mechanism
    ok 8 - executes ESCALATE and writes escalations with target and mechanism
      ---
      duration_ms: 77.6339
      ...
    1..8
ok 270 - executeGuardrailAction ÔÇö flag-type actions (AC2)
  ---
  duration_ms: 321.9597
  type: 'suite'
  ...
# Subtest: Audit log ÔÇö GuardrailAuditEntry schema (AC8)
    # Subtest: audit log entry has all required fields with correct types
    ok 1 - audit log entry has all required fields with correct types
      ---
      duration_ms: 42.7708
      ...
    # Subtest: automated action sets operatorId=null and operatorReason=null
    ok 2 - automated action sets operatorId=null and operatorReason=null
      ---
      duration_ms: 58.3624
      ...
    1..2
ok 271 - Audit log ÔÇö GuardrailAuditEntry schema (AC8)
  ---
  duration_ms: 123.7314
  type: 'suite'
  ...
# Subtest: applyManualOverride ÔÇö operator identity + audit trail (AC4)
    # Subtest: applies action and records manual_override audit entry
    ok 1 - applies action and records manual_override audit entry
      ---
      duration_ms: 44.6323
      ...
    1..1
ok 272 - applyManualOverride ÔÇö operator identity + audit trail (AC4)
  ---
  duration_ms: 58.6264
  type: 'suite'
  ...
# Subtest: Input validation ÔÇö MISSING vs INVALID (AC9)
    # Subtest: executeGuardrailsForDetections: null detections ÔåÆ MISSING_DETECTIONS
    ok 1 - executeGuardrailsForDetections: null detections ÔåÆ MISSING_DETECTIONS
      ---
      duration_ms: 1.6155
      ...
    # Subtest: executeGuardrailsForDetections: non-array detections ÔåÆ INVALID_DETECTIONS
    ok 2 - executeGuardrailsForDetections: non-array detections ÔåÆ INVALID_DETECTIONS
      ---
      duration_ms: 0.1898
      ...
    # Subtest: applyManualOverride: null spec ÔåÆ MISSING_OVERRIDE_SPEC
    ok 3 - applyManualOverride: null spec ÔåÆ MISSING_OVERRIDE_SPEC
      ---
      duration_ms: 0.2498
      ...
    # Subtest: applyManualOverride: missing operatorId ÔåÆ MISSING_OPERATOR_ID
    ok 4 - applyManualOverride: missing operatorId ÔåÆ MISSING_OPERATOR_ID
      ---
      duration_ms: 0.1307
      ...
    # Subtest: applyManualOverride: empty operatorId string ÔåÆ MISSING_OPERATOR_ID
    ok 5 - applyManualOverride: empty operatorId string ÔåÆ MISSING_OPERATOR_ID
      ---
      duration_ms: 0.1086
      ...
    # Subtest: applyManualOverride: missing operatorReason ÔåÆ MISSING_OPERATOR_REASON
    ok 6 - applyManualOverride: missing operatorReason ÔåÆ MISSING_OPERATOR_REASON
      ---
      duration_ms: 0.1312
      ...
    # Subtest: applyManualOverride: invalid action ÔåÆ INVALID_ACTION
    ok 7 - applyManualOverride: invalid action ÔåÆ INVALID_ACTION
      ---
      duration_ms: 0.1937
      ...
    # Subtest: applyManualOverride: missing scenarioId ÔåÆ INVALID_SCENARIO_ID
    ok 8 - applyManualOverride: missing scenarioId ÔåÆ INVALID_SCENARIO_ID
      ---
      duration_ms: 0.1355
      ...
    # Subtest: executeGuardrailAction: invalid action ÔåÆ INVALID_ACTION, ok=false
    ok 9 - executeGuardrailAction: invalid action ÔåÆ INVALID_ACTION, ok=false
      ---
      duration_ms: 0.1258
      ...
    # Subtest: revertGuardrailAction: null actionId ÔåÆ MISSING_ACTION_ID
    ok 10 - revertGuardrailAction: null actionId ÔåÆ MISSING_ACTION_ID
      ---
      duration_ms: 0.3029
      ...
    # Subtest: revertGuardrailAction: missing operatorId ÔåÆ MISSING_OPERATOR_ID
    ok 11 - revertGuardrailAction: missing operatorId ÔåÆ MISSING_OPERATOR_ID
      ---
      duration_ms: 0.1706
      ...
    # Subtest: revertGuardrailAction: missing operatorReason ÔåÆ MISSING_OPERATOR_REASON
    ok 12 - revertGuardrailAction: missing operatorReason ÔåÆ MISSING_OPERATOR_REASON
      ---
      duration_ms: 0.1152
      ...
    # Subtest: revertGuardrailAction: unknown actionId ÔåÆ ACTION_NOT_FOUND
    ok 13 - revertGuardrailAction: unknown actionId ÔåÆ ACTION_NOT_FOUND
      ---
      duration_ms: 25.6927
      ...
    1..13
ok 273 - Input validation ÔÇö MISSING vs INVALID (AC9)
  ---
  duration_ms: 29.8848
  type: 'suite'
  ...
# Subtest: revertGuardrailAction ÔÇö reversibility (AC2)
    # Subtest: reverts a flag-type guardrail by setting enabled=false
    ok 1 - reverts a flag-type guardrail by setting enabled=false
      ---
      duration_ms: 76.3809
      ...
    1..1
ok 274 - revertGuardrailAction ÔÇö reversibility (AC2)
  ---
  duration_ms: 77.7099
  type: 'suite'
  ...
# Subtest: Latency SLA (AC5)
    # Subtest: executeGuardrailsForDetections completes within GUARDRAIL_LATENCY_SLA_MS (30000ms)
    ok 1 - executeGuardrailsForDetections completes within GUARDRAIL_LATENCY_SLA_MS (30000ms)
      ---
      duration_ms: 505.2628
      ...
    1..1
ok 275 - Latency SLA (AC5)
  ---
  duration_ms: 505.6635
  type: 'suite'
  ...
# Subtest: No silent fallback ÔÇö explicit status + reason (AC10)
    # Subtest: executeGuardrailsForDetections with null returns ok=false + status=degraded + reason
    ok 1 - executeGuardrailsForDetections with null returns ok=false + status=degraded + reason
      ---
      duration_ms: 0.2219
      ...
    # Subtest: applyManualOverride with null returns ok=false + explicit reasonCode
    ok 2 - applyManualOverride with null returns ok=false + explicit reasonCode
      ---
      duration_ms: 0.1279
      ...
    # Subtest: executeGuardrailAction with invalid action returns ok=false + reasonCode
    ok 3 - executeGuardrailAction with invalid action returns ok=false + reasonCode
      ---
      duration_ms: 0.1132
      ...
    1..3
ok 276 - No silent fallback ÔÇö explicit status + reason (AC10)
  ---
  duration_ms: 0.6054
  type: 'suite'
  ...
# Subtest: executeGuardrailsForDetections ÔÇö batch execution
    # Subtest: executes all guardrails for detected scenarios and returns results array
    ok 1 - executes all guardrails for detected scenarios and returns results array
      ---
      duration_ms: 44.2822
      ...
    # Subtest: returns ok=true with empty results for empty detections array
    ok 2 - returns ok=true with empty results for empty detections array
      ---
      duration_ms: 1.3329
      ...
    1..2
ok 277 - executeGuardrailsForDetections ÔÇö batch execution
  ---
  duration_ms: 75.3046
  type: 'suite'
  ...
# Subtest: isGuardrailActive ÔÇö state file query
    # Subtest: returns false when no state file exists
    ok 1 - returns false when no state file exists
      ---
      duration_ms: 1.2153
      ...
    # Subtest: returns true after applying a flag-type action
    ok 2 - returns true after applying a flag-type action
      ---
      duration_ms: 22.0123
      ...
    # Subtest: returns false after reverting a flag-type action
    ok 3 - returns false after reverting a flag-type action
      ---
      duration_ms: 46.418
      ...
    1..3
ok 278 - isGuardrailActive ÔÇö state file query
  ---
  duration_ms: 84.7283
  type: 'suite'
  ...
# Subtest: Automated guardrail execution from catastrophe detections (AC1)
    # Subtest: executeGuardrailsForDetections writes guardrail state files for real detections
    ok 1 - executeGuardrailsForDetections writes guardrail state files for real detections
      ---
      duration_ms: 133.2352
      ...
    # Subtest: guardrails for MASS_BLOCKED_TASKS include PAUSE_WORKERS action
    ok 2 - guardrails for MASS_BLOCKED_TASKS include PAUSE_WORKERS action
      ---
      duration_ms: 30.8309
      ...
    # Subtest: guardrails for BUDGET_EXHAUSTION_SPIRAL include FREEZE_SELF_IMPROVEMENT action
    ok 3 - guardrails for BUDGET_EXHAUSTION_SPIRAL include FREEZE_SELF_IMPROVEMENT action
      ---
      duration_ms: 1.5627
      ...
    1..3
ok 279 - Automated guardrail execution from catastrophe detections (AC1)
  ---
  duration_ms: 172.0758
  type: 'suite'
  ...
# Subtest: Dry-run isolation (AC3) ÔÇö no state files written in dry-run mode
    # Subtest: executeGuardrailsForDetections dry-run writes NO guardrail state files
    ok 1 - executeGuardrailsForDetections dry-run writes NO guardrail state files
      ---
      duration_ms: 90.2629
      ...
    1..1
ok 280 - Dry-run isolation (AC3) ÔÇö no state files written in dry-run mode
  ---
  duration_ms: 90.5558
  type: 'suite'
  ...
# Subtest: Latency SLA (AC5) ÔÇö guardrail execution returns withinSla
    # Subtest: executeGuardrailsForDetections completes within GUARDRAIL_LATENCY_SLA_MS (30000ms)
    ok 1 - executeGuardrailsForDetections completes within GUARDRAIL_LATENCY_SLA_MS (30000ms)
      ---
      duration_ms: 500.4186
      ...
    1..1
ok 281 - Latency SLA (AC5) ÔÇö guardrail execution returns withinSla
  ---
  duration_ms: 500.7723
  type: 'suite'
  ...
# [box][warn] [self-improvement] FREEZE_SELF_IMPROVEMENT guardrail active ÔÇö skipping cycle
# Subtest: FREEZE_SELF_IMPROVEMENT enforcement in self_improvement (AC1/AC7)
    # Subtest: runSelfImprovementCycle returns null when FREEZE_SELF_IMPROVEMENT guardrail is active
    ok 1 - runSelfImprovementCycle returns null when FREEZE_SELF_IMPROVEMENT guardrail is active
      ---
      duration_ms: 145.7119
      ...
# [box][warn] [self-improvement] outcome collection degraded: PROMETHEUS_ABSENT ÔÇö source=worker_sessions
    # Subtest: runSelfImprovementCycle proceeds past guardrail gate when FREEZE_SELF_IMPROVEMENT is NOT active (negative path)
    ok 2 - runSelfImprovementCycle proceeds past guardrail gate when FREEZE_SELF_IMPROVEMENT is NOT active (negative path)
      ---
      duration_ms: 48.2584
      ...
# [box][warn] [self-improvement] outcome collection degraded: PROMETHEUS_ABSENT ÔÇö source=worker_sessions
    # Subtest: systemGuardian.enabled=false bypasses guardrail check (rollback path)
    ok 3 - systemGuardian.enabled=false bypasses guardrail check (rollback path)
      ---
      duration_ms: 85.988
      ...
    1..3
ok 282 - FREEZE_SELF_IMPROVEMENT enforcement in self_improvement (AC1/AC7)
  ---
  duration_ms: 281.7732
  type: 'suite'
  ...
# Subtest: Guardrail state file has reasonCode (AC2)
    # Subtest: executed guardrail state file includes reasonCode and scenarioId
    ok 1 - executed guardrail state file includes reasonCode and scenarioId
      ---
      duration_ms: 50.6933
      ...
    1..1
ok 283 - Guardrail state file has reasonCode (AC2)
  ---
  duration_ms: 51.0835
  type: 'suite'
  ...
# Subtest: No silent fallback (AC10) ÔÇö invalid inputs return explicit status=degraded
    # Subtest: executeGuardrailsForDetections with null returns ok=false, status=degraded, and reason
    ok 1 - executeGuardrailsForDetections with null returns ok=false, status=degraded, and reason
      ---
      duration_ms: 0.6508
      ...
    # Subtest: executeGuardrailsForDetections with non-array returns ok=false, status=degraded
    ok 2 - executeGuardrailsForDetections with non-array returns ok=false, status=degraded
      ---
      duration_ms: 0.3373
      ...
    1..2
ok 284 - No silent fallback (AC10) ÔÇö invalid inputs return explicit status=degraded
  ---
  duration_ms: 1.4912
  type: 'suite'
  ...
# Subtest: VALID_SCOPE_TIERS (AC8, AC11 ÔÇö scope tier enum defined)
    # Subtest: contains exactly four required tiers
    ok 1 - contains exactly four required tiers
      ---
      duration_ms: 1.1004
      ...
    # Subtest: does not contain non-standard tiers
    ok 2 - does not contain non-standard tiers
      ---
      duration_ms: 0.2401
      ...
    1..2
ok 285 - VALID_SCOPE_TIERS (AC8, AC11 ÔÇö scope tier enum defined)
  ---
  duration_ms: 2.6068
  type: 'suite'
  ...
# Subtest: VALID_SELECTION_STATUSES (AC8)
    # Subtest: contains all five required selection statuses
    ok 1 - contains all five required selection statuses
      ---
      duration_ms: 0.517
      ...
    1..1
ok 286 - VALID_SELECTION_STATUSES (AC8)
  ---
  duration_ms: 0.7007
  type: 'suite'
  ...
# Subtest: DEFAULT_TIER_SLOTS (AC1, AC12 ÔÇö numeric limits defined)
    # Subtest: critical and high tiers have slot limit 1
    ok 1 - critical and high tiers have slot limit 1
      ---
      duration_ms: 1.2068
      ...
    # Subtest: medium tier has slot limit 2
    ok 2 - medium tier has slot limit 2
      ---
      duration_ms: 0.2441
      ...
    # Subtest: low tier has slot limit 3
    ok 3 - low tier has slot limit 3
      ---
      duration_ms: 0.1518
      ...
    1..3
ok 287 - DEFAULT_TIER_SLOTS (AC1, AC12 ÔÇö numeric limits defined)
  ---
  duration_ms: 2.1405
  type: 'suite'
  ...
# Subtest: HIGH_IMPACT_SCORE_THRESHOLD (AC11 ÔÇö threshold defined)
    # Subtest: is a finite number in [0, 1]
    ok 1 - is a finite number in [0, 1]
      ---
      duration_ms: 0.3635
      ...
    # Subtest: is 0.7 (the documented threshold)
    ok 2 - is 0.7 (the documented threshold)
      ---
      duration_ms: 0.1819
      ...
    1..2
ok 288 - HIGH_IMPACT_SCORE_THRESHOLD (AC11 ÔÇö threshold defined)
  ---
  duration_ms: 1
  type: 'suite'
  ...
# Subtest: validateSchedulerCandidate ÔÇö happy path (AC9)
    # Subtest: accepts a fully valid candidate
    ok 1 - accepts a fully valid candidate
      ---
      duration_ms: 1.0741
      ...
    # Subtest: accepts all valid scope tiers
    ok 2 - accepts all valid scope tiers
      ---
      duration_ms: 2.0619
      ...
    1..2
ok 289 - validateSchedulerCandidate ÔÇö happy path (AC9)
  ---
  duration_ms: 3.9307
  type: 'suite'
  ...
# Subtest: validateSchedulerCandidate ÔÇö MISSING_FIELD codes (AC9)
    # Subtest: returns MISSING_FIELD for absent experimentId
    ok 1 - returns MISSING_FIELD for absent experimentId
      ---
      duration_ms: 0.5818
      ...
    # Subtest: returns MISSING_FIELD for absent scopeTier
    ok 2 - returns MISSING_FIELD for absent scopeTier
      ---
      duration_ms: 0.6538
      ...
    # Subtest: returns MISSING_FIELD for absent impactScore
    ok 3 - returns MISSING_FIELD for absent impactScore
      ---
      duration_ms: 0.5585
      ...
    # Subtest: returns MISSING_FIELD for absent interventionScope
    ok 4 - returns MISSING_FIELD for absent interventionScope
      ---
      duration_ms: 0.2784
      ...
    1..4
ok 290 - validateSchedulerCandidate ÔÇö MISSING_FIELD codes (AC9)
  ---
  duration_ms: 2.6306
  type: 'suite'
  ...
# Subtest: validateSchedulerCandidate ÔÇö INVALID_VALUE codes (AC9)
    # Subtest: returns INVALID_VALUE for out-of-range impactScore (>1)
    ok 1 - returns INVALID_VALUE for out-of-range impactScore (>1)
      ---
      duration_ms: 0.411
      ...
    # Subtest: returns INVALID_VALUE for negative impactScore
    ok 2 - returns INVALID_VALUE for negative impactScore
      ---
      duration_ms: 0.2678
      ...
    # Subtest: returns INVALID_VALUE for unknown scopeTier (not null ÔÇö present but wrong)
    ok 3 - returns INVALID_VALUE for unknown scopeTier (not null ÔÇö present but wrong)
      ---
      duration_ms: 0.2525
      ...
    # Subtest: returns INVALID_VALUE for empty interventionScope array
    ok 4 - returns INVALID_VALUE for empty interventionScope array
      ---
      duration_ms: 0.946
      ...
    # Subtest: returns MISSING_FIELD (not INVALID_VALUE) for null input ÔÇö distinguishes absent from invalid
    ok 5 - returns MISSING_FIELD (not INVALID_VALUE) for null input ÔÇö distinguishes absent from invalid
      ---
      duration_ms: 0.6706
      ...
    1..5
ok 291 - validateSchedulerCandidate ÔÇö INVALID_VALUE codes (AC9)
  ---
  duration_ms: 3.5961
  type: 'suite'
  ...
# Subtest: isHighImpact (AC11 ÔÇö high-impact classification defined)
    # Subtest: classifies score >= threshold as high-impact
    ok 1 - classifies score >= threshold as high-impact
      ---
      duration_ms: 0.5611
      ...
    # Subtest: classifies score < threshold as NOT high-impact (medium/low tiers)
    ok 2 - classifies score < threshold as NOT high-impact (medium/low tiers)
      ---
      duration_ms: 0.1801
      ...
    # Subtest: classifies 'critical' tier as always high-impact regardless of score
    ok 3 - classifies 'critical' tier as always high-impact regardless of score
      ---
      duration_ms: 0.1563
      ...
    # Subtest: classifies 'high' tier as always high-impact regardless of score
    ok 4 - classifies 'high' tier as always high-impact regardless of score
      ---
      duration_ms: 0.14
      ...
    # Subtest: respects custom threshold
    ok 5 - respects custom threshold
      ---
      duration_ms: 0.2835
      ...
    1..5
ok 292 - isHighImpact (AC11 ÔÇö high-impact classification defined)
  ---
  duration_ms: 1.6915
  type: 'suite'
  ...
# Subtest: buildBaselineMetrics (AC3, AC13 ÔÇö schema and metric list defined)
    # Subtest: includes all five required metric keys
    ok 1 - includes all five required metric keys
      ---
      duration_ms: 0.4531
      ...
    # Subtest: sets metrics to null when outcomes are empty
    ok 2 - sets metrics to null when outcomes are empty
      ---
      duration_ms: 0.1746
      ...
    # Subtest: derives workerTimeoutRate from workerOutcomes
    ok 3 - derives workerTimeoutRate from workerOutcomes
      ---
      duration_ms: 0.1847
      ...
    # Subtest: derives taskCompletionRate from totalPlans and completedCount
    ok 4 - derives taskCompletionRate from totalPlans and completedCount
      ---
      duration_ms: 0.1534
      ...
    # Subtest: maps projectHealth 'good' to cycleSuccessRate=1.0
    ok 5 - maps projectHealth 'good' to cycleSuccessRate=1.0
      ---
      duration_ms: 0.1429
      ...
    # Subtest: maps projectHealth 'warning' to cycleSuccessRate=0.5
    ok 6 - maps projectHealth 'warning' to cycleSuccessRate=0.5
      ---
      duration_ms: 0.1357
      ...
    # Subtest: maps projectHealth 'degraded' to cycleSuccessRate=0.2
    ok 7 - maps projectHealth 'degraded' to cycleSuccessRate=0.2
      ---
      duration_ms: 0.1748
      ...
    # Subtest: extracts decisionQualityScore from outcomes.decisionQuality.score
    ok 8 - extracts decisionQualityScore from outcomes.decisionQuality.score
      ---
      duration_ms: 0.3287
      ...
    1..8
ok 293 - buildBaselineMetrics (AC3, AC13 ÔÇö schema and metric list defined)
  ---
  duration_ms: 2.0485
  type: 'suite'
  ...
# Subtest: captureBaseline / loadBaselines / getBaseline (AC3, AC13)
    # Subtest: stores a baseline snapshot with required fields (schemaVersion, experimentId, capturedAt, metrics)
    ok 1 - stores a baseline snapshot with required fields (schemaVersion, experimentId, capturedAt, metrics)
      ---
      duration_ms: 8.5339
      ...
    # Subtest: persists to hypothesis_baselines.json at the defined path (AC13)
    ok 2 - persists to hypothesis_baselines.json at the defined path (AC13)
      ---
      duration_ms: 12.6664
      ...
    # Subtest: getBaseline returns the stored snapshot by experimentId
    ok 3 - getBaseline returns the stored snapshot by experimentId
      ---
      duration_ms: 1.745
      ...
    # Subtest: getBaseline returns null for unknown experimentId (negative path)
    ok 4 - getBaseline returns null for unknown experimentId (negative path)
      ---
      duration_ms: 1.2326
      ...
    # Subtest: replacing an existing baseline updates it rather than appending a duplicate
    ok 5 - replacing an existing baseline updates it rather than appending a duplicate
      ---
      duration_ms: 17.6352
      ...
    1..5
ok 294 - captureBaseline / loadBaselines / getBaseline (AC3, AC13)
  ---
  duration_ms: 80.223
  type: 'suite'
  ...
# Subtest: buildBudgetSnapshot (AC2, AC12 ÔÇö budget config keys and limits)
    # Subtest: reads maxTotalActiveExperiments from config key
    ok 1 - reads maxTotalActiveExperiments from config key
      ---
      duration_ms: 0.4874
      ...
    # Subtest: reads maxParallelWorkers from runtime config
    ok 2 - reads maxParallelWorkers from runtime config
      ---
      duration_ms: 0.1407
      ...
    # Subtest: reads maxWorkerSpawnsPerCycle from runtime.runtimeBudget
    ok 3 - reads maxWorkerSpawnsPerCycle from runtime.runtimeBudget
      ---
      duration_ms: 0.1112
      ...
    # Subtest: defaults to 3 for maxTotalActiveExperiments when not configured
    ok 4 - defaults to 3 for maxTotalActiveExperiments when not configured
      ---
      duration_ms: 0.1273
      ...
    # Subtest: counts running experiments per tier in tierSlotUsed
    ok 5 - counts running experiments per tier in tierSlotUsed
      ---
      duration_ms: 0.1691
      ...
    # Subtest: tier slot limits in budgetSnapshot reflect config overrides (AC12)
    ok 6 - tier slot limits in budgetSnapshot reflect config overrides (AC12)
      ---
      duration_ms: 0.1228
      ...
    1..6
ok 295 - buildBudgetSnapshot (AC2, AC12 ÔÇö budget config keys and limits)
  ---
  duration_ms: 1.6426
  type: 'suite'
  ...
# Subtest: appendRationale / loadRationale (AC5, AC15 ÔÇö rationale schema and destination)
    # Subtest: writes rationale to state/scheduler_rationale.json (AC15)
    ok 1 - writes rationale to state/scheduler_rationale.json (AC15)
      ---
      duration_ms: 14.4818
      ...
    # Subtest: rationale record includes all required schema fields (AC5, AC8)
    ok 2 - rationale record includes all required schema fields (AC5, AC8)
      ---
      duration_ms: 3.6213
      ...
    # Subtest: selectionStatus is one of the defined enum values (AC8)
    ok 3 - selectionStatus is one of the defined enum values (AC8)
      ---
      duration_ms: 5.2979
      ...
    1..3
ok 296 - appendRationale / loadRationale (AC5, AC15 ÔÇö rationale schema and destination)
  ---
  duration_ms: 35.9005
  type: 'suite'
  ...
# Subtest: scheduleNextExperiment ÔÇö no candidates (AC1)
    # Subtest: returns status=no_candidates when registry has no planned experiments
    ok 1 - returns status=no_candidates when registry has no planned experiments
      ---
      duration_ms: 16.0825
      ...
    # Subtest: writes a rationale record even when no candidates exist (AC5)
    ok 2 - writes a rationale record even when no candidates exist (AC5)
      ---
      duration_ms: 15.4883
      ...
    1..2
ok 297 - scheduleNextExperiment ÔÇö no candidates (AC1)
  ---
  duration_ms: 42.1215
  type: 'suite'
  ...
# Subtest: scheduleNextExperiment ÔÇö selects the highest impactScore candidate (AC1)
    # Subtest: selects the higher-impactScore experiment
    ok 1 - selects the higher-impactScore experiment
      ---
      duration_ms: 0.2438
      ...
    # Subtest: defers the lower-impactScore experiment
    ok 2 - defers the lower-impactScore experiment
      ---
      duration_ms: 0.112
      ...
    # Subtest: captures a baseline for the selected experiment (AC3)
    ok 3 - captures a baseline for the selected experiment (AC3)
      ---
      duration_ms: 0.0995
      ...
    1..3
ok 298 - scheduleNextExperiment ÔÇö selects the highest impactScore candidate (AC1)
  ---
  duration_ms: 122.9482
  type: 'suite'
  ...
# Subtest: scheduleNextExperiment ÔÇö baseline already captured is not recaptured (AC3)
    # Subtest: baselineCaptured=false when baseline already exists
    ok 1 - baselineCaptured=false when baseline already exists
      ---
      duration_ms: 17.0016
      ...
    1..1
ok 299 - scheduleNextExperiment ÔÇö baseline already captured is not recaptured (AC3)
  ---
  duration_ms: 48.1137
  type: 'suite'
  ...
# Subtest: scheduleNextExperiment ÔÇö tier slot enforcement (AC1, AC4)
    # Subtest: defers the critical experiment when tier slot is full (AC1 ÔÇö one high-impact per tier)
    ok 1 - defers the critical experiment when tier slot is full (AC1 ÔÇö one high-impact per tier)
      ---
      duration_ms: 4.1664
      ...
    # Subtest: deferral reason includes TIER_SLOT_FULL with tier name (AC10 ÔÇö explicit reason code)
    ok 2 - deferral reason includes TIER_SLOT_FULL with tier name (AC10 ÔÇö explicit reason code)
      ---
      duration_ms: 0.1169
      ...
    # Subtest: rationale record deferralReasons contains TIER_SLOT_FULL for the deferred experiment (AC5)
    ok 3 - rationale record deferralReasons contains TIER_SLOT_FULL for the deferred experiment (AC5)
      ---
      duration_ms: 9.316
      ...
    1..3
ok 300 - scheduleNextExperiment ÔÇö tier slot enforcement (AC1, AC4)
  ---
  duration_ms: 110.8793
  type: 'suite'
  ...
# Subtest: scheduleNextExperiment ÔÇö interventionScope conflict (AC4)
    # Subtest: defers the conflicting experiment (same interventionScope path)
    ok 1 - defers the conflicting experiment (same interventionScope path)
      ---
      duration_ms: 0.8249
      ...
    # Subtest: deferral reason includes CONFLICT keyword (AC4, AC10)
    ok 2 - deferral reason includes CONFLICT keyword (AC4, AC10)
      ---
      duration_ms: 13.8459
      ...
    1..2
ok 301 - scheduleNextExperiment ÔÇö interventionScope conflict (AC4)
  ---
  duration_ms: 99.1564
  type: 'suite'
  ...
# Subtest: scheduleNextExperiment ÔÇö global active cap (AC2, AC12)
    # Subtest: returns status=budget_exhausted when global cap is reached (AC2)
    ok 1 - returns status=budget_exhausted when global cap is reached (AC2)
      ---
      duration_ms: 0.3025
      ...
    # Subtest: errorCode=GLOBAL_ACTIVE_CAP (AC10 ÔÇö explicit reason code)
    ok 2 - errorCode=GLOBAL_ACTIVE_CAP (AC10 ÔÇö explicit reason code)
      ---
      duration_ms: 0.1857
      ...
    # Subtest: all candidates appear in deferredIds
    ok 3 - all candidates appear in deferredIds
      ---
      duration_ms: 0.119
      ...
    1..3
ok 302 - scheduleNextExperiment ÔÇö global active cap (AC2, AC12)
  ---
  duration_ms: 89.0859
  type: 'suite'
  ...
# Subtest: scheduleNextExperiment ÔÇö engine disabled (AC10 ÔÇö no silent fallback)
    # Subtest: returns status=error with ENGINE_DISABLED errorCode when experimentEngineEnabled=false
    ok 1 - returns status=error with ENGINE_DISABLED errorCode when experimentEngineEnabled=false
      ---
      duration_ms: 0.6077
      ...
    # Subtest: does not write any rationale when engine is disabled (no side-effects)
    ok 2 - does not write any rationale when engine is disabled (no side-effects)
      ---
      duration_ms: 1.5385
      ...
    1..2
ok 303 - scheduleNextExperiment ÔÇö engine disabled (AC10 ÔÇö no silent fallback)
  ---
  duration_ms: 12.3129
  type: 'suite'
  ...
# Subtest: scheduleNextExperiment ÔÇö candidate with invalid scopeTier is deferred, not thrown (AC7, AC10)
    # Subtest: returns status=deferred (not error/throw) for invalid candidate
    ok 1 - returns status=deferred (not error/throw) for invalid candidate
      ---
      duration_ms: 0.4038
      ...
    # Subtest: deferral reason contains INVALID_CANDIDATE with reason code (AC10)
    ok 2 - deferral reason contains INVALID_CANDIDATE with reason code (AC10)
      ---
      duration_ms: 10.9045
      ...
    1..2
ok 304 - scheduleNextExperiment ÔÇö candidate with invalid scopeTier is deferred, not thrown (AC7, AC10)
  ---
  duration_ms: 35.0932
  type: 'suite'
  ...
# Subtest: scheduleNextExperiment ÔÇö rationale is explainable and contains key fields (AC5)
    # Subtest: rationale string mentions the experiment ID
    ok 1 - rationale string mentions the experiment ID
      ---
      duration_ms: 0.2929
      ...
    # Subtest: rationale string mentions the tier
    ok 2 - rationale string mentions the tier
      ---
      duration_ms: 0.091
      ...
    # Subtest: rationale string mentions highImpact flag
    ok 3 - rationale string mentions highImpact flag
      ---
      duration_ms: 0.0778
      ...
    # Subtest: rationale record in state file has selectedFromCount >= 1 (AC5, AC15)
    ok 4 - rationale record in state file has selectedFromCount >= 1 (AC5, AC15)
      ---
      duration_ms: 9.9807
      ...
    # Subtest: baseline captured with all five required metric keys (AC3)
    ok 5 - baseline captured with all five required metric keys (AC3)
      ---
      duration_ms: 1.175
      ...
    1..5
ok 305 - scheduleNextExperiment ÔÇö rationale is explainable and contains key fields (AC5)
  ---
  duration_ms: 33.6661
  type: 'suite'
  ...
# Subtest: scheduleNextExperiment ÔÇö budgetSnapshot in result (AC2)
    # Subtest: result always includes budgetSnapshot with required fields
    ok 1 - result always includes budgetSnapshot with required fields
      ---
      duration_ms: 2.6521
      ...
    1..1
ok 306 - scheduleNextExperiment ÔÇö budgetSnapshot in result (AC2)
  ---
  duration_ms: 16.9131
  type: 'suite'
  ...
# Subtest: exported enums and constants
    # Subtest: INTERVENTION_TYPE contains task, split, followup
    ok 1 - INTERVENTION_TYPE contains task, split, followup
      ---
      duration_ms: 1.3702
      ...
    # Subtest: OPTIMIZER_STATUS contains all four statuses
    ok 2 - OPTIMIZER_STATUS contains all four statuses
      ---
      duration_ms: 0.226
      ...
    # Subtest: SPARSE_DATA_THRESHOLD is 3
    ok 3 - SPARSE_DATA_THRESHOLD is 3
      ---
      duration_ms: 0.1486
      ...
    # Subtest: BUDGET_UNIT is workerSpawns
    ok 4 - BUDGET_UNIT is workerSpawns
      ---
      duration_ms: 0.1295
      ...
    # Subtest: OPTIMIZER_LOG_SCHEMA_VERSION is a positive integer
    ok 5 - OPTIMIZER_LOG_SCHEMA_VERSION is a positive integer
      ---
      duration_ms: 0.1412
      ...
    # Subtest: INTERVENTION_SCHEMA.required includes all required fields
    ok 6 - INTERVENTION_SCHEMA.required includes all required fields
      ---
      duration_ms: 0.9029
      ...
    1..6
ok 307 - exported enums and constants
  ---
  duration_ms: 4.6175
  type: 'suite'
  ...
# Subtest: validateIntervention
    # Subtest: accepts a fully valid intervention
    ok 1 - accepts a fully valid intervention
      ---
      duration_ms: 0.5051
      ...
    # Subtest: rejects null with MISSING_INPUT (not INVALID_FIELD)
    ok 2 - rejects null with MISSING_INPUT (not INVALID_FIELD)
      ---
      duration_ms: 0.2413
      ...
    # Subtest: rejects undefined with MISSING_INPUT
    ok 3 - rejects undefined with MISSING_INPUT
      ---
      duration_ms: 0.2467
      ...
    # Subtest: rejects a non-object (string) with INVALID_TYPE
    ok 4 - rejects a non-object (string) with INVALID_TYPE
      ---
      duration_ms: 0.2263
      ...
    # Subtest: rejects an array with INVALID_TYPE
    ok 5 - rejects an array with INVALID_TYPE
      ---
      duration_ms: 0.1431
      ...
    # Subtest: rejects when required field is missing ÔÇö reports MISSING_FIELD with field name
    ok 6 - rejects when required field is missing ÔÇö reports MISSING_FIELD with field name
      ---
      duration_ms: 0.3379
      ...
    # Subtest: rejects invalid type enum value with INVALID_FIELD
    ok 7 - rejects invalid type enum value with INVALID_FIELD
      ---
      duration_ms: 0.2799
      ...
    # Subtest: rejects non-integer wave with INVALID_FIELD
    ok 8 - rejects non-integer wave with INVALID_FIELD
      ---
      duration_ms: 0.2586
      ...
    # Subtest: rejects wave < 1 with INVALID_FIELD
    ok 9 - rejects wave < 1 with INVALID_FIELD
      ---
      duration_ms: 0.1892
      ...
    # Subtest: rejects empty id string with INVALID_FIELD
    ok 10 - rejects empty id string with INVALID_FIELD
      ---
      duration_ms: 0.1715
      ...
    # Subtest: rejects successProbability > 1 with INVALID_FIELD
    ok 11 - rejects successProbability > 1 with INVALID_FIELD
      ---
      duration_ms: 0.3437
      ...
    # Subtest: rejects negative impact with INVALID_FIELD
    ok 12 - rejects negative impact with INVALID_FIELD
      ---
      duration_ms: 0.5593
      ...
    # Subtest: rejects non-finite riskCost (NaN) with INVALID_FIELD
    ok 13 - rejects non-finite riskCost (NaN) with INVALID_FIELD
      ---
      duration_ms: 0.2665
      ...
    # Subtest: rejects negative sampleCount with INVALID_FIELD
    ok 14 - rejects negative sampleCount with INVALID_FIELD
      ---
      duration_ms: 0.1728
      ...
    # Subtest: rejects non-integer sampleCount (float) with INVALID_FIELD
    ok 15 - rejects non-integer sampleCount (float) with INVALID_FIELD
      ---
      duration_ms: 0.1757
      ...
    # Subtest: rejects budgetCost < 1 with INVALID_FIELD
    ok 16 - rejects budgetCost < 1 with INVALID_FIELD
      ---
      duration_ms: 0.2791
      ...
    # Subtest: accepts sampleCount = 0 (no historical data is valid)
    ok 17 - accepts sampleCount = 0 (no historical data is valid)
      ---
      duration_ms: 0.1356
      ...
    # Subtest: accepts all three INTERVENTION_TYPE values
    ok 18 - accepts all three INTERVENTION_TYPE values
      ---
      duration_ms: 0.1725
      ...
    1..18
ok 308 - validateIntervention
  ---
  duration_ms: 5.5496
  type: 'suite'
  ...
# Subtest: validateBudget
    # Subtest: accepts a minimal valid budget
    ok 1 - accepts a minimal valid budget
      ---
      duration_ms: 0.3131
      ...
    # Subtest: accepts a fully specified budget
    ok 2 - accepts a fully specified budget
      ---
      duration_ms: 0.1418
      ...
    # Subtest: rejects null with MISSING_INPUT (not INVALID_FIELD)
    ok 3 - rejects null with MISSING_INPUT (not INVALID_FIELD)
      ---
      duration_ms: 0.1025
      ...
    # Subtest: rejects undefined with MISSING_INPUT
    ok 4 - rejects undefined with MISSING_INPUT
      ---
      duration_ms: 0.2331
      ...
    # Subtest: rejects missing maxWorkerSpawns with MISSING_FIELD
    ok 5 - rejects missing maxWorkerSpawns with MISSING_FIELD
      ---
      duration_ms: 0.1368
      ...
    # Subtest: rejects maxWorkerSpawns = 0 with INVALID_FIELD
    ok 6 - rejects maxWorkerSpawns = 0 with INVALID_FIELD
      ---
      duration_ms: 0.3383
      ...
    # Subtest: rejects fractional maxWorkersPerWave with INVALID_FIELD
    ok 7 - rejects fractional maxWorkersPerWave with INVALID_FIELD
      ---
      duration_ms: 0.1307
      ...
    # Subtest: rejects invalid byRole entry with INVALID_FIELD pointing to the bad role key
    ok 8 - rejects invalid byRole entry with INVALID_FIELD pointing to the bad role key
      ---
      duration_ms: 0.1739
      ...
    1..8
ok 309 - validateBudget
  ---
  duration_ms: 1.8699
  type: 'suite'
  ...
# Subtest: confidence penalty formula
    # Subtest: computeConfidenceMultiplier(0) = 0.0 (no data ÔåÆ maximum penalty)
    ok 1 - computeConfidenceMultiplier(0) = 0.0 (no data ÔåÆ maximum penalty)
      ---
      duration_ms: 0.3534
      ...
    # Subtest: computeConfidenceMultiplier(1) = 1/SPARSE_DATA_THRESHOLD
    ok 2 - computeConfidenceMultiplier(1) = 1/SPARSE_DATA_THRESHOLD
      ---
      duration_ms: 0.1722
      ...
    # Subtest: computeConfidenceMultiplier(2) = 2/SPARSE_DATA_THRESHOLD
    ok 3 - computeConfidenceMultiplier(2) = 2/SPARSE_DATA_THRESHOLD
      ---
      duration_ms: 0.1208
      ...
    # Subtest: computeConfidenceMultiplier(SPARSE_DATA_THRESHOLD) = 1.0 (full confidence)
    ok 4 - computeConfidenceMultiplier(SPARSE_DATA_THRESHOLD) = 1.0 (full confidence)
      ---
      duration_ms: 0.1005
      ...
    # Subtest: computeConfidenceMultiplier(100) = 1.0 (capped at 1.0)
    ok 5 - computeConfidenceMultiplier(100) = 1.0 (capped at 1.0)
      ---
      duration_ms: 0.1649
      ...
    # Subtest: applyConfidencePenalty with sampleCount=0 returns 0 regardless of successProbability
    ok 6 - applyConfidencePenalty with sampleCount=0 returns 0 regardless of successProbability
      ---
      duration_ms: 0.1164
      ...
    # Subtest: applyConfidencePenalty with full confidence returns successProbability unchanged
    ok 7 - applyConfidencePenalty with full confidence returns successProbability unchanged
      ---
      duration_ms: 0.1038
      ...
    # Subtest: applyConfidencePenalty with sampleCount=1 gives 1/3 of successProbability
    ok 8 - applyConfidencePenalty with sampleCount=1 gives 1/3 of successProbability
      ---
      duration_ms: 0.1451
      ...
    1..8
ok 310 - confidence penalty formula
  ---
  duration_ms: 1.6536
  type: 'suite'
  ...
# Subtest: computeExpectedValue
    # Subtest: computes EV correctly with full confidence (sampleCount >= threshold)
    ok 1 - computes EV correctly with full confidence (sampleCount >= threshold)
      ---
      duration_ms: 0.2941
      ...
    # Subtest: computes EV correctly with sampleCount=0 (max confidence penalty)
    ok 2 - computes EV correctly with sampleCount=0 (max confidence penalty)
      ---
      duration_ms: 0.1957
      ...
    # Subtest: computes positive EV for high-impact, low-risk, high-confidence intervention
    ok 3 - computes positive EV for high-impact, low-risk, high-confidence intervention
      ---
      duration_ms: 2.4591
      ...
    # Subtest: computes negative EV for zero-confidence high-risk intervention
    ok 4 - computes negative EV for zero-confidence high-risk intervention
      ---
      duration_ms: 0.1959
      ...
    1..4
ok 311 - computeExpectedValue
  ---
  duration_ms: 3.4025
  type: 'suite'
  ...
# Subtest: rankInterventions
    # Subtest: returns a new array sorted by descending EV
    ok 1 - returns a new array sorted by descending EV
      ---
      duration_ms: 0.611
      ...
    # Subtest: does not mutate the input array
    ok 2 - does not mutate the input array
      ---
      duration_ms: 1.0652
      ...
    # Subtest: attaches ev and adjustedSuccessProbability to each ranked item
    ok 3 - attaches ev and adjustedSuccessProbability to each ranked item
      ---
      duration_ms: 0.1571
      ...
    # Subtest: confidence penalty affects ranking ÔÇö low sampleCount item ranks lower
    ok 4 - confidence penalty affects ranking ÔÇö low sampleCount item ranks lower
      ---
      duration_ms: 0.3839
      ...
    1..4
ok 312 - rankInterventions
  ---
  duration_ms: 2.4601
  type: 'suite'
  ...
# Subtest: reconcileBudgets
    # Subtest: accepts all interventions when they fit within total budget
    ok 1 - accepts all interventions when they fit within total budget
      ---
      duration_ms: 0.6099
      ...
    # Subtest: blocks intervention exceeding total budget (AC 2 ÔÇö budget violations block schedule creation)
    ok 2 - blocks intervention exceeding total budget (AC 2 ÔÇö budget violations block schedule creation)
      ---
      duration_ms: 1.3463
      ...
    # Subtest: blocks intervention exceeding per-wave budget
    ok 3 - blocks intervention exceeding per-wave budget
      ---
      duration_ms: 0.6314
      ...
    # Subtest: blocks intervention exceeding per-role budget
    ok 4 - blocks intervention exceeding per-role budget
      ---
      duration_ms: 0.6036
      ...
    # Subtest: reconciles all three constraints simultaneously ÔÇö wave violation detected before role
    ok 5 - reconciles all three constraints simultaneously ÔÇö wave violation detected before role
      ---
      duration_ms: 0.3558
      ...
    # Subtest: different waves are budgeted independently
    ok 6 - different waves are budgeted independently
      ---
      duration_ms: 0.2863
      ...
    # Subtest: returns correct byWaveUsed and byRoleUsed tallies
    ok 7 - returns correct byWaveUsed and byRoleUsed tallies
      ---
      duration_ms: 0.2599
      ...
    # Subtest: NEGATIVE PATH: all interventions rejected produces BUDGET_EXCEEDED status
    ok 8 - NEGATIVE PATH: all interventions rejected produces BUDGET_EXCEEDED status
      ---
      duration_ms: 0.1763
      ...
    1..8
ok 313 - reconcileBudgets
  ---
  duration_ms: 5.4887
  type: 'suite'
  ...
# Subtest: runInterventionOptimizer ÔÇö happy path
    # Subtest: returns OK status with ranked selected interventions
    ok 1 - returns OK status with ranked selected interventions
      ---
      duration_ms: 1.6459
      ...
    # Subtest: result includes all required schema fields
    ok 2 - result includes all required schema fields
      ---
      duration_ms: 0.3829
      ...
    # Subtest: result.generatedAt is a valid ISO 8601 timestamp
    ok 3 - result.generatedAt is a valid ISO 8601 timestamp
      ---
      duration_ms: 0.3156
      ...
    # Subtest: selected items include ev and adjustedSuccessProbability fields
    ok 4 - selected items include ev and adjustedSuccessProbability fields
      ---
      duration_ms: 0.2072
      ...
    # Subtest: confidence penalty is applied ÔÇö sampleCount < threshold reduces EV
    ok 5 - confidence penalty is applied ÔÇö sampleCount < threshold reduces EV
      ---
      duration_ms: 0.4682
      ...
    1..5
ok 314 - runInterventionOptimizer ÔÇö happy path
  ---
  duration_ms: 3.2576
  type: 'suite'
  ...
# Subtest: runInterventionOptimizer ÔÇö negative paths
    # Subtest: NEGATIVE PATH: null interventions ÔåÆ INVALID_INPUT with MISSING_INPUT code
    ok 1 - NEGATIVE PATH: null interventions ÔåÆ INVALID_INPUT with MISSING_INPUT code
      ---
      duration_ms: 0.3461
      ...
    # Subtest: NEGATIVE PATH: non-array interventions ÔåÆ INVALID_INPUT with MISSING_INPUT code
    ok 2 - NEGATIVE PATH: non-array interventions ÔåÆ INVALID_INPUT with MISSING_INPUT code
      ---
      duration_ms: 0.314
      ...
    # Subtest: NEGATIVE PATH: null budget ÔåÆ INVALID_INPUT with INVALID_BUDGET code
    ok 3 - NEGATIVE PATH: null budget ÔåÆ INVALID_INPUT with INVALID_BUDGET code
      ---
      duration_ms: 0.1892
      ...
    # Subtest: NEGATIVE PATH: missing budget.maxWorkerSpawns ÔåÆ INVALID_INPUT with INVALID_BUDGET
    ok 4 - NEGATIVE PATH: missing budget.maxWorkerSpawns ÔåÆ INVALID_INPUT with INVALID_BUDGET
      ---
      duration_ms: 0.1363
      ...
    # Subtest: NEGATIVE PATH: invalid intervention in array ÔåÆ INVALID_INPUT with INVALID_INTERVENTION
    ok 5 - NEGATIVE PATH: invalid intervention in array ÔåÆ INVALID_INPUT with INVALID_INTERVENTION
      ---
      duration_ms: 0.1957
      ...
    # Subtest: NEGATIVE PATH: empty interventions array ÔåÆ EMPTY_INPUT status (not an error)
    ok 6 - NEGATIVE PATH: empty interventions array ÔåÆ EMPTY_INPUT status (not an error)
      ---
      duration_ms: 0.1557
      ...
    # Subtest: NEGATIVE PATH: budget_exceeded status when interventions exceed budget
    ok 7 - NEGATIVE PATH: budget_exceeded status when interventions exceed budget
      ---
      duration_ms: 0.2267
      ...
    # Subtest: NEGATIVE PATH: invalid_input result has no silent fallback ÔÇö status is explicit
    ok 8 - NEGATIVE PATH: invalid_input result has no silent fallback ÔÇö status is explicit
      ---
      duration_ms: 0.147
      ...
    # Subtest: NEGATIVE PATH: missing required field in intervention returns invalidField
    ok 9 - NEGATIVE PATH: missing required field in intervention returns invalidField
      ---
      duration_ms: 0.166
      ...
    1..9
ok 315 - runInterventionOptimizer ÔÇö negative paths
  ---
  duration_ms: 3.2544
  type: 'suite'
  ...
# Subtest: buildInterventionsFromPlan
    # Subtest: converts prometheus plans to valid intervention objects
    ok 1 - converts prometheus plans to valid intervention objects
      ---
      duration_ms: 0.5081
      ...
    # Subtest: parses wave number from wave string
    ok 2 - parses wave number from wave string
      ---
      duration_ms: 0.1636
      ...
    # Subtest: defaults wave to 1 for unparseable wave string
    ok 3 - defaults wave to 1 for unparseable wave string
      ---
      duration_ms: 0.1287
      ...
    # Subtest: derives impact from priority (priority 10 ÔåÆ impact 1.0)
    ok 4 - derives impact from priority (priority 10 ÔåÆ impact 1.0)
      ---
      duration_ms: 0.1204
      ...
    # Subtest: returns empty array for null or empty plans input
    ok 5 - returns empty array for null or empty plans input
      ---
      duration_ms: 0.0934
      ...
    # Subtest: uses defaultSampleCount from config when provided
    ok 6 - uses defaultSampleCount from config when provided
      ---
      duration_ms: 0.1202
      ...
    # Subtest: defaults sampleCount to SPARSE_DATA_THRESHOLD when not in config
    ok 7 - defaults sampleCount to SPARSE_DATA_THRESHOLD when not in config
      ---
      duration_ms: 0.1285
      ...
    1..7
ok 316 - buildInterventionsFromPlan
  ---
  duration_ms: 1.4637
  type: 'suite'
  ...
# Subtest: buildBudgetFromConfig
    # Subtest: uses requestBudget.hardCapTotal as maxWorkerSpawns when present
    ok 1 - uses requestBudget.hardCapTotal as maxWorkerSpawns when present
      ---
      duration_ms: 0.3297
      ...
    # Subtest: falls back to config runtimeBudget.maxWorkerSpawnsPerCycle
    ok 2 - falls back to config runtimeBudget.maxWorkerSpawnsPerCycle
      ---
      duration_ms: 0.1344
      ...
    # Subtest: falls back to config runtimeBudget.maxTasksPerCycle when maxWorkerSpawnsPerCycle absent
    ok 3 - falls back to config runtimeBudget.maxTasksPerCycle when maxWorkerSpawnsPerCycle absent
      ---
      duration_ms: 0.1308
      ...
    # Subtest: defaults to 12 when all config sources are absent
    ok 4 - defaults to 12 when all config sources are absent
      ---
      duration_ms: 0.1174
      ...
    # Subtest: always returns a valid Budget object
    ok 5 - always returns a valid Budget object
      ---
      duration_ms: 0.243
      ...
    # Subtest: includes byRole when requestBudget.byRole is populated
    ok 6 - includes byRole when requestBudget.byRole is populated
      ---
      duration_ms: 0.1911
      ...
    1..6
ok 317 - buildBudgetFromConfig
  ---
  duration_ms: 1.3561
  type: 'suite'
  ...
# Subtest: full integration: plan ÔåÆ interventions ÔåÆ optimizer
    # Subtest: processes a realistic prometheus plan through the full optimizer pipeline
    ok 1 - processes a realistic prometheus plan through the full optimizer pipeline
      ---
      duration_ms: 0.5276
      ...
    1..1
ok 318 - full integration: plan ÔåÆ interventions ÔåÆ optimizer
  ---
  duration_ms: 0.6309
  type: 'suite'
  ...
# Subtest: learning_policy_compiler
    # Subtest: compileLessonsToPolicies
        # Subtest: returns empty for null input
        ok 1 - returns empty for null input
          ---
          duration_ms: 2.7596
          ...
        # Subtest: returns empty for postmortems with no lessons
        ok 2 - returns empty for postmortems with no lessons
          ---
          duration_ms: 0.4538
          ...
        # Subtest: compiles glob-related lesson to policy
        ok 3 - compiles glob-related lesson to policy
          ---
          duration_ms: 1.5737
          ...
        # Subtest: compiles test-related lesson
        ok 4 - compiles test-related lesson
          ---
          duration_ms: 0.8713
          ...
        # Subtest: compiles lint-related lesson
        ok 5 - compiles lint-related lesson
          ---
          duration_ms: 0.2784
          ...
        # Subtest: deduplicates policies from multiple matching lessons
        ok 6 - deduplicates policies from multiple matching lessons
          ---
          duration_ms: 0.6571
          ...
        # Subtest: excludes existing policies
        ok 7 - excludes existing policies
          ---
          duration_ms: 0.336
          ...
        # Subtest: sets severity and source lesson
        ok 8 - sets severity and source lesson
          ---
          duration_ms: 0.4981
          ...
        1..8
    ok 1 - compileLessonsToPolicies
      ---
      duration_ms: 9.2257
      type: 'suite'
      ...
    # Subtest: validatePlanAgainstPolicies
        # Subtest: returns ok for null inputs
        ok 1 - returns ok for null inputs
          ---
          duration_ms: 1.5327
          ...
        # Subtest: detects glob false-fail violation
        ok 2 - detects glob false-fail violation
          ---
          duration_ms: 0.4418
          ...
        # Subtest: passes clean plan
        ok 3 - passes clean plan
          ---
          duration_ms: 0.3022
          ...
        1..3
    ok 2 - validatePlanAgainstPolicies
      ---
      duration_ms: 2.5851
      type: 'suite'
      ...
    # Subtest: COMPILABLE_PATTERNS
        # Subtest: has unique IDs
        ok 1 - has unique IDs
          ---
          duration_ms: 0.4239
          ...
        # Subtest: all patterns have required fields
        ok 2 - all patterns have required fields
          ---
          duration_ms: 0.2361
          ...
        1..2
    ok 3 - COMPILABLE_PATTERNS
      ---
      duration_ms: 0.8019
      type: 'suite'
      ...
    1..3
ok 319 - learning_policy_compiler
  ---
  duration_ms: 13.8158
  type: 'suite'
  ...
# Subtest: model_policy ÔÇö complexity tiers
    # Subtest: classifyComplexityTier
        # Subtest: returns T1 for simple tasks
        ok 1 - returns T1 for simple tasks
          ---
          duration_ms: 1.6884
          ...
        # Subtest: returns T2 for medium tasks
        ok 2 - returns T2 for medium tasks
          ---
          duration_ms: 0.4108
          ...
        # Subtest: returns T3 for critical tasks
        ok 3 - returns T3 for critical tasks
          ---
          duration_ms: 0.2654
          ...
        # Subtest: returns T3 for high line count
        ok 4 - returns T3 for high line count
          ---
          duration_ms: 0.2308
          ...
        # Subtest: returns T3 for long duration
        ok 5 - returns T3 for long duration
          ---
          duration_ms: 0.3337
          ...
        # Subtest: returns T2 for medium complexity keyword
        ok 6 - returns T2 for medium complexity keyword
          ---
          duration_ms: 0.1773
          ...
        # Subtest: returns T1 for empty hints
        ok 7 - returns T1 for empty hints
          ---
          duration_ms: 0.6174
          ...
        # Subtest: includes reason string
        ok 8 - includes reason string
          ---
          duration_ms: 0.6141
          ...
        1..8
    ok 1 - classifyComplexityTier
      ---
      duration_ms: 6.3449
      type: 'suite'
      ...
    # Subtest: COMPLEXITY_TIER enum
        # Subtest: has three tiers
        ok 1 - has three tiers
          ---
          duration_ms: 0.4102
          ...
        # Subtest: is frozen
        ok 2 - is frozen
          ---
          duration_ms: 0.4215
          ...
        1..2
    ok 2 - COMPLEXITY_TIER enum
      ---
      duration_ms: 1.986
      type: 'suite'
      ...
    # Subtest: existing model_policy exports
        # Subtest: bans fast models
        ok 1 - bans fast models
          ---
          duration_ms: 0.6307
          ...
        # Subtest: detects opus tier
        ok 2 - detects opus tier
          ---
          duration_ms: 0.5415
          ...
        # Subtest: justifies opus for critical tasks
        ok 3 - justifies opus for critical tasks
          ---
          duration_ms: 0.2916
          ...
        # Subtest: rejects opus for small tasks
        ok 4 - rejects opus for small tasks
          ---
          duration_ms: 0.1771
          ...
        # Subtest: enforceModelPolicy bans fast models
        ok 5 - enforceModelPolicy bans fast models
          ---
          duration_ms: 0.3275
          ...
        # Subtest: enforceModelPolicy allows normal models
        ok 6 - enforceModelPolicy allows normal models
          ---
          duration_ms: 0.3954
          ...
        1..6
    ok 3 - existing model_policy exports
      ---
      duration_ms: 3.2936
      type: 'suite'
      ...
    1..3
ok 320 - model_policy ÔÇö complexity tiers
  ---
  duration_ms: 13.1839
  type: 'suite'
  ...
# Subtest: MONTHLY_POSTMORTEM_STATUS enum (AC8)
    # Subtest: is frozen with all required values
    ok 1 - is frozen with all required values
      ---
      duration_ms: 1.1107
      ...
    1..1
ok 321 - MONTHLY_POSTMORTEM_STATUS enum (AC8)
  ---
  duration_ms: 2.5105
  type: 'suite'
  ...
# Subtest: POSTMORTEM_DECISION_TREND enum (AC8)
    # Subtest: is frozen with all required values
    ok 1 - is frozen with all required values
      ---
      duration_ms: 0.4281
      ...
    1..1
ok 322 - POSTMORTEM_DECISION_TREND enum (AC8)
  ---
  duration_ms: 0.8769
  type: 'suite'
  ...
# Subtest: COMPOUNDING_SEVERITY_WEIGHT (AC13)
    # Subtest: defines weights for critical, warning, info
    ok 1 - defines weights for critical, warning, info
      ---
      duration_ms: 1.272
      ...
    1..1
ok 323 - COMPOUNDING_SEVERITY_WEIGHT (AC13)
  ---
  duration_ms: 1.4867
  type: 'suite'
  ...
# Subtest: MONTHLY_POSTMORTEM_SCHEMA (AC12)
    # Subtest: specifies all required top-level fields
    ok 1 - specifies all required top-level fields
      ---
      duration_ms: 0.356
      ...
    # Subtest: specifies statusEnum with all MONTHLY_POSTMORTEM_STATUS values
    ok 2 - specifies statusEnum with all MONTHLY_POSTMORTEM_STATUS values
      ---
      duration_ms: 0.2099
      ...
    # Subtest: specifies trendEnum with all POSTMORTEM_DECISION_TREND values
    ok 3 - specifies trendEnum with all POSTMORTEM_DECISION_TREND values
      ---
      duration_ms: 0.2269
      ...
    # Subtest: specifies counterfactualRequiredFields (AC14)
    ok 4 - specifies counterfactualRequiredFields (AC14)
      ---
      duration_ms: 0.2736
      ...
    # Subtest: specifies seedQuestionRequiredFields (AC16)
    ok 5 - specifies seedQuestionRequiredFields (AC16)
      ---
      duration_ms: 0.1722
      ...
    # Subtest: specifies trendConfidenceThresholds (AC15)
    ok 6 - specifies trendConfidenceThresholds (AC15)
      ---
      duration_ms: 0.3212
      ...
    # Subtest: specifies minCycleCount for insufficient-data handling (AC17)
    ok 7 - specifies minCycleCount for insufficient-data handling (AC17)
      ---
      duration_ms: 0.2739
      ...
    # Subtest: specifies seedQuestionMinLength for format rule (AC16)
    ok 8 - specifies seedQuestionMinLength for format rule (AC16)
      ---
      duration_ms: 0.2686
      ...
    1..8
ok 324 - MONTHLY_POSTMORTEM_SCHEMA (AC12)
  ---
  duration_ms: 2.6856
  type: 'suite'
  ...
# Subtest: computeCompoundingEffects
    # Subtest: returns empty array for no reports
    ok 1 - returns empty array for no reports
      ---
      duration_ms: 1.2452
      ...
    # Subtest: groups lessons by category and scores correctly
    ok 2 - groups lessons by category and scores correctly
      ---
      duration_ms: 0.5314
      ...
    # Subtest: assigns highest severity when multiple severities present in category
    ok 3 - assigns highest severity when multiple severities present in category
      ---
      duration_ms: 0.413
      ...
    # Subtest: returns at most maxCompoundingEffects effects
    ok 4 - returns at most maxCompoundingEffects effects
      ---
      duration_ms: 1.3888
      ...
    # Subtest: each effect has required evidence structure (AC13)
    ok 5 - each effect has required evidence structure (AC13)
      ---
      duration_ms: 0.3255
      ...
    1..5
ok 325 - computeCompoundingEffects
  ---
  duration_ms: 4.5155
  type: 'suite'
  ...
# Subtest: buildCounterfactuals
    # Subtest: returns empty for no experiments
    ok 1 - returns empty for no experiments
      ---
      duration_ms: 0.3787
      ...
    # Subtest: only includes rolled_back experiments
    ok 2 - only includes rolled_back experiments
      ---
      duration_ms: 0.5274
      ...
    # Subtest: counterfactual includes all required template fields (AC14)
    ok 3 - counterfactual includes all required template fields (AC14)
      ---
      duration_ms: 0.2959
      ...
    # Subtest: failureReason is UNKNOWN when statusReason is absent
    ok 4 - failureReason is UNKNOWN when statusReason is absent
      ---
      duration_ms: 0.1835
      ...
    # Subtest: alternative differs from a no-op static string (AC16-analog for counterfactual)
    ok 5 - alternative differs from a no-op static string (AC16-analog for counterfactual)
      ---
      duration_ms: 0.3145
      ...
    1..5
ok 326 - buildCounterfactuals
  ---
  duration_ms: 1.9718
  type: 'suite'
  ...
# Subtest: computeDecisionQualityTrendForMonth
    # Subtest: returns insufficient_data for empty array
    ok 1 - returns insufficient_data for empty array
      ---
      duration_ms: 1.0351
      ...
    # Subtest: returns insufficient_data for < 2 postmortems
    ok 2 - returns insufficient_data for < 2 postmortems
      ---
      duration_ms: 0.7049
      ...
    # Subtest: detects improving trend (AC15)
    ok 3 - detects improving trend (AC15)
      ---
      duration_ms: 1.2937
      ...
    # Subtest: detects degrading trend (AC15)
    ok 4 - detects degrading trend (AC15)
      ---
      duration_ms: 0.7085
      ...
    # Subtest: filters postmortems outside the month
    ok 5 - filters postmortems outside the month
      ---
      duration_ms: 0.4279
      ...
    # Subtest: confidence scales with postmortem count (AC15)
    ok 6 - confidence scales with postmortem count (AC15)
      ---
      duration_ms: 1.323
      ...
    # Subtest: returns timeWindowDays from schema (AC15)
    ok 7 - returns timeWindowDays from schema (AC15)
      ---
      duration_ms: 0.5268
      ...
    1..7
ok 327 - computeDecisionQualityTrendForMonth
  ---
  duration_ms: 6.6035
  type: 'suite'
  ...
# Subtest: generateSeedQuestion
    # Subtest: returns an object with question, rationale, dataPoints (AC16)
    ok 1 - returns an object with question, rationale, dataPoints (AC16)
      ---
      duration_ms: 0.4975
      ...
    # Subtest: question always ends in '?' (AC16)
    ok 2 - question always ends in '?' (AC16)
      ---
      duration_ms: 0.2592
      ...
    # Subtest: question is >= seedQuestionMinLength chars (AC16)
    ok 3 - question is >= seedQuestionMinLength chars (AC16)
      ---
      duration_ms: 0.222
      ...
    # Subtest: dataPoints contains >= 1 entry (AC16)
    ok 4 - dataPoints contains >= 1 entry (AC16)
      ---
      duration_ms: 0.1576
      ...
    # Subtest: question references actual data values (not static no-op) (AC16)
    ok 5 - question references actual data values (not static no-op) (AC16)
      ---
      duration_ms: 0.1847
      ...
    # Subtest: uses compounding effect pattern when no degrading trend
    ok 6 - uses compounding effect pattern when no degrading trend
      ---
      duration_ms: 0.3549
      ...
    # Subtest: uses counterfactual experiment when no effects or degrading trend
    ok 7 - uses counterfactual experiment when no effects or degrading trend
      ---
      duration_ms: 1.6992
      ...
    1..7
ok 328 - generateSeedQuestion
  ---
  duration_ms: 4.0824
  type: 'suite'
  ...
# Subtest: generateMonthlyPostmortem ÔÇö happy path (AC1, AC2, AC3, AC4, AC5)
    # Subtest: returns ok=true
    ok 1 - returns ok=true
      ---
      duration_ms: 0.3438
      ...
    # Subtest: status is 'ok' (AC1)
    ok 2 - status is 'ok' (AC1)
      ---
      duration_ms: 0.1209
      ...
    # Subtest: all required schema fields present (AC12)
    ok 3 - all required schema fields present (AC12)
      ---
      duration_ms: 0.3726
      ...
    # Subtest: cycleCount reflects monthly reports (AC1)
    ok 4 - cycleCount reflects monthly reports (AC1)
      ---
      duration_ms: 0.1095
      ...
    # Subtest: experimentOutcomes has correct counts (AC1)
    ok 5 - experimentOutcomes has correct counts (AC1)
      ---
      duration_ms: 0.1155
      ...
    # Subtest: compoundingEffects are non-empty and ranked (AC2)
    ok 6 - compoundingEffects are non-empty and ranked (AC2)
      ---
      duration_ms: 0.1444
      ...
    # Subtest: each compounding effect has evidence array with timestamps (AC2/AC13)
    ok 7 - each compounding effect has evidence array with timestamps (AC2/AC13)
      ---
      duration_ms: 0.2147
      ...
    # Subtest: counterfactuals have all template fields (AC3)
    ok 8 - counterfactuals have all template fields (AC3)
      ---
      duration_ms: 0.1809
      ...
    # Subtest: decisionQualityTrend has all required fields (AC4)
    ok 9 - decisionQualityTrend has all required fields (AC4)
      ---
      duration_ms: 0.3596
      ...
    # Subtest: decisionQualityTrend trend is 'improving' (improving data set) (AC4)
    ok 10 - decisionQualityTrend trend is 'improving' (improving data set) (AC4)
      ---
      duration_ms: 0.4131
      ...
    # Subtest: seedQuestion is non-null and conforms to format rules (AC5)
    ok 11 - seedQuestion is non-null and conforms to format rules (AC5)
      ---
      duration_ms: 0.374
      ...
    1..11
ok 329 - generateMonthlyPostmortem ÔÇö happy path (AC1, AC2, AC3, AC4, AC5)
  ---
  duration_ms: 63.6898
  type: 'suite'
  ...
# Subtest: generateMonthlyPostmortem ÔÇö insufficient cycles (AC17)
    # Subtest: returns ok=true (does not throw)
    ok 1 - returns ok=true (does not throw)
      ---
      duration_ms: 0.3113
      ...
    # Subtest: status is insufficient_data (AC17)
    ok 2 - status is insufficient_data (AC17)
      ---
      duration_ms: 0.1262
      ...
    # Subtest: insufficiencyReason is a machine-readable string (AC10 / AC17)
    ok 3 - insufficiencyReason is a machine-readable string (AC10 / AC17)
      ---
      duration_ms: 0.2956
      ...
    # Subtest: cycleCount is 2
    ok 4 - cycleCount is 2
      ---
      duration_ms: 0.4839
      ...
    # Subtest: compoundingEffects is empty array
    ok 5 - compoundingEffects is empty array
      ---
      duration_ms: 0.994
      ...
    # Subtest: seedQuestion is null (no data to generate from)
    ok 6 - seedQuestion is null (no data to generate from)
      ---
      duration_ms: 0.2807
      ...
    1..6
ok 330 - generateMonthlyPostmortem ÔÇö insufficient cycles (AC17)
  ---
  duration_ms: 29.1992
  type: 'suite'
  ...
# Subtest: generateMonthlyPostmortem ÔÇö improvement_reports.json absent
    # Subtest: returns ok=true (does not throw)
    ok 1 - returns ok=true (does not throw)
      ---
      duration_ms: 0.2266
      ...
    # Subtest: status is insufficient_data or degraded ÔÇö not a silent null (AC10)
    ok 2 - status is insufficient_data or degraded ÔÇö not a silent null (AC10)
      ---
      duration_ms: 0.1645
      ...
    1..2
ok 331 - generateMonthlyPostmortem ÔÇö improvement_reports.json absent
  ---
  duration_ms: 6.0972
  type: 'suite'
  ...
# Subtest: generateMonthlyPostmortem ÔÇö improvement_reports.json invalid JSON (AC9)
    # Subtest: returns ok=true (corrupt file does not throw)
    ok 1 - returns ok=true (corrupt file does not throw)
      ---
      duration_ms: 1.0658
      ...
    # Subtest: cycleCount is 0 ÔåÆ insufficient_data (AC9/AC10)
    ok 2 - cycleCount is 0 ÔåÆ insufficient_data (AC9/AC10)
      ---
      duration_ms: 0.1866
      ...
    1..2
ok 332 - generateMonthlyPostmortem ÔÇö improvement_reports.json invalid JSON (AC9)
  ---
  duration_ms: 29.5402
  type: 'suite'
  ...
# Subtest: generateMonthlyPostmortem ÔÇö experiment registry absent (degraded) (AC10)
    # Subtest: status is degraded (AC10)
    ok 1 - status is degraded (AC10)
      ---
      duration_ms: 0.2541
      ...
    # Subtest: degradedSources lists missing files (AC10)
    ok 2 - degradedSources lists missing files (AC10)
      ---
      duration_ms: 0.3536
      ...
    # Subtest: still returns postmortem with required fields (AC10)
    ok 3 - still returns postmortem with required fields (AC10)
      ---
      duration_ms: 0.2365
      ...
    1..3
ok 333 - generateMonthlyPostmortem ÔÇö experiment registry absent (degraded) (AC10)
  ---
  duration_ms: 44.3583
  type: 'suite'
  ...
# Subtest: generateMonthlyPostmortem ÔÇö negative path: completely empty stateDir (AC7)
    # Subtest: does not throw ÔÇö returns structured result (AC7)
    ok 1 - does not throw ÔÇö returns structured result (AC7)
      ---
      duration_ms: 0.4562
      ...
    # Subtest: status is insufficient_data or degraded ÔÇö not null (AC10)
    ok 2 - status is insufficient_data or degraded ÔÇö not null (AC10)
      ---
      duration_ms: 0.1692
      ...
    # Subtest: cycleCount is 0 (no data)
    ok 3 - cycleCount is 0 (no data)
      ---
      duration_ms: 0.1018
      ...
    1..3
ok 334 - generateMonthlyPostmortem ÔÇö negative path: completely empty stateDir (AC7)
  ---
  duration_ms: 16.7248
  type: 'suite'
  ...
# Subtest: persistMonthlyPostmortem ÔÇö input validation (AC9)
    # Subtest: returns MISSING_INPUT for null input (AC9)
    ok 1 - returns MISSING_INPUT for null input (AC9)
      ---
      duration_ms: 0.5154
      ...
    # Subtest: returns MISSING_INPUT for undefined input (AC9)
    ok 2 - returns MISSING_INPUT for undefined input (AC9)
      ---
      duration_ms: 0.208
      ...
    # Subtest: returns INVALID_INPUT for non-object (AC9)
    ok 3 - returns INVALID_INPUT for non-object (AC9)
      ---
      duration_ms: 0.1269
      ...
    # Subtest: returns INVALID_INPUT for missing required field (AC9)
    ok 4 - returns INVALID_INPUT for missing required field (AC9)
      ---
      duration_ms: 0.1227
      ...
    # Subtest: returns INVALID_INPUT for invalid monthKey format (AC9)
    ok 5 - returns INVALID_INPUT for invalid monthKey format (AC9)
      ---
      duration_ms: 0.3016
      ...
    1..5
ok 335 - persistMonthlyPostmortem ÔÇö input validation (AC9)
  ---
  duration_ms: 1.4705
  type: 'suite'
  ...
# Subtest: persistMonthlyPostmortem ÔÇö successful write (AC11)
    # Subtest: writes file to correct path and returns ok=true (AC11/AC12)
    ok 1 - writes file to correct path and returns ok=true (AC11/AC12)
      ---
      duration_ms: 47.2897
      ...
    1..1
ok 336 - persistMonthlyPostmortem ÔÇö successful write (AC11)
  ---
  duration_ms: 65.309
  type: 'suite'
  ...
# [box][warn] [orchestrator] pipeline progress update failed (step=jesus_awakening): EPERM: operation not permitted, rename 'C:\\Users\\caner\\AppData\\Local\\Temp\\box-orch-pp-s3WPcW\\pipeline_progress.json.tmp' -> 'C:\\Users\\caner\\AppData\\Local\\Temp\\box-orch-pp-s3WPcW\\pipeline_progress.json'
# [box][warn] [orchestrator] pipeline progress update failed (step=jesus_reading): EPERM: operation not permitted, rename 'C:\\Users\\caner\\AppData\\Local\\Temp\\box-orch-pp-s3WPcW\\pipeline_progress.json.tmp' -> 'C:\\Users\\caner\\AppData\\Local\\Temp\\box-orch-pp-s3WPcW\\pipeline_progress.json'
# [box][warn] [orchestrator] Jesus cycle error: Cannot read properties of undefined (reading 'length')
# Subtest: orchestrator pipeline progress ÔÇö resilience
    # Subtest: orchestrator completes normally even if pipeline_progress.json is unwritable
    ok 1 - orchestrator completes normally even if pipeline_progress.json is unwritable
      ---
      duration_ms: 156.405
      ...
# [box][warn] [orchestrator] pipeline progress update failed (step=jesus_awakening): EPERM: operation not permitted, rename 'C:\\Users\\caner\\AppData\\Local\\Temp\\box-orch-pp-Zgklsw\\pipeline_progress.json.tmp' -> 'C:\\Users\\caner\\AppData\\Local\\Temp\\box-orch-pp-Zgklsw\\pipeline_progress.json'
# [box][warn] [orchestrator] pipeline progress update failed (step=jesus_reading): EPERM: operation not permitted, rename 'C:\\Users\\caner\\AppData\\Local\\Temp\\box-orch-pp-Zgklsw\\pipeline_progress.json.tmp' -> 'C:\\Users\\caner\\AppData\\Local\\Temp\\box-orch-pp-Zgklsw\\pipeline_progress.json'
# [box][warn] [orchestrator] Jesus cycle error: Cannot read properties of undefined (reading 'length')
    # Subtest: pipeline progress write failures are logged in progress.txt when pipeline_progress.json is unwritable
    ok 2 - pipeline progress write failures are logged in progress.txt when pipeline_progress.json is unwritable
      ---
      duration_ms: 141.9854
      ...
# [box][warn] [orchestrator] Jesus cycle error: Cannot read properties of undefined (reading 'length')
    # Subtest: pipeline_progress.json is written when orchestrator runs a cycle
    ok 3 - pipeline_progress.json is written when orchestrator runs a cycle
      ---
      duration_ms: 64.054
      ...
# [box][warn] [orchestrator] Jesus cycle error: Cannot read properties of undefined (reading 'length')
    # Subtest: stage written by orchestrator is always a valid PIPELINE_STAGE_ENUM value
    ok 4 - stage written by orchestrator is always a valid PIPELINE_STAGE_ENUM value
      ---
      duration_ms: 151.0062
      ...
    1..4
ok 337 - orchestrator pipeline progress ÔÇö resilience
  ---
  duration_ms: 517.1185
  type: 'suite'
  ...
# [box][warn] [orchestrator] Jesus cycle error: Cannot read properties of undefined (reading 'length')
# Subtest: orchestrator startup chain fallback
    # Subtest: returns early and logs failure when leadership CLI is unavailable
    ok 1 - returns early and logs failure when leadership CLI is unavailable
      ---
      duration_ms: 191.2756
      ...
    1..1
ok 338 - orchestrator startup chain fallback
  ---
  duration_ms: 192.9293
  type: 'suite'
  ...
# Subtest: PIPELINE_STEPS
    # Subtest: contains all expected step IDs in order
    ok 1 - contains all expected step IDs in order
      ---
      duration_ms: 1.7541
      ...
    # Subtest: starts at 0% and ends at 100%
    ok 2 - starts at 0% and ends at 100%
      ---
      duration_ms: 0.3768
      ...
    # Subtest: has strictly non-decreasing pct values
    ok 3 - has strictly non-decreasing pct values
      ---
      duration_ms: 2.1459
      ...
    # Subtest: has only ASCII labels (no Turkish or other non-ASCII characters)
    ok 4 - has only ASCII labels (no Turkish or other non-ASCII characters)
      ---
      duration_ms: 0.4632
      ...
    # Subtest: each step has id, label, and pct fields
    ok 5 - each step has id, label, and pct fields
      ---
      duration_ms: 0.4724
      ...
    1..5
ok 339 - PIPELINE_STEPS
  ---
  duration_ms: 6.811
  type: 'suite'
  ...
# Subtest: PIPELINE_STAGE_ENUM
    # Subtest: matches PIPELINE_STEPS ids exactly
    ok 1 - matches PIPELINE_STEPS ids exactly
      ---
      duration_ms: 0.2395
      ...
    # Subtest: is frozen (immutable)
    ok 2 - is frozen (immutable)
      ---
      duration_ms: 0.1729
      ...
    1..2
ok 340 - PIPELINE_STAGE_ENUM
  ---
  duration_ms: 0.8127
  type: 'suite'
  ...
# Subtest: PIPELINE_PROGRESS_SCHEMA
    # Subtest: declares all required fields including startedAt
    ok 1 - declares all required fields including startedAt
      ---
      duration_ms: 0.3599
      ...
    # Subtest: percentRange is [0, 100]
    ok 2 - percentRange is [0, 100]
      ---
      duration_ms: 0.2696
      ...
    # Subtest: stageEnum matches PIPELINE_STAGE_ENUM
    ok 3 - stageEnum matches PIPELINE_STAGE_ENUM
      ---
      duration_ms: 0.3298
      ...
    # Subtest: stepStatusEnum contains done, active, pending
    ok 4 - stepStatusEnum contains done, active, pending
      ---
      duration_ms: 0.252
      ...
    1..4
ok 341 - PIPELINE_PROGRESS_SCHEMA
  ---
  duration_ms: 1.6022
  type: 'suite'
  ...
# Subtest: updatePipelineProgress validation
    # Subtest: throws MISSING_STEP_ID when stepId is undefined
    ok 1 - throws MISSING_STEP_ID when stepId is undefined
      ---
      duration_ms: 23.1805
      ...
    # Subtest: throws MISSING_STEP_ID when stepId is null
    ok 2 - throws MISSING_STEP_ID when stepId is null
      ---
      duration_ms: 1.9016
      ...
    # Subtest: throws MISSING_STEP_ID when stepId is empty string
    ok 3 - throws MISSING_STEP_ID when stepId is empty string
      ---
      duration_ms: 2.0384
      ...
    # Subtest: throws INVALID_STEP_ID for an unknown stepId
    ok 4 - throws INVALID_STEP_ID for an unknown stepId
      ---
      duration_ms: 2.61
      ...
    # Subtest: distinguishes missing from invalid: missing throws MISSING_STEP_ID, invalid throws INVALID_STEP_ID
    ok 5 - distinguishes missing from invalid: missing throws MISSING_STEP_ID, invalid throws INVALID_STEP_ID
      ---
      duration_ms: 7.4542
      ...
    1..5
ok 342 - updatePipelineProgress validation
  ---
  duration_ms: 37.9979
  type: 'suite'
  ...
# Subtest: updatePipelineProgress state transitions
    # Subtest: writes a valid progress file for a normal step
    ok 1 - writes a valid progress file for a normal step
      ---
      duration_ms: 23.0334
      ...
    # Subtest: output conforms to schema: all required fields present
    ok 2 - output conforms to schema: all required fields present
      ---
      duration_ms: 22.0167
      ...
    # Subtest: stage field is one of PIPELINE_STAGE_ENUM values
    ok 3 - stage field is one of PIPELINE_STAGE_ENUM values
      ---
      duration_ms: 54.9721
      ...
    # Subtest: percent is within [0, 100] range
    ok 4 - percent is within [0, 100] range
      ---
      duration_ms: 291.371
      ...
    # Subtest: step status values are all valid (done|active|pending)
    ok 5 - step status values are all valid (done|active|pending)
      ---
      duration_ms: 39.1059
      ...
    # Subtest: idle transition sets startedAt to null
    ok 6 - idle transition sets startedAt to null
      ---
      duration_ms: 27.6137
      ...
    # Subtest: cycle_complete transition sets completedAt to ISO timestamp
    ok 7 - cycle_complete transition sets completedAt to ISO timestamp
      ---
      duration_ms: 28.9914
      ...
    # Subtest: cycle_complete preserves startedAt from cycle start
    ok 8 - cycle_complete preserves startedAt from cycle start
      ---
      duration_ms: 34.3578
      ...
    # Subtest: step pct values are non-decreasing in normal flow (monotonic progression)
    ok 9 - step pct values are non-decreasing in normal flow (monotonic progression)
      ---
      duration_ms: 278.2436
      ...
    # Subtest: idle is the only step that resets pct to 0 ÔÇö explicit rollback
    ok 10 - idle is the only step that resets pct to 0 ÔÇö explicit rollback
      ---
      duration_ms: 64.596
      ...
    1..10
ok 343 - updatePipelineProgress state transitions
  ---
  duration_ms: 865.4452
  type: 'suite'
  ...
# Subtest: plan_critic
    # Subtest: critiquePlan
        # Subtest: returns failed for null plan
        ok 1 - returns failed for null plan
          ---
          duration_ms: 1.5438
          ...
        # Subtest: passes a well-formed plan
        ok 2 - passes a well-formed plan
          ---
          duration_ms: 0.6466
          ...
        # Subtest: flags vague task
        ok 3 - flags vague task
          ---
          duration_ms: 2.0132
          ...
        # Subtest: flags missing verification
        ok 4 - flags missing verification
          ---
          duration_ms: 1.0229
          ...
        # Subtest: scores partial credit for text-only verification
        ok 5 - scores partial credit for text-only verification
          ---
          duration_ms: 0.5111
          ...
        # Subtest: detects scope from file extensions
        ok 6 - detects scope from file extensions
          ---
          duration_ms: 0.3391
          ...
        1..6
    ok 1 - critiquePlan
      ---
      duration_ms: 7.6503
      type: 'suite'
      ...
    # Subtest: runCriticPass
        # Subtest: returns empty for non-array input
        ok 1 - returns empty for non-array input
          ---
          duration_ms: 1.0894
          ...
        # Subtest: separates approved and rejected plans
        ok 2 - separates approved and rejected plans
          ---
          duration_ms: 0.4374
          ...
        # Subtest: uses custom threshold
        ok 3 - uses custom threshold
          ---
          duration_ms: 0.3337
          ...
        1..3
    ok 2 - runCriticPass
      ---
      duration_ms: 2.5498
      type: 'suite'
      ...
    1..2
ok 344 - plan_critic
  ---
  duration_ms: 11.7356
  type: 'suite'
  ...
# Subtest: policy_engine
    # Subtest: blocks configured dangerous command patterns
    ok 1 - blocks configured dangerous command patterns
      ---
      duration_ms: 1.9374
      ...
    # Subtest: allows safe shell text when no blocked command matches
    ok 2 - allows safe shell text when no blocked command matches
      ---
      duration_ms: 0.3256
      ...
    # Subtest: matches protected prefix glob patterns
    ok 3 - matches protected prefix glob patterns
      ---
      duration_ms: 0.397
      ...
    # Subtest: returns all protected files from touched set
    ok 4 - returns all protected files from touched set
      ---
      duration_ms: 1.9005
      ...
    # Subtest: blocks instruction by role blockedTaskPatterns
    ok 5 - blocks instruction by role blockedTaskPatterns
      ---
      duration_ms: 0.5003
      ...
    # Subtest: enforces requiredTaskPatterns when configured
    ok 6 - enforces requiredTaskPatterns when configured
      ---
      duration_ms: 0.2771
      ...
    # Subtest: reports denied and outside-allowlist role path violations
    ok 7 - reports denied and outside-allowlist role path violations
      ---
      duration_ms: 0.445
      ...
    # Subtest: path matching ÔÇö /** prefix (directory subtree) patterns
        # Subtest: matches the exact prefix directory (no trailing slash)
        ok 1 - matches the exact prefix directory (no trailing slash)
          ---
          duration_ms: 0.4108
          ...
        # Subtest: matches direct children of the prefix directory
        ok 2 - matches direct children of the prefix directory
          ---
          duration_ms: 0.355
          ...
        # Subtest: matches deeply nested files under the prefix directory
        ok 3 - matches deeply nested files under the prefix directory
          ---
          duration_ms: 1.0375
          ...
        # Subtest: does not match a sibling directory that shares the prefix chars
        ok 4 - does not match a sibling directory that shares the prefix chars
          ---
          duration_ms: 0.4055
          ...
        # Subtest: does not match files in an unrelated directory
        ok 5 - does not match files in an unrelated directory
          ---
          duration_ms: 0.2892
          ...
        1..5
    ok 8 - path matching ÔÇö /** prefix (directory subtree) patterns
      ---
      duration_ms: 3.0211
      type: 'suite'
      ...
    # Subtest: path matching ÔÇö **/ prefix (filename anywhere) patterns
        # Subtest: matches a file with the given exact name in any directory
        ok 1 - matches a file with the given exact name in any directory
          ---
          duration_ms: 0.5006
          ...
        # Subtest: matches a root-level file with no directory prefix
        ok 2 - matches a root-level file with no directory prefix
          ---
          duration_ms: 0.2305
          ...
        # Subtest: does not match a file whose name merely contains the pattern name as a substring
        ok 3 - does not match a file whose name merely contains the pattern name as a substring
          ---
          duration_ms: 0.2312
          ...
        # Subtest: matches files by extension pattern (**/*.test.js)
        ok 4 - matches files by extension pattern (**/*.test.js)
          ---
          duration_ms: 0.3378
          ...
        # Subtest: does not match non-test-js files against **/*.test.js
        ok 5 - does not match non-test-js files against **/*.test.js
          ---
          duration_ms: 0.2181
          ...
        # Subtest: matches deeply nested file by extension pattern
        ok 6 - matches deeply nested file by extension pattern
          ---
          duration_ms: 0.3032
          ...
        1..6
    ok 9 - path matching ÔÇö **/ prefix (filename anywhere) patterns
      ---
      duration_ms: 2.2822
      type: 'suite'
      ...
    # Subtest: path matching ÔÇö nested folder normalization
        # Subtest: matches files multiple levels deep inside a protected tree
        ok 1 - matches files multiple levels deep inside a protected tree
          ---
          duration_ms: 0.2795
          ...
        # Subtest: does not match partial directory name segments
        ok 2 - does not match partial directory name segments
          ---
          duration_ms: 0.195
          ...
        # Subtest: handles multiple protected patterns simultaneously
        ok 3 - handles multiple protected patterns simultaneously
          ---
          duration_ms: 0.3334
          ...
        1..3
    ok 10 - path matching ÔÇö nested folder normalization
      ---
      duration_ms: 0.9729
      type: 'suite'
      ...
    # Subtest: path matching ÔÇö Windows path normalization
        # Subtest: normalizes backslash separators before matching a /** pattern
        ok 1 - normalizes backslash separators before matching a /** pattern
          ---
          duration_ms: 0.2839
          ...
        # Subtest: normalizes backslash separators before matching a **/ pattern
        ok 2 - normalizes backslash separators before matching a **/ pattern
          ---
          duration_ms: 0.1666
          ...
        # Subtest: normalizes backslash separators in patterns as well as paths
        ok 3 - normalizes backslash separators in patterns as well as paths
          ---
          duration_ms: 0.1587
          ...
        # Subtest: does not produce false positives for Windows paths of unrelated files
        ok 4 - does not produce false positives for Windows paths of unrelated files
          ---
          duration_ms: 0.1834
          ...
        # Subtest: getProtectedPathMatches works with Windows-style paths
        ok 5 - getProtectedPathMatches works with Windows-style paths
          ---
          duration_ms: 0.1963
          ...
        1..5
    ok 11 - path matching ÔÇö Windows path normalization
      ---
      duration_ms: 1.2333
      type: 'suite'
      ...
    # Subtest: role path violations ÔÇö deniedPaths and allowedPaths precedence
        # Subtest: deniedPaths marks a file as a violation even when it also appears in allowedPaths
        ok 1 - deniedPaths marks a file as a violation even when it also appears in allowedPaths
          ---
          duration_ms: 0.3448
          ...
        # Subtest: file outside allowedPaths is a violation when allowedPaths is configured
        ok 2 - file outside allowedPaths is a violation when allowedPaths is configured
          ---
          duration_ms: 0.2426
          ...
        # Subtest: file matching deniedPaths also appears in outsideAllowed when allowedPaths is configured
        ok 3 - file matching deniedPaths also appears in outsideAllowed when allowedPaths is configured
          ---
          duration_ms: 0.1761
          ...
        # Subtest: no violation when all files are within allowedPaths and none match deniedPaths
        ok 4 - no violation when all files are within allowedPaths and none match deniedPaths
          ---
          duration_ms: 0.2096
          ...
        # Subtest: deniedPaths-only: file matching a denied pattern is a violation
        ok 5 - deniedPaths-only: file matching a denied pattern is a violation
          ---
          duration_ms: 0.3766
          ...
        # Subtest: deniedPaths-only: file not matching any denied pattern is not a violation
        ok 6 - deniedPaths-only: file not matching any denied pattern is not a violation
          ---
          duration_ms: 0.5785
          ...
        # Subtest: allowedPaths-only: file within allowedPaths is not a violation
        ok 7 - allowedPaths-only: file within allowedPaths is not a violation
          ---
          duration_ms: 0.2123
          ...
        # Subtest: Windows-style paths are normalized correctly in role path violations
        ok 8 - Windows-style paths are normalized correctly in role path violations
          ---
          duration_ms: 0.2218
          ...
        1..8
    ok 12 - role path violations ÔÇö deniedPaths and allowedPaths precedence
      ---
      duration_ms: 2.761
      type: 'suite'
      ...
    # Subtest: no false positives for unrelated files
        # Subtest: unrelated files do not match protected path patterns
        ok 1 - unrelated files do not match protected path patterns
          ---
          duration_ms: 0.2494
          ...
        # Subtest: partial directory name does not trigger protection
        ok 2 - partial directory name does not trigger protection
          ---
          duration_ms: 0.158
          ...
        # Subtest: empty or blank paths do not match any pattern
        ok 3 - empty or blank paths do not match any pattern
          ---
          duration_ms: 0.1506
          ...
        # Subtest: exact match required when no wildcard is used in pattern
        ok 4 - exact match required when no wildcard is used in pattern
          ---
          duration_ms: 0.2333
          ...
        # Subtest: getProtectedPathMatches returns empty array when no file matches
        ok 5 - getProtectedPathMatches returns empty array when no file matches
          ---
          duration_ms: 0.384
          ...
        1..5
    ok 13 - no false positives for unrelated files
      ---
      duration_ms: 1.4251
      type: 'suite'
      ...
    1..13
ok 345 - policy_engine
  ---
  duration_ms: 20.7095
  type: 'suite'
  ...
# Subtest: PREMORTEM_RISK_LEVEL enum (AC8, AC11, AC12, AC16)
    # Subtest: exports only 'high' as the risk level (not medium)
    ok 1 - exports only 'high' as the risk level (not medium)
      ---
      duration_ms: 1.265
      ...
    1..1
ok 346 - PREMORTEM_RISK_LEVEL enum (AC8, AC11, AC12, AC16)
  ---
  duration_ms: 3.1181
  type: 'suite'
  ...
# Subtest: PREMORTEM_STATUS enum (AC8, AC11)
    # Subtest: exports PASS, INCOMPLETE, BLOCKED with correct values
    ok 1 - exports PASS, INCOMPLETE, BLOCKED with correct values
      ---
      duration_ms: 0.2602
      ...
    1..1
ok 347 - PREMORTEM_STATUS enum (AC8, AC11)
  ---
  duration_ms: 0.4071
  type: 'suite'
  ...
# Subtest: PREMORTEM_VALIDATION_REASON enum (AC8, AC9, AC11)
    # Subtest: exports OK, MISSING_FIELD, INVALID_FIELD, WRONG_RISK_LEVEL
    ok 1 - exports OK, MISSING_FIELD, INVALID_FIELD, WRONG_RISK_LEVEL
      ---
      duration_ms: 0.1865
      ...
    1..1
ok 348 - PREMORTEM_VALIDATION_REASON enum (AC8, AC9, AC11)
  ---
  duration_ms: 0.3203
  type: 'suite'
  ...
# Subtest: PREMORTEM_REQUIRED_FIELDS (AC11, AC13)
    # Subtest: exports all required field names as a frozen array
    ok 1 - exports all required field names as a frozen array
      ---
      duration_ms: 0.2028
      ...
    1..1
ok 349 - PREMORTEM_REQUIRED_FIELDS (AC11, AC13)
  ---
  duration_ms: 0.4848
  type: 'suite'
  ...
# Subtest: validatePremortem ÔÇö missing input (AC9, AC10)
    # Subtest: returns BLOCKED/MISSING_FIELD for null input
    ok 1 - returns BLOCKED/MISSING_FIELD for null input
      ---
      duration_ms: 0.8346
      ...
    # Subtest: returns BLOCKED/MISSING_FIELD for undefined input
    ok 2 - returns BLOCKED/MISSING_FIELD for undefined input
      ---
      duration_ms: 0.281
      ...
    # Subtest: returns BLOCKED/MISSING_FIELD for non-object input (string)
    ok 3 - returns BLOCKED/MISSING_FIELD for non-object input (string)
      ---
      duration_ms: 0.1979
      ...
    # Subtest: returns BLOCKED/MISSING_FIELD for non-object input (number)
    ok 4 - returns BLOCKED/MISSING_FIELD for non-object input (number)
      ---
      duration_ms: 0.1653
      ...
    1..4
ok 350 - validatePremortem ÔÇö missing input (AC9, AC10)
  ---
  duration_ms: 5.7249
  type: 'suite'
  ...
# Subtest: validatePremortem ÔÇö wrong riskLevel (AC9, AC10, AC12)
    # Subtest: returns BLOCKED/WRONG_RISK_LEVEL when riskLevel='medium' (medium not accepted)
    ok 1 - returns BLOCKED/WRONG_RISK_LEVEL when riskLevel='medium' (medium not accepted)
      ---
      duration_ms: 0.5771
      ...
    # Subtest: returns BLOCKED/WRONG_RISK_LEVEL when riskLevel='low'
    ok 2 - returns BLOCKED/WRONG_RISK_LEVEL when riskLevel='low'
      ---
      duration_ms: 0.3703
      ...
    # Subtest: returns BLOCKED/MISSING_FIELD when riskLevel field is absent
    ok 3 - returns BLOCKED/MISSING_FIELD when riskLevel field is absent
      ---
      duration_ms: 0.1924
      ...
    1..3
ok 351 - validatePremortem ÔÇö wrong riskLevel (AC9, AC10, AC12)
  ---
  duration_ms: 1.5349
  type: 'suite'
  ...
# Subtest: validatePremortem ÔÇö invalid/incomplete fields (AC9, AC10, AC13)
    # Subtest: returns INCOMPLETE/INVALID_FIELD when scenario is too short
    ok 1 - returns INCOMPLETE/INVALID_FIELD when scenario is too short
      ---
      duration_ms: 0.5092
      ...
    # Subtest: returns INCOMPLETE/INVALID_FIELD when failurePaths is empty array
    ok 2 - returns INCOMPLETE/INVALID_FIELD when failurePaths is empty array
      ---
      duration_ms: 0.7135
      ...
    # Subtest: returns INCOMPLETE/INVALID_FIELD when mitigations is empty array
    ok 3 - returns INCOMPLETE/INVALID_FIELD when mitigations is empty array
      ---
      duration_ms: 0.3651
      ...
    # Subtest: returns INCOMPLETE/INVALID_FIELD when detectionSignals is missing
    ok 4 - returns INCOMPLETE/INVALID_FIELD when detectionSignals is missing
      ---
      duration_ms: 0.4072
      ...
    # Subtest: returns INCOMPLETE/INVALID_FIELD when guardrails is missing
    ok 5 - returns INCOMPLETE/INVALID_FIELD when guardrails is missing
      ---
      duration_ms: 0.4507
      ...
    # Subtest: returns INCOMPLETE/INVALID_FIELD when rollbackPlan is too short
    ok 6 - returns INCOMPLETE/INVALID_FIELD when rollbackPlan is too short
      ---
      duration_ms: 0.3164
      ...
    # Subtest: can accumulate multiple field errors in one validation pass
    ok 7 - can accumulate multiple field errors in one validation pass
      ---
      duration_ms: 1.1739
      ...
    1..7
ok 352 - validatePremortem ÔÇö invalid/incomplete fields (AC9, AC10, AC13)
  ---
  duration_ms: 4.693
  type: 'suite'
  ...
# Subtest: validatePremortem ÔÇö valid input (AC1, AC2, AC8)
    # Subtest: returns PASS/OK for a fully-populated pre-mortem with detection signals and guardrails
    ok 1 - returns PASS/OK for a fully-populated pre-mortem with detection signals and guardrails
      ---
      duration_ms: 0.8412
      ...
    # Subtest: returns PASS/OK for minimal valid pre-mortem
    ok 2 - returns PASS/OK for minimal valid pre-mortem
      ---
      duration_ms: 0.2305
      ...
    # Subtest: valid pre-mortem includes detectionSignals (AC2 ÔÇö explicit detection signals required)
    ok 3 - valid pre-mortem includes detectionSignals (AC2 ÔÇö explicit detection signals required)
      ---
      duration_ms: 0.1679
      ...
    # Subtest: valid pre-mortem includes guardrails (AC2 ÔÇö explicit guardrails required)
    ok 4 - valid pre-mortem includes guardrails (AC2 ÔÇö explicit guardrails required)
      ---
      duration_ms: 0.726
      ...
    1..4
ok 353 - validatePremortem ÔÇö valid input (AC1, AC2, AC8)
  ---
  duration_ms: 2.5767
  type: 'suite'
  ...
# Subtest: checkPlanPremortemGate ÔÇö execution gate (AC1, AC4, AC16)
    # Subtest: returns empty array when no plans are high-risk
    ok 1 - returns empty array when no plans are high-risk
      ---
      duration_ms: 0.5562
      ...
    # Subtest: returns empty array when high-risk plan has a valid pre-mortem
    ok 2 - returns empty array when high-risk plan has a valid pre-mortem
      ---
      duration_ms: 0.4197
      ...
    # Subtest: returns violation when high-risk plan has NO pre-mortem (AC4 negative path)
    ok 3 - returns violation when high-risk plan has NO pre-mortem (AC4 negative path)
      ---
      duration_ms: 0.726
      ...
    # Subtest: returns violation when high-risk plan has an INCOMPLETE pre-mortem
    ok 4 - returns violation when high-risk plan has an INCOMPLETE pre-mortem
      ---
      duration_ms: 0.4512
      ...
    # Subtest: returns multiple violations for multiple missing pre-mortems
    ok 5 - returns multiple violations for multiple missing pre-mortems
      ---
      duration_ms: 0.1963
      ...
    # Subtest: skips non-high-risk plans even when premortem is absent
    ok 6 - skips non-high-risk plans even when premortem is absent
      ---
      duration_ms: 1.3821
      ...
    # Subtest: returns empty array for null/non-array input (defensive)
    ok 7 - returns empty array for null/non-array input (defensive)
      ---
      duration_ms: 0.195
      ...
    1..7
ok 354 - checkPlanPremortemGate ÔÇö execution gate (AC1, AC4, AC16)
  ---
  duration_ms: 4.5712
  type: 'suite'
  ...
# Subtest: PREMORTEM_RISK_THRESHOLD (prometheus.js, AC12, AC16)
    # Subtest: equals 'high' ÔÇö only high-risk plans trigger pre-mortem requirement
    ok 1 - equals 'high' ÔÇö only high-risk plans trigger pre-mortem requirement
      ---
      duration_ms: 0.803
      ...
    1..1
ok 355 - PREMORTEM_RISK_THRESHOLD (prometheus.js, AC12, AC16)
  ---
  duration_ms: 0.9618
  type: 'suite'
  ...
# Subtest: buildPremortemScaffold (prometheus.js, AC1, AC11)
    # Subtest: returns an object with all required pre-mortem schema fields
    ok 1 - returns an object with all required pre-mortem schema fields
      ---
      duration_ms: 0.3796
      ...
    # Subtest: returns empty arrays for array fields (scaffold is unfilled)
    ok 2 - returns empty arrays for array fields (scaffold is unfilled)
      ---
      duration_ms: 0.2635
      ...
    # Subtest: scaffold does NOT pass validatePremortem (it is intentionally unfilled)
    ok 3 - scaffold does NOT pass validatePremortem (it is intentionally unfilled)
      ---
      duration_ms: 0.2182
      ...
    # Subtest: builds scaffold for null plan without throwing
    ok 4 - builds scaffold for null plan without throwing
      ---
      duration_ms: 0.1768
      ...
    1..4
ok 356 - buildPremortemScaffold (prometheus.js, AC1, AC11)
  ---
  duration_ms: 1.25
  type: 'suite'
  ...
# Subtest: PREMORTEM_QUALITY_RUBRIC (self_improvement.js, AC5, AC14)
    # Subtest: defines all six scoring criteria with maxPoints summing to PREMORTEM_MAX_SCORE
    ok 1 - defines all six scoring criteria with maxPoints summing to PREMORTEM_MAX_SCORE
      ---
      duration_ms: 0.233
      ...
    # Subtest: includes scenario, failurePaths, mitigations, detectionSignals, guardrails, rollbackPlan
    ok 2 - includes scenario, failurePaths, mitigations, detectionSignals, guardrails, rollbackPlan
      ---
      duration_ms: 0.3442
      ...
    # Subtest: is frozen (immutable rubric)
    ok 3 - is frozen (immutable rubric)
      ---
      duration_ms: 0.1389
      ...
    1..3
ok 357 - PREMORTEM_QUALITY_RUBRIC (self_improvement.js, AC5, AC14)
  ---
  duration_ms: 0.8756
  type: 'suite'
  ...
# Subtest: PREMORTEM_MAX_SCORE (AC5, AC14)
    # Subtest: equals 10
    ok 1 - equals 10
      ---
      duration_ms: 0.1486
      ...
    1..1
ok 358 - PREMORTEM_MAX_SCORE (AC5, AC14)
  ---
  duration_ms: 0.3332
  type: 'suite'
  ...
# Subtest: scorePremortemQuality ÔÇö positive paths (AC5, AC14, AC17)
    # Subtest: returns score=10, status=complete for fully-populated pre-mortem
    ok 1 - returns score=10, status=complete for fully-populated pre-mortem
      ---
      duration_ms: 0.4762
      ...
    # Subtest: all detail entries for fully-valid pre-mortem have pass=true
    ok 2 - all detail entries for fully-valid pre-mortem have pass=true
      ---
      duration_ms: 0.1679
      ...
    # Subtest: returns adequate status for partial pre-mortem (score=6-9)
    ok 3 - returns adequate status for partial pre-mortem (score=6-9)
      ---
      duration_ms: 0.1515
      ...
    # Subtest: returns inadequate status for weak pre-mortem (score < 6)
    ok 4 - returns inadequate status for weak pre-mortem (score < 6)
      ---
      duration_ms: 0.1373
      ...
    1..4
ok 359 - scorePremortemQuality ÔÇö positive paths (AC5, AC14, AC17)
  ---
  duration_ms: 1.0874
  type: 'suite'
  ...
# Subtest: scorePremortemQuality ÔÇö negative paths (AC5, AC9, AC10, AC17)
    # Subtest: returns score=0, status=blocked for null input
    ok 1 - returns score=0, status=blocked for null input
      ---
      duration_ms: 0.1474
      ...
    # Subtest: returns score=0, status=blocked for undefined input
    ok 2 - returns score=0, status=blocked for undefined input
      ---
      duration_ms: 0.1022
      ...
    # Subtest: returns score=0, status=blocked for non-object input (string)
    ok 3 - returns score=0, status=blocked for non-object input (string)
      ---
      duration_ms: 0.7413
      ...
    # Subtest: each detail entry has key, pass, points, maxPoints fields
    ok 4 - each detail entry has key, pass, points, maxPoints fields
      ---
      duration_ms: 0.2617
      ...
    1..4
ok 360 - scorePremortemQuality ÔÇö negative paths (AC5, AC9, AC10, AC17)
  ---
  duration_ms: 1.4546
  type: 'suite'
  ...
# Subtest: scoreAndStorePremortemQuality ÔÇö storage (AC5, AC14, AC15)
    # Subtest: returns empty scores when no high-risk plans are present
    ok 1 - returns empty scores when no high-risk plans are present
      ---
      duration_ms: 0.9349
      ...
    # Subtest: scores high-risk plans with pre-mortems and writes to premortem_scores.json
    ok 2 - scores high-risk plans with pre-mortems and writes to premortem_scores.json
      ---
      duration_ms: 24.5375
      ...
    # Subtest: each stored score entry has required schema fields
    ok 3 - each stored score entry has required schema fields
      ---
      duration_ms: 51.213
      ...
    # Subtest: appends scores across multiple calls (state persists)
    ok 4 - appends scores across multiple calls (state persists)
      ---
      duration_ms: 63.7184
      ...
    # Subtest: returns scores=[] and averageScore=null for null prometheusAnalysis
    ok 5 - returns scores=[] and averageScore=null for null prometheusAnalysis
      ---
      duration_ms: 0.3671
      ...
    # Subtest: handles high-risk plan without premortem field gracefully (skips non-premortem high-risk)
    ok 6 - handles high-risk plan without premortem field gracefully (skips non-premortem high-risk)
      ---
      duration_ms: 0.2218
      ...
    1..6
ok 361 - scoreAndStorePremortemQuality ÔÇö storage (AC5, AC14, AC15)
  ---
  duration_ms: 182.3293
  type: 'suite'
  ...
# Subtest: AC4 integration: gate blocks execution of high-risk task without pre-mortem
    # Subtest: rejects plan array with high-risk item and no pre-mortem (deterministic block)
    ok 1 - rejects plan array with high-risk item and no pre-mortem (deterministic block)
      ---
      duration_ms: 0.8324
      ...
    # Subtest: does not block a valid high-risk plan with complete pre-mortem (AC1 positive path)
    ok 2 - does not block a valid high-risk plan with complete pre-mortem (AC1 positive path)
      ---
      duration_ms: 0.9356
      ...
    1..2
ok 362 - AC4 integration: gate blocks execution of high-risk task without pre-mortem
  ---
  duration_ms: 2.013
  type: 'suite'
  ...
# Subtest: normalizePostmortemVerdict ÔÇö new schema (recommendation field)
    # Subtest: returns pass=true, schema='new' for recommendation=proceed
    ok 1 - returns pass=true, schema='new' for recommendation=proceed
      ---
      duration_ms: 2.2003
      ...
    # Subtest: returns pass=false for recommendation=rework
    ok 2 - returns pass=false for recommendation=rework
      ---
      duration_ms: 0.4443
      ...
    # Subtest: returns pass=false for recommendation=escalate
    ok 3 - returns pass=false for recommendation=escalate
      ---
      duration_ms: 0.661
      ...
    # Subtest: POSTMORTEM_RECOMMENDATION enum exports deterministic values
    ok 4 - POSTMORTEM_RECOMMENDATION enum exports deterministic values
      ---
      duration_ms: 0.4358
      ...
    1..4
ok 363 - normalizePostmortemVerdict ÔÇö new schema (recommendation field)
  ---
  duration_ms: 5.5741
  type: 'suite'
  ...
# Subtest: normalizePostmortemVerdict ÔÇö legacy schema (verdict field)
    # Subtest: returns pass=true, schema='legacy' for verdict=pass (backward compat)
    ok 1 - returns pass=true, schema='legacy' for verdict=pass (backward compat)
      ---
      duration_ms: 0.3992
      ...
    # Subtest: returns pass=false for verdict=fail (backward compat)
    ok 2 - returns pass=false for verdict=fail (backward compat)
      ---
      duration_ms: 0.1932
      ...
    # Subtest: does not read legacy verdict when new recommendation field is present
    ok 3 - does not read legacy verdict when new recommendation field is present
      ---
      duration_ms: 0.3376
      ...
    1..3
ok 364 - normalizePostmortemVerdict ÔÇö legacy schema (verdict field)
  ---
  duration_ms: 1.3481
  type: 'suite'
  ...
# Subtest: normalizePostmortemVerdict ÔÇö negative paths (failure handling)
    # Subtest: returns pass=false, reason=MISSING_VERDICT when neither field present
    ok 1 - returns pass=false, reason=MISSING_VERDICT when neither field present
      ---
      duration_ms: 4.059
      ...
    # Subtest: returns pass=false, reason=MISSING_VERDICT for null input
    ok 2 - returns pass=false, reason=MISSING_VERDICT for null input
      ---
      duration_ms: 2.1185
      ...
    # Subtest: returns pass=false, reason=MISSING_VERDICT for undefined input
    ok 3 - returns pass=false, reason=MISSING_VERDICT for undefined input
      ---
      duration_ms: 0.3427
      ...
    # Subtest: returns pass=false, reason=INVALID_RECOMMENDATION for unknown recommendation value
    ok 4 - returns pass=false, reason=INVALID_RECOMMENDATION for unknown recommendation value
      ---
      duration_ms: 2.283
      ...
    # Subtest: distinguishes MISSING_VERDICT (no field) from INVALID_RECOMMENDATION (bad value)
    ok 5 - distinguishes MISSING_VERDICT (no field) from INVALID_RECOMMENDATION (bad value)
      ---
      duration_ms: 0.4025
      ...
    1..5
ok 365 - normalizePostmortemVerdict ÔÇö negative paths (failure handling)
  ---
  duration_ms: 9.7545
  type: 'suite'
  ...
# Subtest: POSTMORTEM_PARSE_REASON enum
    # Subtest: exports deterministic reason constants
    ok 1 - exports deterministic reason constants
      ---
      duration_ms: 0.2351
      ...
    1..1
ok 366 - POSTMORTEM_PARSE_REASON enum
  ---
  duration_ms: 0.8088
  type: 'suite'
  ...
# Subtest: collectWorkSummary ÔÇö completedTasks counting from state fixtures
    # Subtest: counts new-schema postmortems with recommendation=proceed as completed
    ok 1 - counts new-schema postmortems with recommendation=proceed as completed
      ---
      duration_ms: 40.8665
      ...
    # Subtest: counts legacy-schema postmortems with verdict=pass as completed (backward compat)
    ok 2 - counts legacy-schema postmortems with verdict=pass as completed (backward compat)
      ---
      duration_ms: 16.8789
      ...
    # Subtest: handles mixed new and legacy schema fixtures accurately
    ok 3 - handles mixed new and legacy schema fixtures accurately
      ---
      duration_ms: 17.3116
      ...
    # Subtest: returns empty completedTasks when postmortems file is absent
    ok 4 - returns empty completedTasks when postmortems file is absent
      ---
      duration_ms: 4.4962
      ...
    # Subtest: skips records with neither recommendation nor verdict (no silent fallback)
    ok 5 - skips records with neither recommendation nor verdict (no silent fallback)
      ---
      duration_ms: 15.0968
      ...
    # Subtest: summary object includes required completedTasks field
    ok 6 - summary object includes required completedTasks field
      ---
      duration_ms: 5.3002
      ...
    # Subtest: replay of existing real state fixtures produces accurate count
    ok 7 - replay of existing real state fixtures produces accurate count
      ---
      duration_ms: 15.0832
      ...
    1..7
ok 367 - collectWorkSummary ÔÇö completedTasks counting from state fixtures
  ---
  duration_ms: 115.8527
  type: 'suite'
  ...
# [box][warn] [lifecycle] Postmortem for "orphan-worker" skipped ÔÇö MISSING_VERDICT
# Subtest: normalizePrometheusParsedOutput
    # Subtest: maps tasks/waves decision payload into planner plans
    ok 1 - maps tasks/waves decision payload into planner plans
      ---
      duration_ms: 3.731
      ...
    # Subtest: maps topBottlenecks + string-task waves (GPT analytical format) into planner plans
    ok 2 - maps topBottlenecks + string-task waves (GPT analytical format) into planner plans
      ---
      duration_ms: 1.0377
      ...
    # Subtest: keeps valid planner plans and fills missing required fields
    ok 3 - keeps valid planner plans and fills missing required fields
      ---
      duration_ms: 0.3269
      ...
    # Subtest: maps DECISION-style waves with string task ids into actionable plans
    ok 4 - maps DECISION-style waves with string task ids into actionable plans
      ---
      duration_ms: 0.2614
      ...
    # Subtest: always emits requestBudget to satisfy trust boundary
    ok 5 - always emits requestBudget to satisfy trust boundary
      ---
      duration_ms: 0.2151
      ...
    # Subtest: extracts plans from narrative wave sections when no JSON plans exist
    ok 6 - extracts plans from narrative wave sections when no JSON plans exist
      ---
      duration_ms: 2.4644
      ...
    1..6
ok 368 - normalizePrometheusParsedOutput
  ---
  duration_ms: 10.0669
  type: 'suite'
  ...
# Subtest: Exported constants
    # Subtest: DEFAULT_CYCLE_WINDOW = 10 (AC11)
    ok 1 - DEFAULT_CYCLE_WINDOW = 10 (AC11)
      ---
      duration_ms: 1.7492
      ...
    # Subtest: LOW_CONFIDENCE_THRESHOLD = 0.4 (AC13)
    ok 2 - LOW_CONFIDENCE_THRESHOLD = 0.4 (AC13)
      ---
      duration_ms: 0.1904
      ...
    1..2
ok 369 - Exported constants
  ---
  duration_ms: 3.2637
  type: 'suite'
  ...
# Subtest: REPLAY_STATUS enum (AC8, AC19)
    # Subtest: is frozen with exactly three values: ok, degraded, error
    ok 1 - is frozen with exactly three values: ok, degraded, error
      ---
      duration_ms: 0.2681
      ...
    1..1
ok 370 - REPLAY_STATUS enum (AC8, AC19)
  ---
  duration_ms: 0.3924
  type: 'suite'
  ...
# Subtest: REPLAY_DEGRADED_REASON enum (AC8, AC18)
    # Subtest: is frozen with all five reason codes
    ok 1 - is frozen with all five reason codes
      ---
      duration_ms: 0.5468
      ...
    1..1
ok 371 - REPLAY_DEGRADED_REASON enum (AC8, AC18)
  ---
  duration_ms: 0.671
  type: 'suite'
  ...
# Subtest: computeOutcomeMetrics (AC2, AC12)
    # Subtest: returns all five required metric fields
    ok 1 - returns all five required metric fields
      ---
      duration_ms: 4.3012
      ...
    # Subtest: tasksCompleted counts correct + delayed-correct
    ok 2 - tasksCompleted counts correct + delayed-correct
      ---
      duration_ms: 0.3974
      ...
    # Subtest: workerSuccessRate = 7/10 = 0.7
    ok 3 - workerSuccessRate = 7/10 = 0.7
      ---
      duration_ms: 0.3951
      ...
    # Subtest: avgAttempts is a positive number
    ok 4 - avgAttempts is a positive number
      ---
      duration_ms: 0.2444
      ...
    # Subtest: cycleHealth is 'good' for successRate=0.7 (>= 0.75 ÔåÆ 'good', 0.4-0.75 ÔåÆ 'fair')
    ok 5 - cycleHealth is 'good' for successRate=0.7 (>= 0.75 ÔåÆ 'good', 0.4-0.75 ÔåÆ 'fair')
      ---
      duration_ms: 0.2695
      ...
    # Subtest: cycleHealth = 'good' when successRate >= 0.75
    ok 6 - cycleHealth = 'good' when successRate >= 0.75
      ---
      duration_ms: 0.3127
      ...
    # Subtest: cycleHealth = 'poor' when successRate < 0.4
    ok 7 - cycleHealth = 'poor' when successRate < 0.4
      ---
      duration_ms: 0.2028
      ...
    # Subtest: empty entries returns zero metrics and cycleHealth='poor'
    ok 8 - empty entries returns zero metrics and cycleHealth='poor'
      ---
      duration_ms: 0.2823
      ...
    # Subtest: non-array entries returns zero metrics
    ok 9 - non-array entries returns zero metrics
      ---
      duration_ms: 0.1564
      ...
    1..9
ok 372 - computeOutcomeMetrics (AC2, AC12)
  ---
  duration_ms: 7.3489
  type: 'suite'
  ...
# Subtest: computeConfidenceScore (AC3, AC13)
    # Subtest: returns 0 for empty entries
    ok 1 - returns 0 for empty entries
      ---
      duration_ms: 0.2757
      ...
    # Subtest: returns a value in [0, 1]
    ok 2 - returns a value in [0, 1]
      ---
      duration_ms: 0.2271
      ...
    # Subtest: full window of labeled entries achieves score >= LOW_CONFIDENCE_THRESHOLD
    ok 3 - full window of labeled entries achieves score >= LOW_CONFIDENCE_THRESHOLD
      ---
      duration_ms: 0.5507
      ...
    # Subtest: single entry is below LOW_CONFIDENCE_THRESHOLD
    ok 4 - single entry is below LOW_CONFIDENCE_THRESHOLD
      ---
      duration_ms: 0.2613
      ...
    1..4
ok 373 - computeConfidenceScore (AC3, AC13)
  ---
  duration_ms: 1.8534
  type: 'suite'
  ...
# Subtest: validatePolicyCandidate (AC9, AC18)
    # Subtest: valid policy returns ok=true
    ok 1 - valid policy returns ok=true
      ---
      duration_ms: 1.1034
      ...
    # Subtest: null policy ÔåÆ ok=false, missingFields includes <policy object>
    ok 2 - null policy ÔåÆ ok=false, missingFields includes <policy object>
      ---
      duration_ms: 0.2091
      ...
    # Subtest: missing id field ÔåÆ ok=false, missingFields includes 'id' (AC9 missing input)
    ok 3 - missing id field ÔåÆ ok=false, missingFields includes 'id' (AC9 missing input)
      ---
      duration_ms: 0.16
      ...
    # Subtest: empty id string ÔåÆ ok=false, invalidFields includes 'id' (AC9 invalid input)
    ok 4 - empty id string ÔåÆ ok=false, invalidFields includes 'id' (AC9 invalid input)
      ---
      duration_ms: 0.1867
      ...
    # Subtest: missing thresholds ÔåÆ ok=false, missingFields includes 'thresholds'
    ok 5 - missing thresholds ÔåÆ ok=false, missingFields includes 'thresholds'
      ---
      duration_ms: 0.1612
      ...
    # Subtest: maxRetries=0 (invalid, not missing) ÔåÆ invalidFields includes threshold field
    ok 6 - maxRetries=0 (invalid, not missing) ÔåÆ invalidFields includes threshold field
      ---
      duration_ms: 0.1528
      ...
    # Subtest: minSuccessRate=1.5 (out of range) ÔåÆ invalidFields
    ok 7 - minSuccessRate=1.5 (out of range) ÔåÆ invalidFields
      ---
      duration_ms: 0.2039
      ...
    # Subtest: missing maxRetries (not present) ÔåÆ missingFields, not invalidFields (AC9 distinction)
    ok 8 - missing maxRetries (not present) ÔåÆ missingFields, not invalidFields (AC9 distinction)
      ---
      duration_ms: 0.1546
      ...
    1..8
ok 374 - validatePolicyCandidate (AC9, AC18)
  ---
  duration_ms: 2.7515
  type: 'suite'
  ...
# Subtest: applyPolicyToEntries
    # Subtest: entries within maxRetries are unchanged
    ok 1 - entries within maxRetries are unchanged
      ---
      duration_ms: 0.3613
      ...
    # Subtest: entries exceeding maxRetries are projected as INCORRECT
    ok 2 - entries exceeding maxRetries are projected as INCORRECT
      ---
      duration_ms: 0.1814
      ...
    # Subtest: does not mutate the original entries (no live state mutation)
    ok 3 - does not mutate the original entries (no live state mutation)
      ---
      duration_ms: 0.1481
      ...
    # Subtest: returns empty array for non-array input
    ok 4 - returns empty array for non-array input
      ---
      duration_ms: 0.1223
      ...
    1..4
ok 375 - applyPolicyToEntries
  ---
  duration_ms: 1.0429
  type: 'suite'
  ...
# Subtest: computeInputHash (AC1, AC11)
    # Subtest: same input produces same hash (determinism double-run check)
    ok 1 - same input produces same hash (determinism double-run check)
      ---
      duration_ms: 1.0006
      ...
    # Subtest: different input produces different hash
    ok 2 - different input produces different hash
      ---
      duration_ms: 0.2926
      ...
    # Subtest: returns a non-empty hex string
    ok 3 - returns a non-empty hex string
      ---
      duration_ms: 0.3442
      ...
    1..3
ok 376 - computeInputHash (AC1, AC11)
  ---
  duration_ms: 1.8301
  type: 'suite'
  ...
# Subtest: loadCycleSnapshots ÔÇö source file missing (AC9: MISSING_CYCLES)
    # Subtest: returns ok=false with reason=MISSING_CYCLES
    ok 1 - returns ok=false with reason=MISSING_CYCLES
      ---
      duration_ms: 7.9898
      ...
    1..1
ok 377 - loadCycleSnapshots ÔÇö source file missing (AC9: MISSING_CYCLES)
  ---
  duration_ms: 50.7918
  type: 'suite'
  ...
# Subtest: loadCycleSnapshots ÔÇö source file invalid JSON (AC9: INVALID_CYCLE)
    # Subtest: returns ok=false with reason=INVALID_CYCLE (not MISSING_CYCLES)
    ok 1 - returns ok=false with reason=INVALID_CYCLE (not MISSING_CYCLES)
      ---
      duration_ms: 3.3846
      ...
    1..1
ok 378 - loadCycleSnapshots ÔÇö source file invalid JSON (AC9: INVALID_CYCLE)
  ---
  duration_ms: 9.9886
  type: 'suite'
  ...
# Subtest: loadCycleSnapshots ÔÇö valid postmortems (AC1)
    # Subtest: returns ok=true
    ok 1 - returns ok=true
      ---
      duration_ms: 0.4393
      ...
    # Subtest: loads up to N cycles (AC1)
    ok 2 - loads up to N cycles (AC1)
      ---
      duration_ms: 0.1395
      ...
    # Subtest: sourceFiles includes athena_postmortems.json
    ok 3 - sourceFiles includes athena_postmortems.json
      ---
      duration_ms: 0.1023
      ...
    1..3
ok 379 - loadCycleSnapshots ÔÇö valid postmortems (AC1)
  ---
  duration_ms: 20.4727
  type: 'suite'
  ...
# Subtest: runReplay ÔÇö no policy candidates (AC9, AC10)
    # Subtest: status=error when policyCandidates is empty (AC10)
    ok 1 - status=error when policyCandidates is empty (AC10)
      ---
      duration_ms: 0.4513
      ...
    # Subtest: degradedReason=INVALID_POLICY (AC10, AC18)
    ok 2 - degradedReason=INVALID_POLICY (AC10, AC18)
      ---
      duration_ms: 0.3494
      ...
    # Subtest: policyResults is empty array (no silent fallback ÔÇö AC10)
    ok 3 - policyResults is empty array (no silent fallback ÔÇö AC10)
      ---
      duration_ms: 0.173
      ...
    1..3
ok 380 - runReplay ÔÇö no policy candidates (AC9, AC10)
  ---
  duration_ms: 4.986
  type: 'suite'
  ...
# Subtest: runReplay ÔÇö invalid policy object (AC7, AC9)
    # Subtest: status=error for invalid policy (AC7 negative path)
    ok 1 - status=error for invalid policy (AC7 negative path)
      ---
      duration_ms: 0.2864
      ...
    # Subtest: degradedReason=INVALID_POLICY ÔÇö explicit, not silent (AC10)
    ok 2 - degradedReason=INVALID_POLICY ÔÇö explicit, not silent (AC10)
      ---
      duration_ms: 0.1307
      ...
    # Subtest: policyResults contains error entry with validationDetail (AC7)
    ok 3 - policyResults contains error entry with validationDetail (AC7)
      ---
      duration_ms: 0.3059
      ...
    1..3
ok 381 - runReplay ÔÇö invalid policy object (AC7, AC9)
  ---
  duration_ms: 14.7343
  type: 'suite'
  ...
# Subtest: runReplay ÔÇö missing cycle data (AC9: MISSING_CYCLES)
    # Subtest: status=error when cycle data is missing (AC10)
    ok 1 - status=error when cycle data is missing (AC10)
      ---
      duration_ms: 0.3213
      ...
    # Subtest: degradedReason=MISSING_CYCLES (AC9: missing input, not invalid input)
    ok 2 - degradedReason=MISSING_CYCLES (AC9: missing input, not invalid input)
      ---
      duration_ms: 0.1428
      ...
    # Subtest: cyclesLoaded=0 (no silent fallback ÔÇö AC10)
    ok 3 - cyclesLoaded=0 (no silent fallback ÔÇö AC10)
      ---
      duration_ms: 0.1316
      ...
    1..3
ok 382 - runReplay ÔÇö missing cycle data (AC9: MISSING_CYCLES)
  ---
  duration_ms: 6.8357
  type: 'suite'
  ...
# Subtest: runReplay ÔÇö successful replay (AC1ÔÇôAC5, AC14)
    # Subtest: inputHash is a non-empty hex string (AC1)
    ok 1 - inputHash is a non-empty hex string (AC1)
      ---
      duration_ms: 0.5108
      ...
    # Subtest: double-run produces same inputHash (AC1 determinism contract)
    ok 2 - double-run produces same inputHash (AC1 determinism contract)
      ---
      duration_ms: 34.5348
      ...
    # Subtest: result includes all reproducibility metadata fields (AC4, AC14)
    ok 3 - result includes all reproducibility metadata fields (AC4, AC14)
      ---
      duration_ms: 0.301
      ...
    # Subtest: replayId is a non-empty string
    ok 4 - replayId is a non-empty string
      ---
      duration_ms: 0.4003
      ...
    # Subtest: replayTimestamp is an ISO8601 string
    ok 5 - replayTimestamp is an ISO8601 string
      ---
      duration_ms: 0.3989
      ...
    # Subtest: cycleWindow = DEFAULT_CYCLE_WINDOW (AC11)
    ok 6 - cycleWindow = DEFAULT_CYCLE_WINDOW (AC11)
      ---
      duration_ms: 0.1257
      ...
    # Subtest: status is one of REPLAY_STATUS values (AC8, AC19)
    ok 7 - status is one of REPLAY_STATUS values (AC8, AC19)
      ---
      duration_ms: 0.1138
      ...
    # Subtest: policyResults contains at least one entry (AC2)
    ok 8 - policyResults contains at least one entry (AC2)
      ---
      duration_ms: 0.1014
      ...
    # Subtest: each PolicyEvalResult has all required fields (AC8, AC17)
    ok 9 - each PolicyEvalResult has all required fields (AC8, AC17)
      ---
      duration_ms: 0.2434
      ...
    # Subtest: metrics contains all OutcomeMetrics fields (AC2, AC12)
    ok 10 - metrics contains all OutcomeMetrics fields (AC2, AC12)
      ---
      duration_ms: 0.2944
      ...
    # Subtest: PolicyEvalResult status is 'ok' or 'error' (AC8)
    ok 11 - PolicyEvalResult status is 'ok' or 'error' (AC8)
      ---
      duration_ms: 0.1501
      ...
    # Subtest: lowConfidence field is a boolean (AC3)
    ok 12 - lowConfidence field is a boolean (AC3)
      ---
      duration_ms: 0.1334
      ...
    # Subtest: confidenceScore is in [0, 1] (AC3, AC13)
    ok 13 - confidenceScore is in [0, 1] (AC3, AC13)
      ---
      duration_ms: 0.1749
      ...
    # Subtest: replay does not mutate original state files (AC5)
    ok 14 - replay does not mutate original state files (AC5)
      ---
      duration_ms: 3.1928
      ...
    # Subtest: original athena_postmortems.json is unchanged after replay (AC5 snapshot diff)
    ok 15 - original athena_postmortems.json is unchanged after replay (AC5 snapshot diff)
      ---
      duration_ms: 4.4745
      ...
    # Subtest: replay result is persisted to state/replay_results/<replayId>.json (AC4)
    ok 16 - replay result is persisted to state/replay_results/<replayId>.json (AC4)
      ---
      duration_ms: 7.3282
      ...
    1..16
ok 383 - runReplay ÔÇö successful replay (AC1ÔÇôAC5, AC14)
  ---
  duration_ms: 103.0298
  type: 'suite'
  ...
# Subtest: runReplay ÔÇö low-confidence flagging with single entry (AC3)
    # Subtest: policyResults[0].lowConfidence=true for single-entry cycle (AC3)
    ok 1 - policyResults[0].lowConfidence=true for single-entry cycle (AC3)
      ---
      duration_ms: 0.9106
      ...
    # Subtest: confidenceScore < LOW_CONFIDENCE_THRESHOLD (AC3, AC13)
    ok 2 - confidenceScore < LOW_CONFIDENCE_THRESHOLD (AC3, AC13)
      ---
      duration_ms: 0.1545
      ...
    # Subtest: lowConfidenceReason is a non-empty string when lowConfidence=true (AC3)
    ok 3 - lowConfidenceReason is a non-empty string when lowConfidence=true (AC3)
      ---
      duration_ms: 0.1012
      ...
    1..3
ok 384 - runReplay ÔÇö low-confidence flagging with single entry (AC3)
  ---
  duration_ms: 63.7877
  type: 'suite'
  ...
# Subtest: runReplay ÔÇö insufficient cycles (AC1, AC10)
    # Subtest: status=degraded when fewer cycles loaded than requested (AC10)
    ok 1 - status=degraded when fewer cycles loaded than requested (AC10)
      ---
      duration_ms: 0.8112
      ...
    # Subtest: degradedReason=INSUFFICIENT_CYCLES (AC10, AC18)
    ok 2 - degradedReason=INSUFFICIENT_CYCLES (AC10, AC18)
      ---
      duration_ms: 0.1377
      ...
    # Subtest: cyclesLoaded < cycleWindow (AC1)
    ok 3 - cyclesLoaded < cycleWindow (AC1)
      ---
      duration_ms: 0.1048
      ...
    # Subtest: still evaluates policies against available cycles (AC10 ÔÇö partial not silent)
    ok 4 - still evaluates policies against available cycles (AC10 ÔÇö partial not silent)
      ---
      duration_ms: 0.2665
      ...
    1..4
ok 385 - runReplay ÔÇö insufficient cycles (AC1, AC10)
  ---
  duration_ms: 60.8445
  type: 'suite'
  ...
# Subtest: runReplay ÔÇö delta metrics computation
    # Subtest: delta contains tasksCompleted, workerSuccessRate, avgAttempts, weightedScore
    ok 1 - delta contains tasksCompleted, workerSuccessRate, avgAttempts, weightedScore
      ---
      duration_ms: 0.6704
      ...
    # Subtest: strict maxRetries=1 reduces tasksCompleted vs baseline for entries with attempts > 1
    ok 2 - strict maxRetries=1 reduces tasksCompleted vs baseline for entries with attempts > 1
      ---
      duration_ms: 0.845
      ...
    1..2
ok 386 - runReplay ÔÇö delta metrics computation
  ---
  duration_ms: 47.0587
  type: 'suite'
  ...
# Subtest: isDrillMode()
    # Subtest: returns false when BOX_DRILL_MODE is not set
    ok 1 - returns false when BOX_DRILL_MODE is not set
      ---
      duration_ms: 1.2137
      ...
    # Subtest: returns true when BOX_DRILL_MODE=ci (AC11 ÔÇö CI simulation mode activation)
    ok 2 - returns true when BOX_DRILL_MODE=ci (AC11 ÔÇö CI simulation mode activation)
      ---
      duration_ms: 0.4072
      ...
    # Subtest: returns false for non-ci values
    ok 3 - returns false for non-ci values
      ---
      duration_ms: 0.3006
      ...
    1..3
ok 387 - isDrillMode()
  ---
  duration_ms: 10.0926
  type: 'suite'
  ...
# Subtest: schema version constants
    # Subtest: exports positive integer schema versions
    ok 1 - exports positive integer schema versions
      ---
      duration_ms: 0.4762
      ...
    1..1
ok 388 - schema version constants
  ---
  duration_ms: 0.7401
  type: 'suite'
  ...
# Subtest: DRILL_MODE enum
    # Subtest: exports CI and DEV as distinct string values
    ok 1 - exports CI and DEV as distinct string values
      ---
      duration_ms: 0.4118
      ...
    1..1
ok 389 - DRILL_MODE enum
  ---
  duration_ms: 0.5866
  type: 'suite'
  ...
# Subtest: DRILL_STATUS enum
    # Subtest: exports PASS and FAIL as distinct string values
    ok 1 - exports PASS and FAIL as distinct string values
      ---
      duration_ms: 0.4706
      ...
    1..1
ok 390 - DRILL_STATUS enum
  ---
  duration_ms: 0.7527
  type: 'suite'
  ...
# Subtest: DRILL_TRANSITION_STATE enum (AC12 ÔÇö sequence contract)
    # Subtest: exports all five state values
    ok 1 - exports all five state values
      ---
      duration_ms: 0.397
      ...
    # Subtest: DRILL_EXPECTED_TRANSITIONS contains 4 transitions in correct order
    ok 2 - DRILL_EXPECTED_TRANSITIONS contains 4 transitions in correct order
      ---
      duration_ms: 0.4775
      ...
    1..2
ok 391 - DRILL_TRANSITION_STATE enum (AC12 ÔÇö sequence contract)
  ---
  duration_ms: 1.0862
  type: 'suite'
  ...
# Subtest: DRILL_REASON_CODE enum (AC9, AC10)
    # Subtest: exports all required reason codes
    ok 1 - exports all required reason codes
      ---
      duration_ms: 2.4713
      ...
    # Subtest: MISSING_INPUT and INVALID_INPUT are distinct (AC9)
    ok 2 - MISSING_INPUT and INVALID_INPUT are distinct (AC9)
      ---
      duration_ms: 0.3957
      ...
    1..2
ok 392 - DRILL_REASON_CODE enum (AC9, AC10)
  ---
  duration_ms: 3.2103
  type: 'suite'
  ...
# Subtest: DRILL_REPORT_REQUIRED_FIELDS (AC8 ÔÇö schema contract)
    # Subtest: contains all mandatory report fields
    ok 1 - contains all mandatory report fields
      ---
      duration_ms: 0.2549
      ...
    1..1
ok 393 - DRILL_REPORT_REQUIRED_FIELDS (AC8 ÔÇö schema contract)
  ---
  duration_ms: 0.3686
  type: 'suite'
  ...
# Subtest: DRILL_RESULT_REQUIRED_FIELDS (AC8 ÔÇö schema contract)
    # Subtest: contains all mandatory result fields
    ok 1 - contains all mandatory result fields
      ---
      duration_ms: 0.2764
      ...
    1..1
ok 394 - DRILL_RESULT_REQUIRED_FIELDS (AC8 ÔÇö schema contract)
  ---
  duration_ms: 0.5359
  type: 'suite'
  ...
# Subtest: BUILT_IN_DRILLS (AC1 ÔÇö four scenarios)
    # Subtest: contains exactly four drill scenarios
    ok 1 - contains exactly four drill scenarios
      ---
      duration_ms: 0.3697
      ...
    # Subtest: each drill has all required fields
    ok 2 - each drill has all required fields
      ---
      duration_ms: 0.5288
      ...
    # Subtest: covers the four primary catastrophe scenarios
    ok 3 - covers the four primary catastrophe scenarios
      ---
      duration_ms: 0.249
      ...
    # Subtest: each expectedSequence has schemaVersion, guardrails array, transitions array (AC12)
    ok 4 - each expectedSequence has schemaVersion, guardrails array, transitions array (AC12)
      ---
      duration_ms: 0.3627
      ...
    1..4
ok 395 - BUILT_IN_DRILLS (AC1 ÔÇö four scenarios)
  ---
  duration_ms: 1.7416
  type: 'suite'
  ...
# Subtest: validateDrillScenario() (AC9)
    # Subtest: returns MISSING_INPUT for null
    ok 1 - returns MISSING_INPUT for null
      ---
      duration_ms: 1.2354
      ...
    # Subtest: returns MISSING_INPUT for undefined
    ok 2 - returns MISSING_INPUT for undefined
      ---
      duration_ms: 0.2465
      ...
    # Subtest: returns INVALID_INPUT for a plain string (not an object)
    ok 3 - returns INVALID_INPUT for a plain string (not an object)
      ---
      duration_ms: 0.292
      ...
    # Subtest: returns INVALID_INPUT for missing required field
    ok 4 - returns INVALID_INPUT for missing required field
      ---
      duration_ms: 0.3223
      ...
    # Subtest: returns INVALID_INPUT for unknown scenarioId
    ok 5 - returns INVALID_INPUT for unknown scenarioId
      ---
      duration_ms: 0.3035
      ...
    # Subtest: returns ok=true for a valid built-in drill scenario
    ok 6 - returns ok=true for a valid built-in drill scenario
      ---
      duration_ms: 0.674
      ...
    1..6
ok 396 - validateDrillScenario() (AC9)
  ---
  duration_ms: 3.4585
  type: 'suite'
  ...
# Subtest: runDrill() ÔÇö RUNAWAY_RETRIES in CI mode (AC1, AC2, AC3, AC4)
    # Subtest: passes with correct guardrail sequence, latency, and no destructive calls
    ok 1 - passes with correct guardrail sequence, latency, and no destructive calls
      ---
      duration_ms: 53.4993
      ...
    1..1
ok 397 - runDrill() ÔÇö RUNAWAY_RETRIES in CI mode (AC1, AC2, AC3, AC4)
  ---
  duration_ms: 53.9252
  type: 'suite'
  ...
# Subtest: runDrill() ÔÇö MASS_BLOCKED_TASKS in CI mode (AC1)
    # Subtest: passes with correct guardrail sequence
    ok 1 - passes with correct guardrail sequence
      ---
      duration_ms: 64.0631
      ...
    1..1
ok 398 - runDrill() ÔÇö MASS_BLOCKED_TASKS in CI mode (AC1)
  ---
  duration_ms: 64.4156
  type: 'suite'
  ...
# Subtest: runDrill() ÔÇö STALE_CRITICAL_STATE in CI mode (AC1)
    # Subtest: passes with correct guardrail sequence
    ok 1 - passes with correct guardrail sequence
      ---
      duration_ms: 94.7156
      ...
    1..1
ok 399 - runDrill() ÔÇö STALE_CRITICAL_STATE in CI mode (AC1)
  ---
  duration_ms: 96.6198
  type: 'suite'
  ...
# Subtest: runDrill() ÔÇö REPEATED_AI_PARSE_FAILURES in CI mode (AC1)
    # Subtest: passes with correct guardrail sequence
    ok 1 - passes with correct guardrail sequence
      ---
      duration_ms: 80.8976
      ...
    1..1
ok 400 - runDrill() ÔÇö REPEATED_AI_PARSE_FAILURES in CI mode (AC1)
  ---
  duration_ms: 81.1329
  type: 'suite'
  ...
# Subtest: runDrill() ÔÇö state transitions (AC2)
    # Subtest: PASS drill traverses the full expected transition sequence
    ok 1 - PASS drill traverses the full expected transition sequence
      ---
      duration_ms: 72.1984
      ...
    # Subtest: FAIL drill ends in FAILED transition state (AC10 ÔÇö no silent fallback)
    ok 2 - FAIL drill ends in FAILED transition state (AC10 ÔÇö no silent fallback)
      ---
      duration_ms: 0.4997
      ...
    1..2
ok 401 - runDrill() ÔÇö state transitions (AC2)
  ---
  duration_ms: 73.1051
  type: 'suite'
  ...
# Subtest: runDrill() negative paths (AC7 ÔÇö failure handling)
    # Subtest: returns FAIL with MISSING_INPUT when scenario is null
    ok 1 - returns FAIL with MISSING_INPUT when scenario is null
      ---
      duration_ms: 0.3005
      ...
    # Subtest: returns FAIL with INVALID_INPUT when scenario has bad scenarioId
    ok 2 - returns FAIL with INVALID_INPUT when scenario has bad scenarioId
      ---
      duration_ms: 0.315
      ...
    # Subtest: returns FAIL with DETECTION_MISMATCH when ctx does not trigger expected scenario
    ok 3 - returns FAIL with DETECTION_MISMATCH when ctx does not trigger expected scenario
      ---
      duration_ms: 0.3389
      ...
    # Subtest: returns FAIL with SEQUENCE_MISMATCH when expected guardrails do not match
    ok 4 - returns FAIL with SEQUENCE_MISMATCH when expected guardrails do not match
      ---
      duration_ms: 67.6572
      ...
    # Subtest: returns FAIL with ROLLBACK_VALIDATION_FAILED when trigger/level are invalid
    ok 5 - returns FAIL with ROLLBACK_VALIDATION_FAILED when trigger/level are invalid
      ---
      duration_ms: 59.774
      ...
    1..5
ok 402 - runDrill() negative paths (AC7 ÔÇö failure handling)
  ---
  duration_ms: 128.9206
  type: 'suite'
  ...
# Subtest: runAllDrills() (AC1, AC3 ÔÇö four drills, latency metrics)
    # Subtest: runs all four built-in drills and returns a well-formed report
    ok 1 - runs all four built-in drills and returns a well-formed report
      ---
      duration_ms: 181.2357
      ...
    # Subtest: mode defaults to ci when BOX_DRILL_MODE=ci env var is set (AC11)
    ok 2 - mode defaults to ci when BOX_DRILL_MODE=ci env var is set (AC11)
      ---
      duration_ms: 149.3152
      ...
    # Subtest: each result records destructiveCallsMade = 0 (AC4)
    ok 3 - each result records destructiveCallsMade = 0 (AC4)
      ---
      duration_ms: 162.4574
      ...
    1..3
ok 403 - runAllDrills() (AC1, AC3 ÔÇö four drills, latency metrics)
  ---
  duration_ms: 493.3354
  type: 'suite'
  ...
# Subtest: persistDrillReport() (AC5 ÔÇö governance persistence, AC13 ÔÇö path schema)
    # Subtest: writes report to state/drill_reports/drill_{ts}.json
    ok 1 - writes report to state/drill_reports/drill_{ts}.json
      ---
      duration_ms: 186.687
      ...
    # Subtest: drillReportPath produces deterministic path from generatedAt
    ok 2 - drillReportPath produces deterministic path from generatedAt
      ---
      duration_ms: 0.3116
      ...
    # Subtest: drillReportsDir returns {stateDir}/drill_reports
    ok 3 - drillReportsDir returns {stateDir}/drill_reports
      ---
      duration_ms: 0.1486
      ...
    1..3
ok 404 - persistDrillReport() (AC5 ÔÇö governance persistence, AC13 ÔÇö path schema)
  ---
  duration_ms: 187.309
  type: 'suite'
  ...
# Subtest: persistDrillReport() negative paths (AC7, AC9, AC10)
    # Subtest: returns MISSING_INPUT for null report
    ok 1 - returns MISSING_INPUT for null report
      ---
      duration_ms: 0.1457
      ...
    # Subtest: returns MISSING_INPUT for undefined report
    ok 2 - returns MISSING_INPUT for undefined report
      ---
      duration_ms: 0.1108
      ...
    # Subtest: returns INVALID_INPUT when required field is missing (AC10 ÔÇö no silent fallback)
    ok 3 - returns INVALID_INPUT when required field is missing (AC10 ÔÇö no silent fallback)
      ---
      duration_ms: 0.1
      ...
    # Subtest: returns INVALID_INPUT when mode is not a valid DRILL_MODE value
    ok 4 - returns INVALID_INPUT when mode is not a valid DRILL_MODE value
      ---
      duration_ms: 151.8934
      ...
    1..4
ok 405 - persistDrillReport() negative paths (AC7, AC9, AC10)
  ---
  duration_ms: 152.4531
  type: 'suite'
  ...
# Subtest: end-to-end drill + report round-trip (AC1ÔÇôAC5)
    # Subtest: runs 4 CI drills, persists report, verifies all schema fields
    ok 1 - runs 4 CI drills, persists report, verifies all schema fields
      ---
      duration_ms: 164.9937
      ...
    1..1
ok 406 - end-to-end drill + report round-trip (AC1ÔÇôAC5)
  ---
  duration_ms: 165.1767
  type: 'suite'
  ...
# Subtest: risk level documentation (AC15)
    # Subtest: resilience_drill.js module header documents risk level as 'medium'
    ok 1 - resilience_drill.js module header documents risk level as 'medium'
      ---
      duration_ms: 1.0036
      ...
    1..1
ok 407 - risk level documentation (AC15)
  ---
  duration_ms: 1.1008
  type: 'suite'
  ...
# Subtest: RETRY_STRATEGY enum
    # Subtest: is frozen and has adaptive and uniform
    ok 1 - is frozen and has adaptive and uniform
      ---
      duration_ms: 1.14
      ...
    1..1
ok 408 - RETRY_STRATEGY enum
  ---
  duration_ms: 4.2081
  type: 'suite'
  ...
# Subtest: RETRY_ACTION enum
    # Subtest: is frozen and has all required actions
    ok 1 - is frozen and has all required actions
      ---
      duration_ms: 0.2686
      ...
    1..1
ok 409 - RETRY_ACTION enum
  ---
  duration_ms: 0.5536
  type: 'suite'
  ...
# Subtest: RETRY_RESOLVE_REASON enum
    # Subtest: is frozen and has all required reason codes
    ok 1 - is frozen and has all required reason codes
      ---
      duration_ms: 0.1984
      ...
    1..1
ok 410 - RETRY_RESOLVE_REASON enum
  ---
  duration_ms: 0.4142
  type: 'suite'
  ...
# Subtest: RETRY_STRATEGY_SCHEMA_VERSION
    # Subtest: is the integer 1
    ok 1 - is the integer 1
      ---
      duration_ms: 0.186
      ...
    1..1
ok 411 - RETRY_STRATEGY_SCHEMA_VERSION
  ---
  duration_ms: 0.3245
  type: 'suite'
  ...
# Subtest: RETRY_STATE_SCHEMA
    # Subtest: is frozen and contains all required fields
    ok 1 - is frozen and contains all required fields
      ---
      duration_ms: 3.8982
      ...
    # Subtest: retryActionEnum matches RETRY_ACTION values
    ok 2 - retryActionEnum matches RETRY_ACTION values
      ---
      duration_ms: 0.8555
      ...
    # Subtest: failureClassEnum matches FAILURE_CLASS values
    ok 3 - failureClassEnum matches FAILURE_CLASS values
      ---
      duration_ms: 0.2107
      ...
    # Subtest: retryStrategyEnum matches RETRY_STRATEGY values
    ok 4 - retryStrategyEnum matches RETRY_STRATEGY values
      ---
      duration_ms: 0.1957
      ...
    1..4
ok 412 - RETRY_STATE_SCHEMA
  ---
  duration_ms: 5.7071
  type: 'suite'
  ...
# Subtest: RETRY_METRIC_SCHEMA
    # Subtest: is frozen and contains all required fields
    ok 1 - is frozen and contains all required fields
      ---
      duration_ms: 0.3464
      ...
    # Subtest: outputArtifact is state/retry_metrics.jsonl
    ok 2 - outputArtifact is state/retry_metrics.jsonl
      ---
      duration_ms: 0.2567
      ...
    1..2
ok 413 - RETRY_METRIC_SCHEMA
  ---
  duration_ms: 0.84
  type: 'suite'
  ...
# Subtest: DEFAULT_RETRY_POLICIES
    # Subtest: has a policy for every FAILURE_CLASS value
    ok 1 - has a policy for every FAILURE_CLASS value
      ---
      duration_ms: 0.281
      ...
    # Subtest: environment policy has concrete cooldownMinutes=30, maxRetries=3, escalateAfter=3
    ok 2 - environment policy has concrete cooldownMinutes=30, maxRetries=3, escalateAfter=3
      ---
      duration_ms: 0.1655
      ...
    # Subtest: model policy has cooldownMinutes=15
    ok 3 - model policy has cooldownMinutes=15
      ---
      duration_ms: 0.1469
      ...
    # Subtest: external_api policy has cooldownMinutes=10
    ok 4 - external_api policy has cooldownMinutes=10
      ---
      duration_ms: 0.1439
      ...
    # Subtest: logic_defect policy has reworkQueue and verificationStep defined
    ok 5 - logic_defect policy has reworkQueue and verificationStep defined
      ---
      duration_ms: 0.1384
      ...
    # Subtest: verification policy has the same rework values as logic_defect
    ok 6 - verification policy has the same rework values as logic_defect
      ---
      duration_ms: 0.183
      ...
    # Subtest: policy class has reassignBeforeAttempt, splitAfterAttempt, escalateAfter
    ok 7 - policy class has reassignBeforeAttempt, splitAfterAttempt, escalateAfter
      ---
      duration_ms: 0.1345
      ...
    1..7
ok 414 - DEFAULT_RETRY_POLICIES
  ---
  duration_ms: 1.5799
  type: 'suite'
  ...
# Subtest: resolveRetryAction ÔÇö validation: MISSING_PARAM
    # Subtest: returns MISSING_PARAM for null failureClass
    ok 1 - returns MISSING_PARAM for null failureClass
      ---
      duration_ms: 0.5995
      ...
    # Subtest: returns MISSING_PARAM for undefined failureClass
    ok 2 - returns MISSING_PARAM for undefined failureClass
      ---
      duration_ms: 0.1896
      ...
    # Subtest: returns MISSING_PARAM for null attempts
    ok 3 - returns MISSING_PARAM for null attempts
      ---
      duration_ms: 0.4813
      ...
    # Subtest: returns MISSING_PARAM for undefined attempts
    ok 4 - returns MISSING_PARAM for undefined attempts
      ---
      duration_ms: 0.2248
      ...
    1..4
ok 415 - resolveRetryAction ÔÇö validation: MISSING_PARAM
  ---
  duration_ms: 1.7477
  type: 'suite'
  ...
# Subtest: resolveRetryAction ÔÇö validation: UNKNOWN_FAILURE_CLASS
    # Subtest: returns UNKNOWN_FAILURE_CLASS for an unknown class string
    ok 1 - returns UNKNOWN_FAILURE_CLASS for an unknown class string
      ---
      duration_ms: 0.2276
      ...
    # Subtest: returns UNKNOWN_FAILURE_CLASS for empty string
    ok 2 - returns UNKNOWN_FAILURE_CLASS for empty string
      ---
      duration_ms: 0.1583
      ...
    1..2
ok 416 - resolveRetryAction ÔÇö validation: UNKNOWN_FAILURE_CLASS
  ---
  duration_ms: 0.5941
  type: 'suite'
  ...
# Subtest: resolveRetryAction ÔÇö validation: INVALID_ATTEMPTS
    # Subtest: returns INVALID_ATTEMPTS for negative attempts
    ok 1 - returns INVALID_ATTEMPTS for negative attempts
      ---
      duration_ms: 0.2291
      ...
    # Subtest: returns INVALID_ATTEMPTS for non-integer attempts
    ok 2 - returns INVALID_ATTEMPTS for non-integer attempts
      ---
      duration_ms: 0.1403
      ...
    # Subtest: returns INVALID_ATTEMPTS for string attempts
    ok 3 - returns INVALID_ATTEMPTS for string attempts
      ---
      duration_ms: 0.1471
      ...
    1..3
ok 417 - resolveRetryAction ÔÇö validation: INVALID_ATTEMPTS
  ---
  duration_ms: 0.6762
  type: 'suite'
  ...
# Subtest: resolveRetryAction ÔÇö uniform mode (AC\#17 rollback)
    # Subtest: returns RETRY_ACTION.RETRY for any class in uniform mode
    ok 1 - returns RETRY_ACTION.RETRY for any class in uniform mode
      ---
      duration_ms: 1.4236
      ...
    # Subtest: uniform mode sets null cooldownUntilMs, reworkQueue, escalationTarget
    ok 2 - uniform mode sets null cooldownUntilMs, reworkQueue, escalationTarget
      ---
      duration_ms: 0.1944
      ...
    1..2
ok 418 - resolveRetryAction ÔÇö uniform mode (AC\#17 rollback)
  ---
  duration_ms: 1.7631
  type: 'suite'
  ...
# Subtest: resolveRetryAction ÔÇö environment blocker (AC\#12 / AC\#2)
    # Subtest: returns COOLDOWN_RETRY on first failure (attempt 0)
    ok 1 - returns COOLDOWN_RETRY on first failure (attempt 0)
      ---
      duration_ms: 0.4247
      ...
    # Subtest: cooldownMs is 30 minutes (1 800 000 ms) by default
    ok 2 - cooldownMs is 30 minutes (1 800 000 ms) by default
      ---
      duration_ms: 0.208
      ...
    # Subtest: cooldownUntilMs is approximately now + 30 minutes
    ok 3 - cooldownUntilMs is approximately now + 30 minutes
      ---
      duration_ms: 0.2025
      ...
    # Subtest: escalationTarget is daemon_queue
    ok 4 - escalationTarget is daemon_queue
      ---
      duration_ms: 0.3306
      ...
    # Subtest: returns ESCALATE when attempts >= escalateAfter (3)
    ok 5 - returns ESCALATE when attempts >= escalateAfter (3)
      ---
      duration_ms: 0.1691
      ...
    # Subtest: does NOT escalate at attempt 2 (below threshold)
    ok 6 - does NOT escalate at attempt 2 (below threshold)
      ---
      duration_ms: 0.1399
      ...
    1..6
ok 419 - resolveRetryAction ÔÇö environment blocker (AC\#12 / AC\#2)
  ---
  duration_ms: 1.7409
  type: 'suite'
  ...
# Subtest: resolveRetryAction ÔÇö model blocker
    # Subtest: returns COOLDOWN_RETRY at attempt 0 with 15-minute cooldown
    ok 1 - returns COOLDOWN_RETRY at attempt 0 with 15-minute cooldown
      ---
      duration_ms: 0.4439
      ...
    # Subtest: escalates at attempt 3
    ok 2 - escalates at attempt 3
      ---
      duration_ms: 0.1614
      ...
    1..2
ok 420 - resolveRetryAction ÔÇö model blocker
  ---
  duration_ms: 1.877
  type: 'suite'
  ...
# Subtest: resolveRetryAction ÔÇö external_api blocker
    # Subtest: returns COOLDOWN_RETRY at attempt 0 with 10-minute cooldown
    ok 1 - returns COOLDOWN_RETRY at attempt 0 with 10-minute cooldown
      ---
      duration_ms: 0.3717
      ...
    # Subtest: escalates at attempt 3
    ok 2 - escalates at attempt 3
      ---
      duration_ms: 0.2355
      ...
    1..2
ok 421 - resolveRetryAction ÔÇö external_api blocker
  ---
  duration_ms: 0.7667
  type: 'suite'
  ...
# Subtest: resolveRetryAction ÔÇö logic_defect (AC\#3 / AC\#13)
    # Subtest: returns REWORK at attempt 0
    ok 1 - returns REWORK at attempt 0
      ---
      duration_ms: 0.2294
      ...
    # Subtest: reworkQueue is rework_queue
    ok 2 - reworkQueue is rework_queue
      ---
      duration_ms: 0.1488
      ...
    # Subtest: verificationStep is verification_gate (AC\#13)
    ok 3 - verificationStep is verification_gate (AC\#13)
      ---
      duration_ms: 0.3663
      ...
    # Subtest: escalates at attempt 2 (exhausted)
    ok 4 - escalates at attempt 2 (exhausted)
      ---
      duration_ms: 0.1473
      ...
    # Subtest: does NOT escalate at attempt 1 (below threshold)
    ok 5 - does NOT escalate at attempt 1 (below threshold)
      ---
      duration_ms: 0.1184
      ...
    1..5
ok 422 - resolveRetryAction ÔÇö logic_defect (AC\#3 / AC\#13)
  ---
  duration_ms: 1.2262
  type: 'suite'
  ...
# Subtest: resolveRetryAction ÔÇö verification failure
    # Subtest: returns REWORK at attempt 0
    ok 1 - returns REWORK at attempt 0
      ---
      duration_ms: 0.172
      ...
    # Subtest: escalates at attempt 2
    ok 2 - escalates at attempt 2
      ---
      duration_ms: 0.3668
      ...
    1..2
ok 423 - resolveRetryAction ÔÇö verification failure
  ---
  duration_ms: 0.6734
  type: 'suite'
  ...
# Subtest: resolveRetryAction ÔÇö policy violation decision predicate (AC\#14)
    # Subtest: attempt 0 < reassignBeforeAttempt(2) ÔåÆ REASSIGN
    ok 1 - attempt 0 < reassignBeforeAttempt(2) ÔåÆ REASSIGN
      ---
      duration_ms: 0.4118
      ...
    # Subtest: attempt 1 < reassignBeforeAttempt(2) ÔåÆ REASSIGN
    ok 2 - attempt 1 < reassignBeforeAttempt(2) ÔåÆ REASSIGN
      ---
      duration_ms: 0.2152
      ...
    # Subtest: attempt 2 >= splitAfterAttempt(2) but < escalateAfter(3) ÔåÆ SPLIT
    ok 3 - attempt 2 >= splitAfterAttempt(2) but < escalateAfter(3) ÔåÆ SPLIT
      ---
      duration_ms: 0.1557
      ...
    # Subtest: attempt 3 >= escalateAfter(3) ÔåÆ ESCALATE
    ok 4 - attempt 3 >= escalateAfter(3) ÔåÆ ESCALATE
      ---
      duration_ms: 0.4075
      ...
    1..4
ok 424 - resolveRetryAction ÔÇö policy violation decision predicate (AC\#14)
  ---
  duration_ms: 1.4131
  type: 'suite'
  ...
# Subtest: resolveRetryAction ÔÇö decision conforms to RETRY_STATE_SCHEMA
    # Subtest: all required fields are present and typed correctly
    ok 1 - all required fields are present and typed correctly
      ---
      duration_ms: 0.3838
      ...
    # Subtest: taskId is null when not provided
    ok 2 - taskId is null when not provided
      ---
      duration_ms: 0.1612
      ...
    1..2
ok 425 - resolveRetryAction ÔÇö decision conforms to RETRY_STATE_SCHEMA
  ---
  duration_ms: 0.6746
  type: 'suite'
  ...
# Subtest: resolveRetryAction ÔÇö config override of adaptive policy
    # Subtest: config.runtime.adaptiveRetry.environment.cooldownMinutes overrides default
    ok 1 - config.runtime.adaptiveRetry.environment.cooldownMinutes overrides default
      ---
      duration_ms: 0.1978
      ...
    # Subtest: config.runtime.adaptiveRetry.environment.escalateAfter overrides default
    ok 2 - config.runtime.adaptiveRetry.environment.escalateAfter overrides default
      ---
      duration_ms: 0.1641
      ...
    1..2
ok 426 - resolveRetryAction ÔÇö config override of adaptive policy
  ---
  duration_ms: 0.4949
  type: 'suite'
  ...
# Subtest: resolveRetryAction ÔÇö routing assertions per failure class (AC\#16)
    # Subtest: environment/attempt=0 ÔåÆ cooldown_retry
    ok 1 - environment/attempt=0 ÔåÆ cooldown_retry
      ---
      duration_ms: 0.2497
      ...
    # Subtest: environment/attempt=3 ÔåÆ escalate
    ok 2 - environment/attempt=3 ÔåÆ escalate
      ---
      duration_ms: 0.5269
      ...
    # Subtest: model/attempt=0 ÔåÆ cooldown_retry
    ok 3 - model/attempt=0 ÔåÆ cooldown_retry
      ---
      duration_ms: 0.3301
      ...
    # Subtest: model/attempt=3 ÔåÆ escalate
    ok 4 - model/attempt=3 ÔåÆ escalate
      ---
      duration_ms: 0.4016
      ...
    # Subtest: external_api/attempt=0 ÔåÆ cooldown_retry
    ok 5 - external_api/attempt=0 ÔåÆ cooldown_retry
      ---
      duration_ms: 0.2191
      ...
    # Subtest: external_api/attempt=3 ÔåÆ escalate
    ok 6 - external_api/attempt=3 ÔåÆ escalate
      ---
      duration_ms: 0.13
      ...
    # Subtest: logic_defect/attempt=0 ÔåÆ rework
    ok 7 - logic_defect/attempt=0 ÔåÆ rework
      ---
      duration_ms: 0.133
      ...
    # Subtest: logic_defect/attempt=2 ÔåÆ escalate
    ok 8 - logic_defect/attempt=2 ÔåÆ escalate
      ---
      duration_ms: 0.1335
      ...
    # Subtest: verification/attempt=0 ÔåÆ rework
    ok 9 - verification/attempt=0 ÔåÆ rework
      ---
      duration_ms: 0.141
      ...
    # Subtest: verification/attempt=2 ÔåÆ escalate
    ok 10 - verification/attempt=2 ÔåÆ escalate
      ---
      duration_ms: 0.1424
      ...
    # Subtest: policy/attempt=0 ÔåÆ reassign
    ok 11 - policy/attempt=0 ÔåÆ reassign
      ---
      duration_ms: 0.1681
      ...
    # Subtest: policy/attempt=2 ÔåÆ split
    ok 12 - policy/attempt=2 ÔåÆ split
      ---
      duration_ms: 0.1553
      ...
    # Subtest: policy/attempt=3 ÔåÆ escalate
    ok 13 - policy/attempt=3 ÔåÆ escalate
      ---
      duration_ms: 0.1372
      ...
    1..13
ok 427 - resolveRetryAction ÔÇö routing assertions per failure class (AC\#16)
  ---
  duration_ms: 3.7845
  type: 'suite'
  ...
# Subtest: buildRetryMetric
    # Subtest: produces a record conforming to RETRY_METRIC_SCHEMA for cooldown_retry decision
    ok 1 - produces a record conforming to RETRY_METRIC_SCHEMA for cooldown_retry decision
      ---
      duration_ms: 0.344
      ...
    # Subtest: cooldownMs is null for non-cooldown actions (rework)
    ok 2 - cooldownMs is null for non-cooldown actions (rework)
      ---
      duration_ms: 0.1348
      ...
    # Subtest: cooldownMs is null for escalate actions
    ok 3 - cooldownMs is null for escalate actions
      ---
      duration_ms: 0.1272
      ...
    # Subtest: escalationTarget is null for rework actions
    ok 4 - escalationTarget is null for rework actions
      ---
      duration_ms: 0.1357
      ...
    1..4
ok 428 - buildRetryMetric
  ---
  duration_ms: 2.0006
  type: 'suite'
  ...
# Subtest: ROLLBACK_ENGINE_SCHEMA_VERSION
    # Subtest: exports a positive integer schema version
    ok 1 - exports a positive integer schema version
      ---
      duration_ms: 0.962
      ...
    1..1
ok 429 - ROLLBACK_ENGINE_SCHEMA_VERSION
  ---
  duration_ms: 2.1693
  type: 'suite'
  ...
# Subtest: ROLLBACK_LEVEL enum
    # Subtest: exports all five rollback levels as deterministic string constants
    ok 1 - exports all five rollback levels as deterministic string constants
      ---
      duration_ms: 0.1986
      ...
    1..1
ok 430 - ROLLBACK_LEVEL enum
  ---
  duration_ms: 0.3256
  type: 'suite'
  ...
# Subtest: ROLLBACK_TRIGGER enum
    # Subtest: exports all trigger codes (one per trigger condition in the module header)
    ok 1 - exports all trigger codes (one per trigger condition in the module header)
      ---
      duration_ms: 0.2675
      ...
    1..1
ok 431 - ROLLBACK_TRIGGER enum
  ---
  duration_ms: 0.387
  type: 'suite'
  ...
# Subtest: TRIGGER_LEVEL_MAP ÔÇö deterministic trigger ÔåÆ level dispatch (AC-1)
    # Subtest: maps all config-only triggers to CONFIG_ONLY level
    ok 1 - maps all config-only triggers to CONFIG_ONLY level
      ---
      duration_ms: 0.2726
      ...
    # Subtest: maps all state-schema triggers to STATE_SCHEMA level
    ok 2 - maps all state-schema triggers to STATE_SCHEMA level
      ---
      duration_ms: 1.7561
      ...
    # Subtest: maps all policy-set triggers to POLICY_SET level
    ok 3 - maps all policy-set triggers to POLICY_SET level
      ---
      duration_ms: 0.4017
      ...
    # Subtest: maps all orchestration-code-freeze triggers to ORCHESTRATION_CODE_FREEZE level
    ok 4 - maps all orchestration-code-freeze triggers to ORCHESTRATION_CODE_FREEZE level
      ---
      duration_ms: 0.4748
      ...
    # Subtest: maps all full-baseline-restore triggers to FULL_BASELINE_RESTORE level
    ok 5 - maps all full-baseline-restore triggers to FULL_BASELINE_RESTORE level
      ---
      duration_ms: 0.3977
      ...
    # Subtest: every ROLLBACK_TRIGGER value appears in the map (no orphan triggers)
    ok 6 - every ROLLBACK_TRIGGER value appears in the map (no orphan triggers)
      ---
      duration_ms: 1.7325
      ...
    1..6
ok 432 - TRIGGER_LEVEL_MAP ÔÇö deterministic trigger ÔåÆ level dispatch (AC-1)
  ---
  duration_ms: 5.9832
  type: 'suite'
  ...
# Subtest: validateRollbackRequest ÔÇö input validation (AC-9)
    # Subtest: returns OK for valid level+trigger pair
    ok 1 - returns OK for valid level+trigger pair
      ---
      duration_ms: 0.616
      ...
    # Subtest: returns MISSING_TRIGGER when trigger is absent
    ok 2 - returns MISSING_TRIGGER when trigger is absent
      ---
      duration_ms: 0.2852
      ...
    # Subtest: returns MISSING_TRIGGER when trigger is null
    ok 3 - returns MISSING_TRIGGER when trigger is null
      ---
      duration_ms: 0.1847
      ...
    # Subtest: returns MISSING_TRIGGER when trigger is empty string
    ok 4 - returns MISSING_TRIGGER when trigger is empty string
      ---
      duration_ms: 0.2698
      ...
    # Subtest: returns INVALID_TRIGGER when trigger is not a ROLLBACK_TRIGGER value
    ok 5 - returns INVALID_TRIGGER when trigger is not a ROLLBACK_TRIGGER value
      ---
      duration_ms: 0.5261
      ...
    # Subtest: distinguishes MISSING_TRIGGER (absent) from INVALID_TRIGGER (bad value)
    ok 6 - distinguishes MISSING_TRIGGER (absent) from INVALID_TRIGGER (bad value)
      ---
      duration_ms: 0.3498
      ...
    # Subtest: returns MISSING_LEVEL when level is absent
    ok 7 - returns MISSING_LEVEL when level is absent
      ---
      duration_ms: 0.5763
      ...
    # Subtest: returns INVALID_LEVEL when level is not a ROLLBACK_LEVEL value
    ok 8 - returns INVALID_LEVEL when level is not a ROLLBACK_LEVEL value
      ---
      duration_ms: 0.2388
      ...
    # Subtest: returns TRIGGER_LEVEL_MISMATCH when trigger does not belong to level
    ok 9 - returns TRIGGER_LEVEL_MISMATCH when trigger does not belong to level
      ---
      duration_ms: 0.5089
      ...
    # Subtest: returns MISSING_TRIGGER for null params object
    ok 10 - returns MISSING_TRIGGER for null params object
      ---
      duration_ms: 1.4348
      ...
    1..10
ok 433 - validateRollbackRequest ÔÇö input validation (AC-9)
  ---
  duration_ms: 6.1023
  type: 'suite'
  ...
# Subtest: ROLLBACK_ENGINE_DEFAULTS
    # Subtest: exports oneCycleSlaMs as 5000ms (AC-3)
    ok 1 - exports oneCycleSlaMs as 5000ms (AC-3)
      ---
      duration_ms: 0.2005
      ...
    # Subtest: exports incidentLogPath pointing to state/rollback_incidents.jsonl (AC-2)
    ok 2 - exports incidentLogPath pointing to state/rollback_incidents.jsonl (AC-2)
      ---
      duration_ms: 0.1185
      ...
    # Subtest: exports lockFilePath pointing to state/rollback_lock.json (Athena item \#6)
    ok 3 - exports lockFilePath pointing to state/rollback_lock.json (Athena item \#6)
      ---
      duration_ms: 0.1142
      ...
    1..3
ok 434 - ROLLBACK_ENGINE_DEFAULTS
  ---
  duration_ms: 0.5834
  type: 'suite'
  ...
# Subtest: ROLLBACK_PERMITTED_WRITES ÔÇö state mutation boundary (Athena item \#7)
    # Subtest: includes state/rollback_incidents.jsonl
    ok 1 - includes state/rollback_incidents.jsonl
      ---
      duration_ms: 0.4066
      ...
    # Subtest: includes state/rollback_lock.json
    ok 2 - includes state/rollback_lock.json
      ---
      duration_ms: 0.3803
      ...
    # Subtest: is frozen (immutable array contract)
    ok 3 - is frozen (immutable array contract)
      ---
      duration_ms: 0.1157
      ...
    1..3
ok 435 - ROLLBACK_PERMITTED_WRITES ÔÇö state mutation boundary (Athena item \#7)
  ---
  duration_ms: 1.0729
  type: 'suite'
  ...
# Subtest: runHealthValidation ÔÇö five deterministic checks (AC-5)
    # Subtest: returns ok=true when all five checks pass
    ok 1 - returns ok=true when all five checks pass
      ---
      duration_ms: 82.2889
      ...
    # Subtest: returns ok=false when config file is missing
    ok 2 - returns ok=false when config file is missing
      ---
      duration_ms: 50.0365
      ...
    # Subtest: returns ok=false when config file has invalid JSON
    ok 3 - returns ok=false when config file has invalid JSON
      ---
      duration_ms: 67.0025
      ...
    # Subtest: returns ok=false when policy file is missing
    ok 4 - returns ok=false when policy file is missing
      ---
      duration_ms: 39.35
      ...
    # Subtest: returns ok=false when incident log is absent
    ok 5 - returns ok=false when incident log is absent
      ---
      duration_ms: 17.2584
      ...
    # Subtest: FREEZE_LOCK_CONSISTENT passes when no lock file present
    ok 6 - FREEZE_LOCK_CONSISTENT passes when no lock file present
      ---
      duration_ms: 43.3526
      ...
    # Subtest: FREEZE_LOCK_CONSISTENT fails when lock file has invalid structure
    ok 7 - FREEZE_LOCK_CONSISTENT fails when lock file has invalid structure
      ---
      duration_ms: 59.3284
      ...
    # Subtest: result includes all five HEALTH_CHECK keys
    ok 8 - result includes all five HEALTH_CHECK keys
      ---
      duration_ms: 23.9171
      ...
    # Subtest: summary field is a non-empty string
    ok 9 - summary field is a non-empty string
      ---
      duration_ms: 25.5388
      ...
    1..9
ok 436 - runHealthValidation ÔÇö five deterministic checks (AC-5)
  ---
  duration_ms: 409.0628
  type: 'suite'
  ...
# Subtest: executeRollback ÔÇö config-only level (AC-1, AC-2, AC-3)
    # Subtest: writes incident record to JSONL log on successful config rollback (AC-2)
    ok 1 - writes incident record to JSONL log on successful config rollback (AC-2)
      ---
      duration_ms: 61.436
      ...
    # Subtest: completes within oneCycleSlaMs=5000ms (AC-3)
    ok 2 - completes within oneCycleSlaMs=5000ms (AC-3)
      ---
      duration_ms: 49.8454
      ...
    # Subtest: restores config values from evidence.controlValue
    ok 3 - restores config values from evidence.controlValue
      ---
      duration_ms: 29.0823
      ...
    # Subtest: negative path: returns ok=false with NO_ROLLBACK_TARGET when evidence.controlValue absent (AC-7)
    ok 4 - negative path: returns ok=false with NO_ROLLBACK_TARGET when evidence.controlValue absent (AC-7)
      ---
      duration_ms: 28.115
      ...
    1..4
ok 437 - executeRollback ÔÇö config-only level (AC-1, AC-2, AC-3)
  ---
  duration_ms: 168.9756
  type: 'suite'
  ...
# Subtest: executeRollback ÔÇö policy-set level
    # Subtest: restores policy.json from evidence.controlValue
    ok 1 - restores policy.json from evidence.controlValue
      ---
      duration_ms: 15.0603
      ...
    # Subtest: completes within oneCycleSlaMs (AC-3)
    ok 2 - completes within oneCycleSlaMs (AC-3)
      ---
      duration_ms: 15.3616
      ...
    1..2
ok 438 - executeRollback ÔÇö policy-set level
  ---
  duration_ms: 30.7907
  type: 'suite'
  ...
# Subtest: executeRollback ÔÇö orchestration-code-freeze (Athena item \#6)
    # Subtest: writes freeze lock file on CORE_FILE_MODIFIED trigger
    ok 1 - writes freeze lock file on CORE_FILE_MODIFIED trigger
      ---
      duration_ms: 31.4756
      ...
    # Subtest: isFrozen returns false when no lock file
    ok 2 - isFrozen returns false when no lock file
      ---
      duration_ms: 2.2707
      ...
    # Subtest: unfreeze sets frozen=false and records unfrozenAt
    ok 3 - unfreeze sets frozen=false and records unfrozenAt
      ---
      duration_ms: 28.228
      ...
    # Subtest: negative path: unfreeze returns ok=false when no lock file exists (AC-7)
    ok 4 - negative path: unfreeze returns ok=false when no lock file exists (AC-7)
      ---
      duration_ms: 1.2911
      ...
    1..4
ok 439 - executeRollback ÔÇö orchestration-code-freeze (Athena item \#6)
  ---
  duration_ms: 63.7398
  type: 'suite'
  ...
# Subtest: executeRollback ÔÇö state-schema level
    # Subtest: quarantines the offending state file and writes a skeleton
    ok 1 - quarantines the offending state file and writes a skeleton
      ---
      duration_ms: 25.4845
      ...
    1..1
ok 440 - executeRollback ÔÇö state-schema level
  ---
  duration_ms: 25.6739
  type: 'suite'
  ...
# Subtest: executeRollback ÔÇö full-baseline-restore (AC-4)
    # Subtest: records baseline tag and verification check list in evidence (AC-4)
    ok 1 - records baseline tag and verification check list in evidence (AC-4)
      ---
      duration_ms: 14.0682
      ...
    # Subtest: records null baselineRef and guidance when no baseline file exists
    ok 2 - records null baselineRef and guidance when no baseline file exists
      ---
      duration_ms: 13.5443
      ...
    1..2
ok 441 - executeRollback ÔÇö full-baseline-restore (AC-4)
  ---
  duration_ms: 28.0104
  type: 'suite'
  ...
# Subtest: executeRollback ÔÇö incident record schema completeness (AC-2, AC-8)
    # Subtest: every required schema field is present in the final incident record (AC-8)
    ok 1 - every required schema field is present in the final incident record (AC-8)
      ---
      duration_ms: 26.5511
      ...
    1..1
ok 442 - executeRollback ÔÇö incident record schema completeness (AC-2, AC-8)
  ---
  duration_ms: 26.7267
  type: 'suite'
  ...
# Subtest: executeRollback ÔÇö no-throw contract (AC-10)
    # Subtest: returns degraded result (never throws) when trigger is invalid (AC-10)
    ok 1 - returns degraded result (never throws) when trigger is invalid (AC-10)
      ---
      duration_ms: 1.5232
      ...
    # Subtest: returns degraded result when config is missing (AC-10)
    ok 2 - returns degraded result when config is missing (AC-10)
      ---
      duration_ms: 1.0115
      ...
    1..2
ok 443 - executeRollback ÔÇö no-throw contract (AC-10)
  ---
  duration_ms: 2.6625
  type: 'suite'
  ...
# Subtest: resolveRollbackConfig
    # Subtest: falls back to ROLLBACK_ENGINE_DEFAULTS for absent keys
    ok 1 - falls back to ROLLBACK_ENGINE_DEFAULTS for absent keys
      ---
      duration_ms: 0.1439
      ...
    # Subtest: uses box.config.json\#rollbackEngine values when present
    ok 2 - uses box.config.json\#rollbackEngine values when present
      ---
      duration_ms: 0.0948
      ...
    # Subtest: uses selfDev.criticalFiles as freeze scope when rollbackEngine.criticalFiles absent
    ok 3 - uses selfDev.criticalFiles as freeze scope when rollbackEngine.criticalFiles absent
      ---
      duration_ms: 0.0998
      ...
    1..3
ok 444 - resolveRollbackConfig
  ---
  duration_ms: 0.4141
  type: 'suite'
  ...
# Subtest: ROLLBACK_STATUS enum
    # Subtest: exports all required status values as deterministic strings (AC-8)
    ok 1 - exports all required status values as deterministic strings (AC-8)
      ---
      duration_ms: 0.0706
      ...
    1..1
ok 445 - ROLLBACK_STATUS enum
  ---
  duration_ms: 0.1034
  type: 'suite'
  ...
# Subtest: readIncidentLog
    # Subtest: returns empty array when log file does not exist
    ok 1 - returns empty array when log file does not exist
      ---
      duration_ms: 4.7919
      ...
    # Subtest: returns parsed records from JSONL file
    ok 2 - returns parsed records from JSONL file
      ---
      duration_ms: 3.6137
      ...
    1..2
ok 446 - readIncidentLog
  ---
  duration_ms: 8.6002
  type: 'suite'
  ...
# Subtest: SCHEMA_VERSION
    # Subtest: exposes LEGACY=0 and V1=1 as frozen integer constants
    ok 1 - exposes LEGACY=0 and V1=1 as frozen integer constants
      ---
      duration_ms: 1.1762
      ...
    # Subtest: CURRENT_SCHEMA_VERSION equals V1
    ok 2 - CURRENT_SCHEMA_VERSION equals V1
      ---
      duration_ms: 0.1785
      ...
    1..2
ok 447 - SCHEMA_VERSION
  ---
  duration_ms: 4.4064
  type: 'suite'
  ...
# Subtest: STATE_FILE_TYPE
    # Subtest: exposes the three critical file type identifiers as frozen constants
    ok 1 - exposes the three critical file type identifiers as frozen constants
      ---
      duration_ms: 0.1948
      ...
    1..1
ok 448 - STATE_FILE_TYPE
  ---
  duration_ms: 0.3558
  type: 'suite'
  ...
# Subtest: MIGRATION_REASON
    # Subtest: exposes all five reason codes as frozen string constants
    ok 1 - exposes all five reason codes as frozen string constants
      ---
      duration_ms: 0.1786
      ...
    1..1
ok 449 - MIGRATION_REASON
  ---
  duration_ms: 0.4327
  type: 'suite'
  ...
# Subtest: detectVersion
    # Subtest: returns LEGACY for an object without schemaVersion
    ok 1 - returns LEGACY for an object without schemaVersion
      ---
      duration_ms: 0.2759
      ...
    # Subtest: returns LEGACY for an array (athena_postmortems v0)
    ok 2 - returns LEGACY for an array (athena_postmortems v0)
      ---
      duration_ms: 0.2403
      ...
    # Subtest: returns V1 for an object with schemaVersion: 1
    ok 3 - returns V1 for an object with schemaVersion: 1
      ---
      duration_ms: 0.2667
      ...
    # Subtest: returns the exact integer for any other valid schemaVersion
    ok 4 - returns the exact integer for any other valid schemaVersion
      ---
      duration_ms: 0.1619
      ...
    # Subtest: returns null for null input
    ok 5 - returns null for null input
      ---
      duration_ms: 0.2516
      ...
    # Subtest: returns null for a non-integer schemaVersion (corrupt)
    ok 6 - returns null for a non-integer schemaVersion (corrupt)
      ---
      duration_ms: 0.2743
      ...
    1..6
ok 450 - detectVersion
  ---
  duration_ms: 1.9019
  type: 'suite'
  ...
# Subtest: migrateData ÔÇö worker_sessions
    # Subtest: migrates v0 object to v1: adds schemaVersion, preserves all role keys
    ok 1 - migrates v0 object to v1: adds schemaVersion, preserves all role keys
      ---
      duration_ms: 2.0939
      ...
    # Subtest: returns ALREADY_CURRENT when schemaVersion is already V1
    ok 2 - returns ALREADY_CURRENT when schemaVersion is already V1
      ---
      duration_ms: 0.229
      ...
    # Subtest: negative path: fails closed for unknown future version (schemaVersion > CURRENT)
    ok 3 - negative path: fails closed for unknown future version (schemaVersion > CURRENT)
      ---
      duration_ms: 0.1663
      ...
    # Subtest: negative path: fails with INVALID_DATA when input is an array
    ok 4 - negative path: fails with INVALID_DATA when input is an array
      ---
      duration_ms: 0.1619
      ...
    # Subtest: negative path: fails with INVALID_DATA when input is null
    ok 5 - negative path: fails with INVALID_DATA when input is null
      ---
      duration_ms: 0.1673
      ...
    1..5
ok 451 - migrateData ÔÇö worker_sessions
  ---
  duration_ms: 3.2273
  type: 'suite'
  ...
# Subtest: migrateData ÔÇö prometheus_analysis
    # Subtest: migrates v0 object to v1: adds schemaVersion, preserves all analysis fields
    ok 1 - migrates v0 object to v1: adds schemaVersion, preserves all analysis fields
      ---
      duration_ms: 0.2438
      ...
    # Subtest: returns ALREADY_CURRENT when schemaVersion is already V1
    ok 2 - returns ALREADY_CURRENT when schemaVersion is already V1
      ---
      duration_ms: 0.156
      ...
    # Subtest: negative path: future schemaVersion fails closed
    ok 3 - negative path: future schemaVersion fails closed
      ---
      duration_ms: 0.4395
      ...
    # Subtest: negative path: array input fails with INVALID_DATA
    ok 4 - negative path: array input fails with INVALID_DATA
      ---
      duration_ms: 0.1833
      ...
    1..4
ok 452 - migrateData ÔÇö prometheus_analysis
  ---
  duration_ms: 1.2274
  type: 'suite'
  ...
# Subtest: migrateData ÔÇö athena_postmortems
    # Subtest: migrates v0 array to v1 object: wraps entries with schemaVersion
    ok 1 - migrates v0 array to v1 object: wraps entries with schemaVersion
      ---
      duration_ms: 0.9476
      ...
    # Subtest: returns ALREADY_CURRENT for v1 object
    ok 2 - returns ALREADY_CURRENT for v1 object
      ---
      duration_ms: 0.1683
      ...
    # Subtest: negative path: future version fails closed
    ok 3 - negative path: future version fails closed
      ---
      duration_ms: 0.1517
      ...
    # Subtest: negative path: non-array v0 fails with INVALID_DATA
    ok 4 - negative path: non-array v0 fails with INVALID_DATA
      ---
      duration_ms: 0.1669
      ...
    1..4
ok 453 - migrateData ÔÇö athena_postmortems
  ---
  duration_ms: 1.6655
  type: 'suite'
  ...
# Subtest: migrateData ÔÇö unsupported file type (negative path)
    # Subtest: returns UNSUPPORTED_TYPE for an unknown fileType string
    ok 1 - returns UNSUPPORTED_TYPE for an unknown fileType string
      ---
      duration_ms: 2.0609
      ...
    1..1
ok 454 - migrateData ÔÇö unsupported file type (negative path)
  ---
  duration_ms: 2.2279
  type: 'suite'
  ...
# Subtest: addSchemaVersion
    # Subtest: adds schemaVersion: 1 to a worker_sessions object
    ok 1 - adds schemaVersion: 1 to a worker_sessions object
      ---
      duration_ms: 0.5659
      ...
    # Subtest: adds schemaVersion: 1 to a prometheus_analysis object
    ok 2 - adds schemaVersion: 1 to a prometheus_analysis object
      ---
      duration_ms: 0.1778
      ...
    # Subtest: wraps athena_postmortems array in envelope object with schemaVersion and entries
    ok 3 - wraps athena_postmortems array in envelope object with schemaVersion and entries
      ---
      duration_ms: 0.1563
      ...
    # Subtest: idempotent: stamping already-v1 data preserves schemaVersion
    ok 4 - idempotent: stamping already-v1 data preserves schemaVersion
      ---
      duration_ms: 0.1486
      ...
    1..4
ok 455 - addSchemaVersion
  ---
  duration_ms: 1.2952
  type: 'suite'
  ...
# Subtest: extractPostmortemEntries
    # Subtest: returns the array directly for v0 (raw array input)
    ok 1 - returns the array directly for v0 (raw array input)
      ---
      duration_ms: 0.2084
      ...
    # Subtest: returns entries from v1 object envelope
    ok 2 - returns entries from v1 object envelope
      ---
      duration_ms: 0.1567
      ...
    # Subtest: returns empty array for null input
    ok 3 - returns empty array for null input
      ---
      duration_ms: 0.3948
      ...
    # Subtest: returns empty array for non-array, non-entries object
    ok 4 - returns empty array for non-array, non-entries object
      ---
      duration_ms: 0.2316
      ...
    1..4
ok 456 - extractPostmortemEntries
  ---
  duration_ms: 1.1614
  type: 'suite'
  ...
# Subtest: recordMigrationTelemetry
    # Subtest: creates the migration log file with a single deterministic telemetry record
    ok 1 - creates the migration log file with a single deterministic telemetry record
      ---
      duration_ms: 14.7612
      ...
    # Subtest: appends subsequent events rather than overwriting
    ok 2 - appends subsequent events rather than overwriting
      ---
      duration_ms: 15.6922
      ...
    # Subtest: telemetry record for UNKNOWN_FUTURE_VERSION includes the future version number
    ok 3 - telemetry record for UNKNOWN_FUTURE_VERSION includes the future version number
      ---
      duration_ms: 13.9433
      ...
    1..3
ok 457 - recordMigrationTelemetry
  ---
  duration_ms: 90.4667
  type: 'suite'
  ...
# Subtest: AC5 ÔÇö legacy fixture migration
    # Subtest: worker_sessions_v0.json migrates to v1 and preserves all role entries
    ok 1 - worker_sessions_v0.json migrates to v1 and preserves all role entries
      ---
      duration_ms: 8.2535
      ...
    # Subtest: prometheus_analysis_v0.json migrates to v1 and preserves plans/projectHealth
    ok 2 - prometheus_analysis_v0.json migrates to v1 and preserves plans/projectHealth
      ---
      duration_ms: 4.2269
      ...
    # Subtest: athena_postmortems_v0.json migrates to v1 and entries remain accessible
    ok 3 - athena_postmortems_v0.json migrates to v1 and entries remain accessible
      ---
      duration_ms: 2.4669
      ...
    1..3
ok 458 - AC5 ÔÇö legacy fixture migration
  ---
  duration_ms: 15.59
  type: 'suite'
  ...
# Subtest: migrateData ÔÇö negative paths
    # Subtest: unknown future version emits no data and correct reason for all three file types
    ok 1 - unknown future version emits no data and correct reason for all three file types
      ---
      duration_ms: 0.2467
      ...
    # Subtest: INVALID_DATA is returned for non-integer schemaVersion value
    ok 2 - INVALID_DATA is returned for non-integer schemaVersion value
      ---
      duration_ms: 0.1307
      ...
    1..2
ok 459 - migrateData ÔÇö negative paths
  ---
  duration_ms: 0.6106
  type: 'suite'
  ...
# Subtest: OUTCOME_DEGRADED_REASON
    # Subtest: is a frozen object with all required reason codes
    ok 1 - is a frozen object with all required reason codes
      ---
      duration_ms: 1.4423
      ...
    1..1
ok 460 - OUTCOME_DEGRADED_REASON
  ---
  duration_ms: 2.6669
  type: 'suite'
  ...
# Subtest: collectCycleOutcomes ÔÇö no-Moses runtime
    # Subtest: returns totalPlans from prometheus_analysis.plans
    ok 1 - returns totalPlans from prometheus_analysis.plans
      ---
      duration_ms: 0.6093
      ...
    # Subtest: returns completedCount from evolution_progress completed tasks
    ok 2 - returns completedCount from evolution_progress completed tasks
      ---
      duration_ms: 0.1719
      ...
    # Subtest: returns projectHealth from prometheus_analysis
    ok 3 - returns projectHealth from prometheus_analysis
      ---
      duration_ms: 0.1434
      ...
    # Subtest: degraded=false when all primary sources are present
    ok 4 - degraded=false when all primary sources are present
      ---
      duration_ms: 0.1265
      ...
    # Subtest: metricsSource includes prometheus_analysis and evolution_progress
    ok 5 - metricsSource includes prometheus_analysis and evolution_progress
      ---
      duration_ms: 0.1774
      ...
    # Subtest: dispatches does not rely on moses dispatchLog
    ok 6 - dispatches does not rely on moses dispatchLog
      ---
      duration_ms: 0.163
      ...
    # Subtest: waves derived from prometheus_analysis executionStrategy
    ok 7 - waves derived from prometheus_analysis executionStrategy
      ---
      duration_ms: 0.2943
      ...
    # Subtest: result includes required schema fields
    ok 8 - result includes required schema fields
      ---
      duration_ms: 0.2792
      ...
    1..8
ok 461 - collectCycleOutcomes ÔÇö no-Moses runtime
  ---
  duration_ms: 58.976
  type: 'suite'
  ...
# Subtest: collectCycleOutcomes ÔÇö prometheus_analysis missing (ENOENT)
    # Subtest: degraded=true when prometheus_analysis is missing
    ok 1 - degraded=true when prometheus_analysis is missing
      ---
      duration_ms: 0.4265
      ...
    # Subtest: degradedReason=PROMETHEUS_ABSENT (not INVALID) for ENOENT
    ok 2 - degradedReason=PROMETHEUS_ABSENT (not INVALID) for ENOENT
      ---
      duration_ms: 0.148
      ...
    # Subtest: totalPlans=0 when prometheus_analysis is absent
    ok 3 - totalPlans=0 when prometheus_analysis is absent
      ---
      duration_ms: 0.1446
      ...
    1..3
ok 462 - collectCycleOutcomes ÔÇö prometheus_analysis missing (ENOENT)
  ---
  duration_ms: 13.897
  type: 'suite'
  ...
# Subtest: collectCycleOutcomes ÔÇö prometheus_analysis invalid JSON
    # Subtest: degraded=true when prometheus_analysis is invalid JSON
    ok 1 - degraded=true when prometheus_analysis is invalid JSON
      ---
      duration_ms: 0.2601
      ...
    # Subtest: degradedReason=PROMETHEUS_INVALID (not ABSENT) for corrupt file
    ok 2 - degradedReason=PROMETHEUS_INVALID (not ABSENT) for corrupt file
      ---
      duration_ms: 0.1531
      ...
    1..2
ok 463 - collectCycleOutcomes ÔÇö prometheus_analysis invalid JSON
  ---
  duration_ms: 21.0385
  type: 'suite'
  ...
# Subtest: collectCycleOutcomes ÔÇö prometheus_analysis missing plans array
    # Subtest: degraded=true when prometheus_analysis lacks plans array
    ok 1 - degraded=true when prometheus_analysis lacks plans array
      ---
      duration_ms: 0.3061
      ...
    # Subtest: degradedReason=PROMETHEUS_INVALID for bad structure
    ok 2 - degradedReason=PROMETHEUS_INVALID for bad structure
      ---
      duration_ms: 0.1364
      ...
    1..2
ok 464 - collectCycleOutcomes ÔÇö prometheus_analysis missing plans array
  ---
  duration_ms: 68.4198
  type: 'suite'
  ...
# Subtest: collectCycleOutcomes ÔÇö moses_coordination.json present but ignored
    # Subtest: completedCount only reflects evolution_progress (Moses ignored)
    ok 1 - completedCount only reflects evolution_progress (Moses ignored)
      ---
      duration_ms: 0.3049
      ...
    # Subtest: metricsSource does NOT include moses_coordination
    ok 2 - metricsSource does NOT include moses_coordination
      ---
      duration_ms: 0.2176
      ...
    # Subtest: degraded=false ÔÇö primary sources are present
    ok 3 - degraded=false ÔÇö primary sources are present
      ---
      duration_ms: 0.125
      ...
    1..3
ok 465 - collectCycleOutcomes ÔÇö moses_coordination.json present but ignored
  ---
  duration_ms: 57.926
  type: 'suite'
  ...
# Subtest: collectCycleOutcomes ÔÇö all state files absent
    # Subtest: degraded=true when no state files exist
    ok 1 - degraded=true when no state files exist
      ---
      duration_ms: 0.2904
      ...
    # Subtest: degradedReason is a valid OUTCOME_DEGRADED_REASON code (not null)
    ok 2 - degradedReason is a valid OUTCOME_DEGRADED_REASON code (not null)
      ---
      duration_ms: 0.1459
      ...
    # Subtest: totalPlans=0 and completedCount=0
    ok 3 - totalPlans=0 and completedCount=0
      ---
      duration_ms: 0.1152
      ...
    # Subtest: result is an object (not null/undefined) ÔÇö no silent failure
    ok 4 - result is an object (not null/undefined) ÔÇö no silent failure
      ---
      duration_ms: 0.0905
      ...
    1..4
ok 466 - collectCycleOutcomes ÔÇö all state files absent
  ---
  duration_ms: 12.044
  type: 'suite'
  ...
# Subtest: collectCycleOutcomes ÔÇö evolution_progress invalid JSON
    # Subtest: degraded=true when evolution_progress is corrupt
    ok 1 - degraded=true when evolution_progress is corrupt
      ---
      duration_ms: 0.225
      ...
    # Subtest: degradedReason=EVOLUTION_INVALID (not EVOLUTION_ABSENT)
    ok 2 - degradedReason=EVOLUTION_INVALID (not EVOLUTION_ABSENT)
      ---
      duration_ms: 0.3244
      ...
    # Subtest: totalPlans still returns plan count from prometheus (other source still valid)
    ok 3 - totalPlans still returns plan count from prometheus (other source still valid)
      ---
      duration_ms: 0.1266
      ...
    1..3
ok 467 - collectCycleOutcomes ÔÇö evolution_progress invalid JSON
  ---
  duration_ms: 43.4887
  type: 'suite'
  ...
# Subtest: shadow_policy_evaluator ÔÇö exported enums
    # Subtest: SHADOW_BLOCK_REASON is frozen with all required codes
    ok 1 - SHADOW_BLOCK_REASON is frozen with all required codes
      ---
      duration_ms: 1.2953
      ...
    # Subtest: SHADOW_DEGRADED_REASON is frozen with all required codes
    ok 2 - SHADOW_DEGRADED_REASON is frozen with all required codes
      ---
      duration_ms: 0.2814
      ...
    # Subtest: SHADOW_STATUS is frozen
    ok 3 - SHADOW_STATUS is frozen
      ---
      duration_ms: 0.1998
      ...
    # Subtest: SHADOW_CONFIDENCE is frozen
    ok 4 - SHADOW_CONFIDENCE is frozen
      ---
      duration_ms: 0.1825
      ...
    # Subtest: DEFAULT_SHADOW_THRESHOLD is 0.10
    ok 5 - DEFAULT_SHADOW_THRESHOLD is 0.10
      ---
      duration_ms: 0.2719
      ...
    # Subtest: DEFAULT_SHADOW_CYCLE_WINDOW is 20
    ok 6 - DEFAULT_SHADOW_CYCLE_WINDOW is 20
      ---
      duration_ms: 0.1827
      ...
    1..6
ok 468 - shadow_policy_evaluator ÔÇö exported enums
  ---
  duration_ms: 4.4431
  type: 'suite'
  ...
# Subtest: runShadowEvaluation ÔÇö happy path (neutral change)
    # Subtest: status=ok when no constraint violations and delta within threshold
    ok 1 - status=ok when no constraint violations and delta within threshold
      ---
      duration_ms: 0.3471
      ...
    # Subtest: blocked=false for neutral change
    ok 2 - blocked=false for neutral change
      ---
      duration_ms: 0.2387
      ...
    # Subtest: delta=0 for no proposed changes (AC1)
    ok 3 - delta=0 for no proposed changes (AC1)
      ---
      duration_ms: 0.2376
      ...
    # Subtest: sampleSize reflects usable cycles (AC3)
    ok 4 - sampleSize reflects usable cycles (AC3)
      ---
      duration_ms: 0.1577
      ...
    # Subtest: confidence=high for 15 samples (AC3)
    ok 5 - confidence=high for 15 samples (AC3)
      ---
      duration_ms: 0.2946
      ...
    # Subtest: baseline passRate present (AC1)
    ok 6 - baseline passRate present (AC1)
      ---
      duration_ms: 0.3822
      ...
    # Subtest: projected passRate present (AC1)
    ok 7 - projected passRate present (AC1)
      ---
      duration_ms: 0.2879
      ...
    1..7
ok 469 - runShadowEvaluation ÔÇö happy path (neutral change)
  ---
  duration_ms: 41.7357
  type: 'suite'
  ...
# Subtest: runShadowEvaluation ÔÇö pass-rate regression blocks promotion (AC2)
    # Subtest: blocked=true when projected regression exceeds threshold
    ok 1 - blocked=true when projected regression exceeds threshold
      ---
      duration_ms: 0.4158
      ...
    # Subtest: blockReason=PASS_RATE_REGRESSION (AC2)
    ok 2 - blockReason=PASS_RATE_REGRESSION (AC2)
      ---
      duration_ms: 0.3677
      ...
    # Subtest: status=blocked
    ok 3 - status=blocked
      ---
      duration_ms: 0.2247
      ...
    # Subtest: delta is negative and below threshold
    ok 4 - delta is negative and below threshold
      ---
      duration_ms: 0.1754
      ...
    1..4
ok 470 - runShadowEvaluation ÔÇö pass-rate regression blocks promotion (AC2)
  ---
  duration_ms: 21.2923
  type: 'suite'
  ...
# Subtest: runShadowEvaluation ÔÇö command constraint violation blocks (AC4)
    # Subtest: blocked=true for command constraint violation
    ok 1 - blocked=true for command constraint violation
      ---
      duration_ms: 3.3162
      ...
    # Subtest: blockReason=COMMAND_CONSTRAINT_VIOLATION (AC4 ÔÇö REJECT)
    ok 2 - blockReason=COMMAND_CONSTRAINT_VIOLATION (AC4 ÔÇö REJECT)
      ---
      duration_ms: 0.1764
      ...
    # Subtest: commandViolations array is populated (AC4)
    ok 3 - commandViolations array is populated (AC4)
      ---
      duration_ms: 0.1709
      ...
    # Subtest: status=blocked
    ok 4 - status=blocked
      ---
      duration_ms: 0.1215
      ...
    1..4
ok 471 - runShadowEvaluation ÔÇö command constraint violation blocks (AC4)
  ---
  duration_ms: 34.4494
  type: 'suite'
  ...
# Subtest: runShadowEvaluation ÔÇö path constraint validates but does not block (AC4)
    # Subtest: blocked=false ÔÇö path violations do not auto-block (AC4 ÔÇö VALIDATE)
    ok 1 - blocked=false ÔÇö path violations do not auto-block (AC4 ÔÇö VALIDATE)
      ---
      duration_ms: 0.2865
      ...
    # Subtest: pathViolations array is populated with PATH_CONSTRAINT_VIOLATION reason (AC4)
    ok 2 - pathViolations array is populated with PATH_CONSTRAINT_VIOLATION reason (AC4)
      ---
      duration_ms: 0.2304
      ...
    # Subtest: status=ok despite path violation (validate-only behavior)
    ok 3 - status=ok despite path violation (validate-only behavior)
      ---
      duration_ms: 0.116
      ...
    1..3
ok 472 - runShadowEvaluation ÔÇö path constraint validates but does not block (AC4)
  ---
  duration_ms: 20.0088
  type: 'suite'
  ...
# Subtest: runShadowEvaluation ÔÇö missing improvement_reports.json
    # Subtest: degraded=true when improvement_reports.json is missing (AC7)
    ok 1 - degraded=true when improvement_reports.json is missing (AC7)
      ---
      duration_ms: 0.2715
      ...
    # Subtest: degradedReason=NO_CYCLE_DATA for missing file (AC9 ÔÇö missing input)
    ok 2 - degradedReason=NO_CYCLE_DATA for missing file (AC9 ÔÇö missing input)
      ---
      duration_ms: 0.1263
      ...
    # Subtest: status=degraded (AC10 ÔÇö no silent fallback)
    ok 3 - status=degraded (AC10 ÔÇö no silent fallback)
      ---
      duration_ms: 0.1124
      ...
    # Subtest: blocked=false when degraded (shadow mode non-blocking on read failure)
    ok 4 - blocked=false when degraded (shadow mode non-blocking on read failure)
      ---
      duration_ms: 0.1138
      ...
    1..4
ok 473 - runShadowEvaluation ÔÇö missing improvement_reports.json
  ---
  duration_ms: 4.5396
  type: 'suite'
  ...
# Subtest: runShadowEvaluation ÔÇö invalid JSON in improvement_reports.json
    # Subtest: degraded=true for invalid JSON
    ok 1 - degraded=true for invalid JSON
      ---
      duration_ms: 0.2854
      ...
    # Subtest: degradedReason=NO_CYCLE_DATA for unparseable file (AC9 ÔÇö invalid input maps to NO_CYCLE_DATA via readJsonSafe)
    ok 2 - degradedReason=NO_CYCLE_DATA for unparseable file (AC9 ÔÇö invalid input maps to NO_CYCLE_DATA via readJsonSafe)
      ---
      duration_ms: 0.1453
      ...
    1..2
ok 474 - runShadowEvaluation ÔÇö invalid JSON in improvement_reports.json
  ---
  duration_ms: 9.2408
  type: 'suite'
  ...
# Subtest: runShadowEvaluation ÔÇö reports key absent in JSON (AC9 ÔÇö invalid structure)
    # Subtest: degraded=true when reports array is missing
    ok 1 - degraded=true when reports array is missing
      ---
      duration_ms: 0.2928
      ...
    # Subtest: degradedReason=INVALID_CYCLE_DATA for missing reports array (AC9 ÔÇö invalid structure)
    ok 2 - degradedReason=INVALID_CYCLE_DATA for missing reports array (AC9 ÔÇö invalid structure)
      ---
      duration_ms: 0.1253
      ...
    1..2
ok 475 - runShadowEvaluation ÔÇö reports key absent in JSON (AC9 ÔÇö invalid structure)
  ---
  duration_ms: 7.5115
  type: 'suite'
  ...
# Subtest: runShadowEvaluation ÔÇö all cycles have totalPlans=0 (NO_BASELINE)
    # Subtest: degraded=true when no cycles have totalPlans>0
    ok 1 - degraded=true when no cycles have totalPlans>0
      ---
      duration_ms: 0.2699
      ...
    # Subtest: degradedReason=NO_BASELINE (AC9 ÔÇö distinct from missing file)
    ok 2 - degradedReason=NO_BASELINE (AC9 ÔÇö distinct from missing file)
      ---
      duration_ms: 0.1064
      ...
    1..2
ok 476 - runShadowEvaluation ÔÇö all cycles have totalPlans=0 (NO_BASELINE)
  ---
  duration_ms: 21.399
  type: 'suite'
  ...
# Subtest: runShadowEvaluation ÔÇö confidence levels (AC3)
    # Subtest: confidence=low for < 3 usable cycles
    ok 1 - confidence=low for < 3 usable cycles
      ---
      duration_ms: 13.1132
      ...
    # Subtest: confidence=medium for 3ÔÇô9 usable cycles
    ok 2 - confidence=medium for 3ÔÇô9 usable cycles
      ---
      duration_ms: 27.7542
      ...
    # Subtest: confidence=high for >= 10 usable cycles
    ok 3 - confidence=high for >= 10 usable cycles
      ---
      duration_ms: 37.1475
      ...
    1..3
ok 477 - runShadowEvaluation ÔÇö confidence levels (AC3)
  ---
  duration_ms: 78.39
  type: 'suite'
  ...
# Subtest: runShadowEvaluation ÔÇö zero usable cycles ÔåÆ INSUFFICIENT_DATA
    # Subtest: degraded=true ÔåÆ status=degraded for NO_BASELINE (degenerate case before INSUFFICIENT_DATA check)
    ok 1 - degraded=true ÔåÆ status=degraded for NO_BASELINE (degenerate case before INSUFFICIENT_DATA check)
      ---
      duration_ms: 0.2794
      ...
    1..1
ok 478 - runShadowEvaluation ÔÇö zero usable cycles ÔåÆ INSUFFICIENT_DATA
  ---
  duration_ms: 28.8801
  type: 'suite'
  ...
# Subtest: runShadowEvaluation ÔÇö empty reports array ÔåÆ INSUFFICIENT_DATA (AC10)
    # Subtest: blocked=true with INSUFFICIENT_DATA when reports is empty and changes proposed
    ok 1 - blocked=true with INSUFFICIENT_DATA when reports is empty and changes proposed
      ---
      duration_ms: 0.2408
      ...
    1..1
ok 479 - runShadowEvaluation ÔÇö empty reports array ÔåÆ INSUFFICIENT_DATA (AC10)
  ---
  duration_ms: 11.1402
  type: 'suite'
  ...
# Subtest: evaluatePolicyPromotion ÔÇö policy_engine delegation (AC6 criterion mapping)
    # Subtest: returns a shadow evaluation result object with schemaVersion=1 (AC8)
    ok 1 - returns a shadow evaluation result object with schemaVersion=1 (AC8)
      ---
      duration_ms: 0.2615
      ...
    # Subtest: result includes all required schema fields (AC8)
    ok 2 - result includes all required schema fields (AC8)
      ---
      duration_ms: 0.1731
      ...
    # Subtest: policyConstraints has pathViolations and commandViolations arrays (AC8)
    ok 3 - policyConstraints has pathViolations and commandViolations arrays (AC8)
      ---
      duration_ms: 0.1474
      ...
    1..3
ok 480 - evaluatePolicyPromotion ÔÇö policy_engine delegation (AC6 criterion mapping)
  ---
  duration_ms: 29.2666
  type: 'suite'
  ...
# Subtest: runShadowEvaluation ÔÇö timeout delta projection (AC1)
    # Subtest: timeout increase produces positive delta
    ok 1 - timeout increase produces positive delta
      ---
      duration_ms: 19.2262
      ...
    # Subtest: timeout decrease produces negative delta
    ok 2 - timeout decrease produces negative delta
      ---
      duration_ms: 2.0021
      ...
    1..2
ok 481 - runShadowEvaluation ÔÇö timeout delta projection (AC1)
  ---
  duration_ms: 34.6991
  type: 'suite'
  ...
# Subtest: runShadowEvaluation ÔÇö successCriteria schema (AC5)
    # Subtest: successCriteria.minimumPassRate = 1 - threshold (AC5)
    ok 1 - successCriteria.minimumPassRate = 1 - threshold (AC5)
      ---
      duration_ms: 0.3148
      ...
    # Subtest: successCriteria.maximumRegressionDelta = threshold (AC5)
    ok 2 - successCriteria.maximumRegressionDelta = threshold (AC5)
      ---
      duration_ms: 0.1091
      ...
    # Subtest: successCriteria.owner is set from options (AC5)
    ok 3 - successCriteria.owner is set from options (AC5)
      ---
      duration_ms: 0.0905
      ...
    # Subtest: successCriteria.definedAt is an ISO timestamp string (AC5)
    ok 4 - successCriteria.definedAt is an ISO timestamp string (AC5)
      ---
      duration_ms: 0.1267
      ...
    1..4
ok 482 - runShadowEvaluation ÔÇö successCriteria schema (AC5)
  ---
  duration_ms: 32.0879
  type: 'suite'
  ...
# Subtest: runShadowEvaluation ÔÇö no silent fallback on degraded state (AC10)
    # Subtest: degraded=true with explicit degradedReason ÔÇö not null (AC10)
    ok 1 - degraded=true with explicit degradedReason ÔÇö not null (AC10)
      ---
      duration_ms: 0.5333
      ...
    # Subtest: status=degraded (not ok) ÔÇö explicit non-ok signal (AC10)
    ok 2 - status=degraded (not ok) ÔÇö explicit non-ok signal (AC10)
      ---
      duration_ms: 0.2847
      ...
    # Subtest: result is a non-null object ÔÇö no silent null return (AC10)
    ok 3 - result is a non-null object ÔÇö no silent null return (AC10)
      ---
      duration_ms: 0.1124
      ...
    1..3
ok 483 - runShadowEvaluation ÔÇö no silent fallback on degraded state (AC10)
  ---
  duration_ms: 6.1082
  type: 'suite'
  ...
# Subtest: SLO_THRESHOLD_REASON enum (AC1, AC10)
    # Subtest: exports THRESHOLD_MISSING and THRESHOLD_INVALID reason codes
    ok 1 - exports THRESHOLD_MISSING and THRESHOLD_INVALID reason codes
      ---
      duration_ms: 1.2128
      ...
    # Subtest: thresholdReasonEnum in schema contains both codes
    ok 2 - thresholdReasonEnum in schema contains both codes
      ---
      duration_ms: 0.2095
      ...
    1..2
ok 484 - SLO_THRESHOLD_REASON enum (AC1, AC10)
  ---
  duration_ms: 2.8121
  type: 'suite'
  ...
# Subtest: computeCycleSLOs ÔÇö threshold validation (AC1, AC9, AC10)
    # Subtest: valid thresholds produce no thresholdValidationErrors
    ok 1 - valid thresholds produce no thresholdValidationErrors
      ---
      duration_ms: 2.1327
      ...
    # Subtest: invalid threshold value (NaN string) produces THRESHOLD_INVALID error ÔÇö not silent (AC10)
    ok 2 - invalid threshold value (NaN string) produces THRESHOLD_INVALID error ÔÇö not silent (AC10)
      ---
      duration_ms: 0.4562
      ...
    # Subtest: zero threshold value produces THRESHOLD_INVALID (zero is not a valid threshold)
    ok 3 - zero threshold value produces THRESHOLD_INVALID (zero is not a valid threshold)
      ---
      duration_ms: 0.431
      ...
    # Subtest: negative threshold value produces THRESHOLD_INVALID
    ok 4 - negative threshold value produces THRESHOLD_INVALID
      ---
      duration_ms: 0.6268
      ...
    # Subtest: absent threshold key in explicit object produces THRESHOLD_MISSING ÔÇö not silent (AC9, AC10)
    ok 5 - absent threshold key in explicit object produces THRESHOLD_MISSING ÔÇö not silent (AC9, AC10)
      ---
      duration_ms: 0.3601
      ...
    # Subtest: THRESHOLD_MISSING and THRESHOLD_INVALID are distinct codes (AC9)
    ok 6 - THRESHOLD_MISSING and THRESHOLD_INVALID are distinct codes (AC9)
      ---
      duration_ms: 0.2977
      ...
    # Subtest: no thresholds configured at all (first-run) ÔåÆ no validation errors (expected default path)
    ok 7 - no thresholds configured at all (first-run) ÔåÆ no validation errors (expected default path)
      ---
      duration_ms: 0.3187
      ...
    # Subtest: fallback threshold is used (and finite) when a value is invalid
    ok 8 - fallback threshold is used (and finite) when a value is invalid
      ---
      duration_ms: 0.4325
      ...
    1..8
ok 485 - computeCycleSLOs ÔÇö threshold validation (AC1, AC9, AC10)
  ---
  duration_ms: 5.9967
  type: 'suite'
  ...
# Subtest: computeCycleSLOs ÔÇö breach detection and severity (AC2)
    # Subtest: detects a decision latency breach and records severity
    ok 1 - detects a decision latency breach and records severity
      ---
      duration_ms: 0.7504
      ...
    # Subtest: auto-escalates severity to CRITICAL when actual > 2├ù threshold
    ok 2 - auto-escalates severity to CRITICAL when actual > 2├ù threshold
      ---
      duration_ms: 0.3537
      ...
    # Subtest: config override keeps CRITICAL severity even below 2├ù threshold
    ok 3 - config override keeps CRITICAL severity even below 2├ù threshold
      ---
      duration_ms: 0.3669
      ...
    # Subtest: status is degraded when breach occurs and degradedOnBreach=true (AC2, AC3)
    ok 4 - status is degraded when breach occurs and degradedOnBreach=true (AC2, AC3)
      ---
      duration_ms: 0.2116
      ...
    # Subtest: status is ok when no breach (negative path)
    ok 5 - status is ok when no breach (negative path)
      ---
      duration_ms: 0.1967
      ...
    # Subtest: breach severity enum contains expected values
    ok 6 - breach severity enum contains expected values
      ---
      duration_ms: 0.2715
      ...
    1..6
ok 486 - computeCycleSLOs ÔÇö breach detection and severity (AC2)
  ---
  duration_ms: 2.737
  type: 'suite'
  ...
# Subtest: persistSloMetrics and readSloMetrics (AC4, AC8)
    # Subtest: persists a cycle record and reads it back (AC4)
    ok 1 - persists a cycle record and reads it back (AC4)
      ---
      duration_ms: 40.6535
      ...
    # Subtest: cycle record includes cycleId (= startedAt) as primary key (AC4)
    ok 2 - cycle record includes cycleId (= startedAt) as primary key (AC4)
      ---
      duration_ms: 19.6276
      ...
    # Subtest: history is capped at maxHistoryEntries (AC4)
    ok 3 - history is capped at maxHistoryEntries (AC4)
      ---
      duration_ms: 1574.9727
      ...
    # Subtest: readSloMetrics returns safe defaults when file does not exist
    ok 4 - readSloMetrics returns safe defaults when file does not exist
      ---
      duration_ms: 0.8327
      ...
    # Subtest: cycle record output conforms to schema required fields (AC8)
    ok 5 - cycle record output conforms to schema required fields (AC8)
      ---
      duration_ms: 0.8896
      ...
    # Subtest: status field is within statusEnum (AC8)
    ok 6 - status field is within statusEnum (AC8)
      ---
      duration_ms: 0.8188
      ...
    # Subtest: statusReason field is within statusReasonEnum (AC8)
    ok 7 - statusReason field is within statusReasonEnum (AC8)
      ---
      duration_ms: 0.9772
      ...
    # Subtest: top-level slo_metrics.json output includes all schema required fields (AC8)
    ok 8 - top-level slo_metrics.json output includes all schema required fields (AC8)
      ---
      duration_ms: 11.9477
      ...
    1..8
ok 487 - persistSloMetrics and readSloMetrics (AC4, AC8)
  ---
  duration_ms: 1651.3199
  type: 'suite'
  ...
# Subtest: computeCycleSLOs ÔÇö missing timestamps (AC5, AC9)
    # Subtest: skips decision latency calculation when jesus_awakening is absent
    ok 1 - skips decision latency calculation when jesus_awakening is absent
      ---
      duration_ms: 0.2786
      ...
    # Subtest: skips dispatch latency calculation when workers_dispatching is absent
    ok 2 - skips dispatch latency calculation when workers_dispatching is absent
      ---
      duration_ms: 0.1976
      ...
    # Subtest: skips verification completion when cycle_complete is absent
    ok 3 - skips verification completion when cycle_complete is absent
      ---
      duration_ms: 0.1309
      ...
    # Subtest: all metrics null when stageTimestamps is empty object
    ok 4 - all metrics null when stageTimestamps is empty object
      ---
      duration_ms: 0.1254
      ...
    # Subtest: all metrics null when stageTimestamps is null
    ok 5 - all metrics null when stageTimestamps is null
      ---
      duration_ms: 0.1305
      ...
    # Subtest: does not breach on missing timestamps ÔÇö missing does not mean threshold exceeded
    ok 6 - does not breach on missing timestamps ÔÇö missing does not mean threshold exceeded
      ---
      duration_ms: 0.1051
      ...
    # Subtest: statusReason is MISSING_TIMESTAMPS (not BREACH) when only timestamps are absent (AC9)
    ok 7 - statusReason is MISSING_TIMESTAMPS (not BREACH) when only timestamps are absent (AC9)
      ---
      duration_ms: 0.1213
      ...
    # Subtest: distinguishes missing-input (absent key) from invalid-input (present but unparseable) (AC9)
    ok 8 - distinguishes missing-input (absent key) from invalid-input (present but unparseable) (AC9)
      ---
      duration_ms: 0.7969
      ...
    1..8
ok 488 - computeCycleSLOs ÔÇö missing timestamps (AC5, AC9)
  ---
  duration_ms: 2.2783
  type: 'suite'
  ...
# Subtest: computeCycleSLOs ÔÇö SLO disabled
    # Subtest: produces no metrics, no breaches, and status=ok when slo.enabled=false
    ok 1 - produces no metrics, no breaches, and status=ok when slo.enabled=false
      ---
      duration_ms: 0.2936
      ...
    1..1
ok 489 - computeCycleSLOs ÔÇö SLO disabled
  ---
  duration_ms: 0.392
  type: 'suite'
  ...
# Subtest: SLO degraded status contract for dashboard (AC3)
    # Subtest: a breach record has status=degraded and statusReason=BREACH_DETECTED
    ok 1 - a breach record has status=degraded and statusReason=BREACH_DETECTED
      ---
      duration_ms: 0.182
      ...
    # Subtest: degradedOnBreach=false keeps status=ok even with breach (rollback path)
    ok 2 - degradedOnBreach=false keeps status=ok even with breach (rollback path)
      ---
      duration_ms: 0.1133
      ...
    1..2
ok 490 - SLO degraded status contract for dashboard (AC3)
  ---
  duration_ms: 0.3575
  type: 'suite'
  ...
# Subtest: cycle record thresholdValidationErrors field (AC10)
    # Subtest: thresholdValidationErrors is always an array (never missing or null)
    ok 1 - thresholdValidationErrors is always an array (never missing or null)
      ---
      duration_ms: 0.1847
      ...
    # Subtest: each validation error has metric, reason, configured, and fallback fields
    ok 2 - each validation error has metric, reason, configured, and fallback fields
      ---
      duration_ms: 0.1235
      ...
    1..2
ok 491 - cycle record thresholdValidationErrors field (AC10)
  ---
  duration_ms: 0.3673
  type: 'suite'
  ...
# Subtest: SLO schema enum completeness (AC8)
    # Subtest: SLO_METRICS_SCHEMA.cycleRecord.required includes thresholdValidationErrors
    ok 1 - SLO_METRICS_SCHEMA.cycleRecord.required includes thresholdValidationErrors
      ---
      duration_ms: 0.0872
      ...
    # Subtest: SLO_METRICS_SCHEMA.cycleRecord.required includes all expected fields
    ok 2 - SLO_METRICS_SCHEMA.cycleRecord.required includes all expected fields
      ---
      duration_ms: 0.0706
      ...
    # Subtest: SLO_METRIC enum values are all distinct
    ok 3 - SLO_METRIC enum values are all distinct
      ---
      duration_ms: 0.0613
      ...
    # Subtest: SLO_STATUS enum values are all distinct
    ok 4 - SLO_STATUS enum values are all distinct
      ---
      duration_ms: 0.0532
      ...
    # Subtest: SLO_REASON enum values are all distinct
    ok 5 - SLO_REASON enum values are all distinct
      ---
      duration_ms: 0.0504
      ...
    # Subtest: SLO_TIMESTAMP_CONTRACT covers all SLO_METRIC keys
    ok 6 - SLO_TIMESTAMP_CONTRACT covers all SLO_METRIC keys
      ---
      duration_ms: 0.0606
      ...
    1..6
ok 492 - SLO schema enum completeness (AC8)
  ---
  duration_ms: 0.4755
  type: 'suite'
  ...
# Subtest: computeCycleSLOs ÔÇö negative paths and edge cases
    # Subtest: handles null config without throwing
    ok 1 - handles null config without throwing
      ---
      duration_ms: 0.2044
      ...
    # Subtest: handles undefined config without throwing
    ok 2 - handles undefined config without throwing
      ---
      duration_ms: 0.0842
      ...
    # Subtest: handles non-object stageTimestamps without throwing
    ok 3 - handles non-object stageTimestamps without throwing
      ---
      duration_ms: 0.1082
      ...
    # Subtest: clock skew (end before start) clamps metric to 0, not negative
    ok 4 - clock skew (end before start) clamps metric to 0, not negative
      ---
      duration_ms: 0.0933
      ...
    # Subtest: multiple simultaneous breaches are all recorded individually
    ok 5 - multiple simultaneous breaches are all recorded individually
      ---
      duration_ms: 0.1089
      ...
    # Subtest: persistSloMetrics is idempotent for same cycleId (most recent wins as lastCycle)
    ok 6 - persistSloMetrics is idempotent for same cycleId (most recent wins as lastCycle)
      ---
      duration_ms: 31.3169
      ...
    1..6
ok 493 - computeCycleSLOs ÔÇö negative paths and edge cases
  ---
  duration_ms: 32.1018
  type: 'suite'
  ...
# Subtest: strategy_retuner
    # Subtest: evaluateRetune
        # Subtest: returns no actions for null delta
        ok 1 - returns no actions for null delta
          ---
          duration_ms: 1.7324
          ...
        # Subtest: returns no actions when all trends are stable
        ok 2 - returns no actions when all trends are stable
          ---
          duration_ms: 0.2094
          ...
        # Subtest: recommends tightening freshness when parser degrades
        ok 3 - recommends tightening freshness when parser degrades
          ---
          duration_ms: 0.2964
          ...
        # Subtest: recommends full re-eval for very low scores
        ok 4 - recommends full re-eval for very low scores
          ---
          duration_ms: 0.5422
          ...
        # Subtest: detects budget efficiency concern
        ok 5 - detects budget efficiency concern
          ---
          duration_ms: 0.4348
          ...
        # Subtest: recommends increasing maxTasks when planCount degrades
        ok 6 - recommends increasing maxTasks when planCount degrades
          ---
          duration_ms: 0.3582
          ...
        1..6
    ok 1 - evaluateRetune
      ---
      duration_ms: 4.7287
      type: 'suite'
      ...
    # Subtest: applyRetune
        # Subtest: returns unchanged config for empty actions
        ok 1 - returns unchanged config for empty actions
          ---
          duration_ms: 0.4702
          ...
        # Subtest: applies two-part parameter path
        ok 2 - applies two-part parameter path
          ---
          duration_ms: 0.6376
          ...
        # Subtest: does not mutate original config
        ok 3 - does not mutate original config
          ---
          duration_ms: 0.3175
          ...
        1..3
    ok 2 - applyRetune
      ---
      duration_ms: 2.4914
      type: 'suite'
      ...
    1..2
ok 494 - strategy_retuner
  ---
  duration_ms: 8.8828
  type: 'suite'
  ...
# Subtest: AC1 ÔÇö schema artifact
    # Subtest: schema file exists at src/schemas/leadership.schema.json
    ok 1 - schema file exists at src/schemas/leadership.schema.json
      ---
      duration_ms: 6.7797
      ...
    # Subtest: schema file is valid JSON with contracts for planner, reviewer, supervisor
    ok 2 - schema file is valid JSON with contracts for planner, reviewer, supervisor
      ---
      duration_ms: 3.257
      ...
    # Subtest: schema has schemaVersion field for future migration tracking
    ok 3 - schema has schemaVersion field for future migration tracking
      ---
      duration_ms: 1.3778
      ...
    1..3
ok 495 - AC1 ÔÇö schema artifact
  ---
  duration_ms: 13.1337
  type: 'suite'
  ...
# Subtest: AC2 ÔÇö failure class and retry strategy
    # Subtest: TRUST_BOUNDARY_ERROR is a non-empty string
    ok 1 - TRUST_BOUNDARY_ERROR is a non-empty string
      ---
      duration_ms: 0.2899
      ...
    # Subtest: TRUST_BOUNDARY_ERROR equals 'trust_boundary_violation'
    ok 2 - TRUST_BOUNDARY_ERROR equals 'trust_boundary_violation'
      ---
      duration_ms: 0.1961
      ...
    # Subtest: TRUST_BOUNDARY_RETRY has maxRetries=3
    ok 3 - TRUST_BOUNDARY_RETRY has maxRetries=3
      ---
      duration_ms: 0.1567
      ...
    # Subtest: TRUST_BOUNDARY_RETRY has delayMs=5000
    ok 4 - TRUST_BOUNDARY_RETRY has delayMs=5000
      ---
      duration_ms: 0.1713
      ...
    # Subtest: TRUST_BOUNDARY_RETRY backoff is 'exponential'
    ok 5 - TRUST_BOUNDARY_RETRY backoff is 'exponential'
      ---
      duration_ms: 0.1866
      ...
    # Subtest: TRUST_BOUNDARY_RETRY multiplier is 2
    ok 6 - TRUST_BOUNDARY_RETRY multiplier is 2
      ---
      duration_ms: 0.1996
      ...
    # Subtest: TRUST_BOUNDARY_RETRY escalationTarget is defined
    ok 7 - TRUST_BOUNDARY_RETRY escalationTarget is defined
      ---
      duration_ms: 0.1711
      ...
    # Subtest: trustBoundaryRetryDelayMs(1) returns initial delayMs
    ok 8 - trustBoundaryRetryDelayMs(1) returns initial delayMs
      ---
      duration_ms: 0.1689
      ...
    # Subtest: trustBoundaryRetryDelayMs(2) returns delayMs ├ù multiplier
    ok 9 - trustBoundaryRetryDelayMs(2) returns delayMs ├ù multiplier
      ---
      duration_ms: 0.1986
      ...
    # Subtest: trustBoundaryRetryDelayMs(3) returns delayMs ├ù multiplier┬▓
    ok 10 - trustBoundaryRetryDelayMs(3) returns delayMs ├ù multiplier┬▓
      ---
      duration_ms: 0.1556
      ...
    1..10
ok 496 - AC2 ÔÇö failure class and retry strategy
  ---
  duration_ms: 2.582
  type: 'suite'
  ...
# Subtest: TRUST_BOUNDARY_REASON codes
    # Subtest: exports all expected reason codes
    ok 1 - exports all expected reason codes
      ---
      duration_ms: 0.4561
      ...
    1..1
ok 497 - TRUST_BOUNDARY_REASON codes
  ---
  duration_ms: 0.6934
  type: 'suite'
  ...
# Subtest: AC9 ÔÇö missing vs invalid input distinction
    # Subtest: null payload ÔåÆ reasonCode=MISSING_INPUT (not INVALID_TYPE)
    ok 1 - null payload ÔåÆ reasonCode=MISSING_INPUT (not INVALID_TYPE)
      ---
      duration_ms: 0.6641
      ...
    # Subtest: undefined payload ÔåÆ reasonCode=MISSING_INPUT
    ok 2 - undefined payload ÔåÆ reasonCode=MISSING_INPUT
      ---
      duration_ms: 0.2793
      ...
    # Subtest: array payload ÔåÆ reasonCode=INVALID_TYPE (not MISSING_INPUT)
    ok 3 - array payload ÔåÆ reasonCode=INVALID_TYPE (not MISSING_INPUT)
      ---
      duration_ms: 0.2696
      ...
    # Subtest: string payload ÔåÆ reasonCode=INVALID_TYPE
    ok 4 - string payload ÔåÆ reasonCode=INVALID_TYPE
      ---
      duration_ms: 0.5083
      ...
    # Subtest: object missing required field ÔåÆ reasonCode=MISSING_FIELD (not INVALID_TYPE)
    ok 5 - object missing required field ÔåÆ reasonCode=MISSING_FIELD (not INVALID_TYPE)
      ---
      duration_ms: 3.4484
      ...
    # Subtest: object with wrong field type ÔåÆ reasonCode=INVALID_FIELD
    ok 6 - object with wrong field type ÔåÆ reasonCode=INVALID_FIELD
      ---
      duration_ms: 0.2423
      ...
    1..6
ok 498 - AC9 ÔÇö missing vs invalid input distinction
  ---
  duration_ms: 5.8106
  type: 'suite'
  ...
# Subtest: AC10 ÔÇö no silent fallback for critical state
    # Subtest: ok=false always sets status=blocked in enforce mode
    ok 1 - ok=false always sets status=blocked in enforce mode
      ---
      duration_ms: 0.2438
      ...
    # Subtest: ok=false never has empty errors array
    ok 2 - ok=false never has empty errors array
      ---
      duration_ms: 0.148
      ...
    # Subtest: ok=true always sets status=ok
    ok 3 - ok=true always sets status=ok
      ---
      duration_ms: 0.1573
      ...
    1..3
ok 499 - AC10 ÔÇö no silent fallback for critical state
  ---
  duration_ms: 0.7921
  type: 'suite'
  ...
# Subtest: AC3 ÔÇö planner contract (Prometheus) critical fields
    # Subtest: valid planner payload passes
    ok 1 - valid planner payload passes
      ---
      duration_ms: 0.5782
      ...
    # Subtest: missing plans field blocks execution
    ok 2 - missing plans field blocks execution
      ---
      duration_ms: 0.7795
      ...
    # Subtest: missing analysis field blocks execution
    ok 3 - missing analysis field blocks execution
      ---
      duration_ms: 0.332
      ...
    # Subtest: invalid projectHealth enum blocks execution
    ok 4 - invalid projectHealth enum blocks execution
      ---
      duration_ms: 0.2941
      ...
    # Subtest: empty plans array blocks execution (minItems=1)
    ok 5 - empty plans array blocks execution (minItems=1)
      ---
      duration_ms: 1.8661
      ...
    # Subtest: plan item missing required field (role) is reported
    ok 6 - plan item missing required field (role) is reported
      ---
      duration_ms: 0.3544
      ...
    # Subtest: wave field accepts string value (oneOf)
    ok 7 - wave field accepts string value (oneOf)
      ---
      duration_ms: 0.1936
      ...
    # Subtest: wave field accepts integer value (oneOf)
    ok 8 - wave field accepts integer value (oneOf)
      ---
      duration_ms: 0.3531
      ...
    # Subtest: wave field rejects boolean (oneOf)
    ok 9 - wave field rejects boolean (oneOf)
      ---
      duration_ms: 0.3332
      ...
    # Subtest: error entries have payloadPath and sourceFile (AC4)
    ok 10 - error entries have payloadPath and sourceFile (AC4)
      ---
      duration_ms: 0.1843
      ...
    1..10
ok 500 - AC3 ÔÇö planner contract (Prometheus) critical fields
  ---
  duration_ms: 5.8513
  type: 'suite'
  ...
# Subtest: AC3 ÔÇö reviewer contract (Athena) critical fields
    # Subtest: valid reviewer payload passes
    ok 1 - valid reviewer payload passes
      ---
      duration_ms: 0.6307
      ...
    # Subtest: missing approved field blocks execution
    ok 2 - missing approved field blocks execution
      ---
      duration_ms: 0.199
      ...
    # Subtest: approved field must be boolean not string
    ok 3 - approved field must be boolean not string
      ---
      duration_ms: 0.541
      ...
    # Subtest: missing corrections field blocks execution
    ok 4 - missing corrections field blocks execution
      ---
      duration_ms: 0.1772
      ...
    # Subtest: corrections must be array not string
    ok 5 - corrections must be array not string
      ---
      duration_ms: 0.4108
      ...
    1..5
ok 501 - AC3 ÔÇö reviewer contract (Athena) critical fields
  ---
  duration_ms: 2.6574
  type: 'suite'
  ...
# Subtest: AC3 ÔÇö supervisor contract (Jesus) critical fields
    # Subtest: valid supervisor payload passes
    ok 1 - valid supervisor payload passes
      ---
      duration_ms: 0.3118
      ...
    # Subtest: missing decision field blocks execution
    ok 2 - missing decision field blocks execution
      ---
      duration_ms: 0.1748
      ...
    # Subtest: decision must be valid enum value
    ok 3 - decision must be valid enum value
      ---
      duration_ms: 0.2194
      ...
    # Subtest: wakeMoses must be boolean
    ok 4 - wakeMoses must be boolean
      ---
      duration_ms: 0.2677
      ...
    # Subtest: callPrometheus must be boolean
    ok 5 - callPrometheus must be boolean
      ---
      duration_ms: 0.207
      ...
    # Subtest: missing briefForPrometheus blocks execution
    ok 6 - missing briefForPrometheus blocks execution
      ---
      duration_ms: 0.1459
      ...
    1..6
ok 502 - AC3 ÔÇö supervisor contract (Jesus) critical fields
  ---
  duration_ms: 1.6
  type: 'suite'
  ...
# Subtest: AC5 ÔÇö malformed and adversarial outputs
    # Subtest: prototype pollution attempt is blocked (invalid type)
    ok 1 - prototype pollution attempt is blocked (invalid type)
      ---
      duration_ms: 0.2718
      ...
    # Subtest: numeric payload is blocked as INVALID_TYPE
    ok 2 - numeric payload is blocked as INVALID_TYPE
      ---
      duration_ms: 0.1405
      ...
    # Subtest: boolean payload is blocked as INVALID_TYPE
    ok 3 - boolean payload is blocked as INVALID_TYPE
      ---
      duration_ms: 0.1116
      ...
    # Subtest: nested adversarial value in plans array is flagged
    ok 4 - nested adversarial value in plans array is flagged
      ---
      duration_ms: 0.4588
      ...
    # Subtest: extremely long string for analysis still passes type check
    ok 5 - extremely long string for analysis still passes type check
      ---
      duration_ms: 0.1575
      ...
    # Subtest: unknown contract type is blocked with UNKNOWN_CONTRACT_TYPE reason
    ok 6 - unknown contract type is blocked with UNKNOWN_CONTRACT_TYPE reason
      ---
      duration_ms: 0.1743
      ...
    1..6
ok 503 - AC5 ÔÇö malformed and adversarial outputs
  ---
  duration_ms: 1.5428
  type: 'suite'
  ...
# Subtest: rollback path ÔÇö warn mode
    # Subtest: warn mode sets status=warn instead of blocked on failure
    ok 1 - warn mode sets status=warn instead of blocked on failure
      ---
      duration_ms: 0.2109
      ...
    # Subtest: warn mode still returns ok=false and non-empty errors
    ok 2 - warn mode still returns ok=false and non-empty errors
      ---
      duration_ms: 0.1841
      ...
    # Subtest: enforce mode (default) sets status=blocked
    ok 3 - enforce mode (default) sets status=blocked
      ---
      duration_ms: 0.15
      ...
    1..3
ok 504 - rollback path ÔÇö warn mode
  ---
  duration_ms: 1.0608
  type: 'suite'
  ...
# Subtest: LEADERSHIP_CONTRACT_TYPE enum
    # Subtest: exports PLANNER, REVIEWER, SUPERVISOR constants
    ok 1 - exports PLANNER, REVIEWER, SUPERVISOR constants
      ---
      duration_ms: 0.1955
      ...
    1..1
ok 505 - LEADERSHIP_CONTRACT_TYPE enum
  ---
  duration_ms: 0.3123
  type: 'suite'
  ...
# Subtest: AC14 negative path ÔÇö execution blocked on invalid input (not just warned)
    # Subtest: supervisor payload with missing decision returns ok=false and status=blocked
    ok 1 - supervisor payload with missing decision returns ok=false and status=blocked
      ---
      duration_ms: 0.504
      ...
    # Subtest: planner payload with null plans returns ok=false and status=blocked
    ok 2 - planner payload with null plans returns ok=false and status=blocked
      ---
      duration_ms: 0.3138
      ...
    # Subtest: reviewer payload with approved=null returns ok=false and blocks
    ok 3 - reviewer payload with approved=null returns ok=false and blocks
      ---
      duration_ms: 0.1704
      ...
    1..3
ok 506 - AC14 negative path ÔÇö execution blocked on invalid input (not just warned)
  ---
  duration_ms: 1.1724
  type: 'suite'
  ...
# Subtest: verification_gate parse helpers
    # Subtest: parses canonical VERIFICATION_REPORT fields
    ok 1 - parses canonical VERIFICATION_REPORT fields
      ---
      duration_ms: 2.6866
      ...
    # Subtest: normalizes synonyms in VERIFICATION_REPORT
    ok 2 - normalizes synonyms in VERIFICATION_REPORT
      ---
      duration_ms: 0.4447
      ...
    # Subtest: returns null when VERIFICATION_REPORT marker is missing
    ok 3 - returns null when VERIFICATION_REPORT marker is missing
      ---
      duration_ms: 0.1731
      ...
    # Subtest: parses RESPONSIVE_MATRIX key/value pairs
    ok 4 - parses RESPONSIVE_MATRIX key/value pairs
      ---
      duration_ms: 0.4028
      ...
    1..4
ok 507 - verification_gate parse helpers
  ---
  duration_ms: 5.2831
  type: 'suite'
  ...
# Subtest: verification_gate worker contract enforcement
    # Subtest: rejects backend done result when required tests evidence is fail
    ok 1 - rejects backend done result when required tests evidence is fail
      ---
      duration_ms: 1.9492
      ...
    # Subtest: rejects backend done result when VERIFICATION_REPORT is missing
    ok 2 - rejects backend done result when VERIFICATION_REPORT is missing
      ---
      duration_ms: 0.4738
      ...
    # Subtest: passes skipped status without requiring evidence
    ok 3 - passes skipped status without requiring evidence
      ---
      duration_ms: 0.2063
      ...
    # Subtest: rejects frontend when responsive matrix has fewer passes than required minimum
    ok 4 - rejects frontend when responsive matrix has fewer passes than required minimum
      ---
      duration_ms: 0.4004
      ...
    # Subtest: passes backend when all required evidence and PR URL are present
    ok 5 - passes backend when all required evidence and PR URL are present
      ---
      duration_ms: 0.2873
      ...
    1..5
ok 508 - verification_gate worker contract enforcement
  ---
  duration_ms: 3.8181
  type: 'suite'
  ...
# Subtest: verification_gate rework decisioning
    # Subtest: requests rework when validation failed and attempts remain
    ok 1 - requests rework when validation failed and attempts remain
      ---
      duration_ms: 0.3961
      ...
    # Subtest: escalates when max rework attempts are exceeded
    ok 2 - escalates when max rework attempts are exceeded
      ---
      duration_ms: 0.2597
      ...
    # Subtest: passes through immediately when validation already passed
    ok 3 - passes through immediately when validation already passed
      ---
      duration_ms: 0.2391
      ...
    1..3
ok 509 - verification_gate rework decisioning
  ---
  duration_ms: 1.1037
  type: 'suite'
  ...
# Subtest: verification_gate buildReworkInstruction ÔÇö gap list and attempt metadata (AC\#3)
    # Subtest: includes all gap descriptions in rework task text
    ok 1 - includes all gap descriptions in rework task text
      ---
      duration_ms: 0.3208
      ...
    # Subtest: includes numbered gap list in rework task text
    ok 2 - includes numbered gap list in rework task text
      ---
      duration_ms: 0.3488
      ...
    # Subtest: includes attempt metadata in rework instruction object
    ok 3 - includes attempt metadata in rework instruction object
      ---
      duration_ms: 0.2409
      ...
    # Subtest: includes attempt counter in task header string
    ok 4 - includes attempt counter in task header string
      ---
      duration_ms: 0.2567
      ...
    # Subtest: includes final-attempt warning when attempt equals max
    ok 5 - includes final-attempt warning when attempt equals max
      ---
      duration_ms: 0.3396
      ...
    # Subtest: does not include final-attempt warning on intermediate attempts
    ok 6 - does not include final-attempt warning on intermediate attempts
      ---
      duration_ms: 0.3171
      ...
    # Subtest: includes original task text for worker reference
    ok 7 - includes original task text for worker reference
      ---
      duration_ms: 0.1988
      ...
    # Subtest: sets isFollowUp=true so conversation context is built correctly
    ok 8 - sets isFollowUp=true so conversation context is built correctly
      ---
      duration_ms: 0.1542
      ...
    # Subtest: includes gap summary in instruction context field
    ok 9 - includes gap summary in instruction context field
      ---
      duration_ms: 0.2367
      ...
    1..9
ok 510 - verification_gate buildReworkInstruction ÔÇö gap list and attempt metadata (AC\#3)
  ---
  duration_ms: 2.9621
  type: 'suite'
  ...
# Subtest: verification_gate validateWorkerContract ÔÇö skipped and non-done statuses
    # Subtest: skipped status passes without evidence (pre-existing pass-through)
    ok 1 - skipped status passes without evidence (pre-existing pass-through)
      ---
      duration_ms: 0.2943
      ...
    # Subtest: partial status bypasses verification (non-done)
    ok 2 - partial status bypasses verification (non-done)
      ---
      duration_ms: 0.148
      ...
    # Subtest: blocked status bypasses verification (non-done)
    ok 3 - blocked status bypasses verification (non-done)
      ---
      duration_ms: 0.1649
      ...
    # Subtest: scan role (scanA) is fully exempt from verification
    ok 4 - scan role (scanA) is fully exempt from verification
      ---
      duration_ms: 0.209
      ...
    1..4
ok 511 - verification_gate validateWorkerContract ÔÇö skipped and non-done statuses
  ---
  duration_ms: 1.0994
  type: 'suite'
  ...
# Subtest: AC1 ÔÇö required fields missing causes validation failure
    # Subtest: backend role fails when build is missing from report
    ok 1 - backend role fails when build is missing from report
      ---
      duration_ms: 6.0596
      ...
    # Subtest: backend role fails when edgeCases is reported as n/a
    ok 2 - backend role fails when edgeCases is reported as n/a
      ---
      duration_ms: 1.4375
      ...
    # Subtest: api role fails when api field is missing
    ok 3 - api role fails when api field is missing
      ---
      duration_ms: 1.1024
      ...
    # Subtest: frontend role fails when prUrl is missing
    ok 4 - frontend role fails when prUrl is missing
      ---
      duration_ms: 0.5403
      ...
    # Subtest: qa role fails when tests field is reported as fail
    ok 5 - qa role fails when tests field is reported as fail
      ---
      duration_ms: 1.7367
      ...
    # Subtest: devops role fails when build is missing
    ok 6 - devops role fails when build is missing
      ---
      duration_ms: 0.6491
      ...
    # Subtest: test role fails when tests field is missing entirely
    ok 7 - test role fails when tests field is missing entirely
      ---
      duration_ms: 0.3864
      ...
    1..7
ok 512 - AC1 ÔÇö required fields missing causes validation failure
  ---
  duration_ms: 19.0448
  type: 'suite'
  ...
# Subtest: AC2 ÔÇö security role fails without security evidence
    # Subtest: fails when security field is absent from the report
    ok 1 - fails when security field is absent from the report
      ---
      duration_ms: 0.4332
      ...
    # Subtest: fails when security field is reported as n/a
    ok 2 - fails when security field is reported as n/a
      ---
      duration_ms: 0.3415
      ...
    # Subtest: fails when security field is reported as fail
    ok 3 - fails when security field is reported as fail
      ---
      duration_ms: 0.3183
      ...
    # Subtest: passes when all required security role fields including security=pass are present
    ok 4 - passes when all required security role fields including security=pass are present
      ---
      duration_ms: 0.1948
      ...
    1..4
ok 513 - AC2 ÔÇö security role fails without security evidence
  ---
  duration_ms: 1.7029
  type: 'suite'
  ...
# Subtest: AC3 ÔÇö exempt roles pass with no verification report
    # Subtest: scanA (all-exempt) passes with empty output
    ok 1 - scanA (all-exempt) passes with empty output
      ---
      duration_ms: 0.4559
      ...
    # Subtest: scanA passes with arbitrary prose output and no VERIFICATION_REPORT
    ok 2 - scanA passes with arbitrary prose output and no VERIFICATION_REPORT
      ---
      duration_ms: 0.2314
      ...
    # Subtest: scanB (no required fields, build optional) passes with no report
    ok 3 - scanB (no required fields, build optional) passes with no report
      ---
      duration_ms: 0.1745
      ...
    # Subtest: scanB profile has no required evidence fields
    ok 4 - scanB profile has no required evidence fields
      ---
      duration_ms: 0.1901
      ...
    # Subtest: scanA profile has all-exempt evidence fields
    ok 5 - scanA profile has all-exempt evidence fields
      ---
      duration_ms: 0.2652
      ...
    1..5
ok 514 - AC3 ÔÇö exempt roles pass with no verification report
  ---
  duration_ms: 1.6019
  type: 'suite'
  ...
# Subtest: AC4 ÔÇö applyConfigOverrides upgrades optional fields per config
    # Subtest: upgrades tests from optional to required when requireTests is true
    ok 1 - upgrades tests from optional to required when requireTests is true
      ---
      duration_ms: 0.5893
      ...
    # Subtest: upgrades build from optional to required when requireBuild is true
    ok 2 - upgrades build from optional to required when requireBuild is true
      ---
      duration_ms: 0.4128
      ...
    # Subtest: upgrades security from optional to required when requireSecurityScan is true
    ok 3 - upgrades security from optional to required when requireSecurityScan is true
      ---
      duration_ms: 0.3465
      ...
    # Subtest: does not upgrade when config flag is false
    ok 4 - does not upgrade when config flag is false
      ---
      duration_ms: 0.2366
      ...
    # Subtest: does not upgrade exempt fields even when config flag is true
    ok 5 - does not upgrade exempt fields even when config flag is true
      ---
      duration_ms: 0.281
      ...
    # Subtest: does not downgrade already-required fields
    ok 6 - does not downgrade already-required fields
      ---
      duration_ms: 0.1965
      ...
    # Subtest: returns original profile unchanged when gatesConfig is null/undefined
    ok 7 - returns original profile unchanged when gatesConfig is null/undefined
      ---
      duration_ms: 0.1717
      ...
    # Subtest: does not mutate the original profile
    ok 8 - does not mutate the original profile
      ---
      duration_ms: 0.1712
      ...
    # Subtest: end-to-end: scanB with requireBuild config gate fails when build evidence is missing
    ok 9 - end-to-end: scanB with requireBuild config gate fails when build evidence is missing
      ---
      duration_ms: 0.3578
      ...
    # Subtest: end-to-end: backend with requireSecurityScan gate fails when security is optional-but-missing
    ok 10 - end-to-end: backend with requireSecurityScan gate fails when security is optional-but-missing
      ---
      duration_ms: 0.2705
      ...
    1..10
ok 515 - AC4 ÔÇö applyConfigOverrides upgrades optional fields per config
  ---
  duration_ms: 3.5576
  type: 'suite'
  ...
# Subtest: run_task.js ÔÇö containerised worker entry point
    # Subtest: exits 1 and reports missing vars when all required env vars are absent
    ok 1 - exits 1 and reports missing vars when all required env vars are absent
      ---
      duration_ms: 103.33
      ...
    # Subtest: exits 1 when TASK_PAYLOAD is not valid JSON
    ok 2 - exits 1 when TASK_PAYLOAD is not valid JSON
      ---
      duration_ms: 104.6259
      ...
    # Subtest: exits 0 and logs startup info when all env vars are valid
    ok 3 - exits 0 and logs startup info when all env vars are valid
      ---
      duration_ms: 97.0163
      ...
    1..3
ok 516 - run_task.js ÔÇö containerised worker entry point
  ---
  duration_ms: 306.9497
  type: 'suite'
  ...
# Subtest: parseWorkerResponse
    # Subtest: parses done status when BOX_STATUS=done
    ok 1 - parses done status when BOX_STATUS=done
      ---
      duration_ms: 2.0597
      ...
    # Subtest: defaults to done when no BOX_STATUS marker is present
    ok 2 - defaults to done when no BOX_STATUS marker is present
      ---
      duration_ms: 0.5029
      ...
    # Subtest: parses blocked status
    ok 3 - parses blocked status
      ---
      duration_ms: 0.1949
      ...
    # Subtest: parses partial status
    ok 4 - parses partial status
      ---
      duration_ms: 0.3927
      ...
    # Subtest: parses error status
    ok 5 - parses error status
      ---
      duration_ms: 0.241
      ...
    # Subtest: normalizes unknown status values to done
    ok 6 - normalizes unknown status values to done
      ---
      duration_ms: 0.1984
      ...
    # Subtest: extracts BOX_PR_URL
    ok 7 - extracts BOX_PR_URL
      ---
      duration_ms: 0.3089
      ...
    # Subtest: returns null prUrl when marker is absent
    ok 8 - returns null prUrl when marker is absent
      ---
      duration_ms: 0.273
      ...
    # Subtest: extracts BOX_BRANCH
    ok 9 - extracts BOX_BRANCH
      ---
      duration_ms: 0.3007
      ...
    # Subtest: extracts BOX_FILES_TOUCHED as array
    ok 10 - extracts BOX_FILES_TOUCHED as array
      ---
      duration_ms: 0.926
      ...
    # Subtest: returns empty filesTouched when marker is absent
    ok 11 - returns empty filesTouched when marker is absent
      ---
      duration_ms: 0.37
      ...
    # Subtest: forces status=blocked when BOX_ACCESS reports blocked fields
    ok 12 - forces status=blocked when BOX_ACCESS reports blocked fields
      ---
      duration_ms: 0.3813
      ...
    # Subtest: does not override status when BOX_ACCESS reports all ok
    ok 13 - does not override status when BOX_ACCESS reports all ok
      ---
      duration_ms: 0.3678
      ...
    # Subtest: does not override status=blocked when BOX_ACCESS also blocked
    ok 14 - does not override status=blocked when BOX_ACCESS also blocked
      ---
      duration_ms: 0.2775
      ...
    # Subtest: includes VERIFICATION_REPORT in verificationReport field
    ok 15 - includes VERIFICATION_REPORT in verificationReport field
      ---
      duration_ms: 0.9755
      ...
    # Subtest: sets verificationReport to null when no VERIFICATION_REPORT marker is present
    ok 16 - sets verificationReport to null when no VERIFICATION_REPORT marker is present
      ---
      duration_ms: 0.268
      ...
    # Subtest: returns non-empty summary from stdout
    ok 17 - returns non-empty summary from stdout
      ---
      duration_ms: 0.1748
      ...
    # Subtest: returns fullOutput equal to raw stdout
    ok 18 - returns fullOutput equal to raw stdout
      ---
      duration_ms: 0.6106
      ...
    1..18
ok 517 - parseWorkerResponse
  ---
  duration_ms: 12.7009
  type: 'suite'
  ...
# Subtest: isProcessAlive
    # Subtest: returns true for the current process pid
    ok 1 - returns true for the current process pid
      ---
      duration_ms: 0.3922
      ...
    # Subtest: returns false for pid 0
    ok 2 - returns false for pid 0
      ---
      duration_ms: 0.1268
      ...
    # Subtest: returns false for a negative pid
    ok 3 - returns false for a negative pid
      ---
      duration_ms: 0.1058
      ...
    # Subtest: returns false for a non-numeric value
    ok 4 - returns false for a non-numeric value
      ---
      duration_ms: 0.1048
      ...
    # Subtest: returns false for a pid that does not exist (very high number)
    ok 5 - returns false for a pid that does not exist (very high number)
      ---
      duration_ms: 0.4014
      ...
    1..5
ok 518 - isProcessAlive
  ---
  duration_ms: 1.5496
  type: 'suite'
  ...
# Subtest: worker_runner safety seam
    # Subtest: forces blocked status when worker reports done but access protocol says blocked
    ok 1 - forces blocked status when worker reports done but access protocol says blocked
      ---
      duration_ms: 1.8488
      ...
    # Subtest: keeps done status when all access channels are ok
    ok 2 - keeps done status when all access channels are ok
      ---
      duration_ms: 0.5232
      ...
    # Subtest: keeps explicit blocked status intact
    ok 3 - keeps explicit blocked status intact
      ---
      duration_ms: 0.2652
      ...
    1..3
ok 519 - worker_runner safety seam
  ---
  duration_ms: 4.4451
  type: 'suite'
  ...
# [box] dashboard started at http://localhost:61044
# Subtest: dashboard API auth regression
    # Subtest: /api/force-rebase rejects missing token with 401
    ok 1 - /api/force-rebase rejects missing token with 401
      ---
      duration_ms: 26.5735
      ...
    # Subtest: /api/force-rebase rejects wrong token with 401 or 403
    ok 2 - /api/force-rebase rejects wrong token with 401 or 403
      ---
      duration_ms: 6.122
      ...
    # Subtest: /api/daemon-start rejects missing token with 401
    ok 3 - /api/daemon-start rejects missing token with 401
      ---
      duration_ms: 2.8572
      ...
    # Subtest: /api/daemon-start rejects wrong token with 401 or 403
    ok 4 - /api/daemon-start rejects wrong token with 401 or 403
      ---
      duration_ms: 2.6967
      ...
    # Subtest: /api/daemon-stop rejects missing token with 401
    ok 5 - /api/daemon-stop rejects missing token with 401
      ---
      duration_ms: 2.45
      ...
    # Subtest: /api/daemon-stop rejects wrong token with 401 or 403
    ok 6 - /api/daemon-stop rejects wrong token with 401 or 403
      ---
      duration_ms: 2.1109
      ...
    # Subtest: POST /api/force-rebase allows valid bearer token
    ok 7 - POST /api/force-rebase allows valid bearer token
      ---
      duration_ms: 89.1348
      ...
    # Subtest: POST /api/daemon-start allows valid bearer token
    ok 8 - POST /api/daemon-start allows valid bearer token
      ---
      duration_ms: 13.3975
      ...
    # Subtest: POST /api/daemon-stop allows valid bearer token
    ok 9 - POST /api/daemon-stop allows valid bearer token
      ---
      duration_ms: 10.9713
      ...
    # Subtest: GET /api/state remains readable without auth token
    ok 10 - GET /api/state remains readable without auth token
      ---
      duration_ms: 2283.0813
      ...
    1..10
ok 520 - dashboard API auth regression
  ---
  duration_ms: 2513.4454
  type: 'suite'
  ...
# [box] dashboard started at http://localhost:61043
# Subtest: dashboard daemon control contracts
    # Subtest: daemon-start returns deterministic already-running status when pid is active
    ok 1 - daemon-start returns deterministic already-running status when pid is active
      ---
      duration_ms: 30.1747
      ...
    # Subtest: daemon-stop returns deterministic not-running status when pid is absent
    ok 2 - daemon-stop returns deterministic not-running status when pid is absent
      ---
      duration_ms: 7.1376
      ...
    # Subtest: daemon-stop writes standardized daemon.stop.json contract and not stale stop_request.json
    ok 3 - daemon-stop writes standardized daemon.stop.json contract and not stale stop_request.json
      ---
      duration_ms: 6097.2549
      ...
    # Subtest: daemon-start removes stale daemon.stop.json before starting a stopped daemon
    ok 4 - daemon-start removes stale daemon.stop.json before starting a stopped daemon
      ---
      duration_ms: 27.0725
      ...
    1..4
ok 521 - dashboard daemon control contracts
  ---
  duration_ms: 6456.2169
  type: 'suite'
  ...
# Subtest: HYPOTHESIS_STATUS
    # Subtest: contains all four valid status values
    ok 1 - contains all four valid status values
      ---
      duration_ms: 1.1199
      ...
    # Subtest: is frozen
    ok 2 - is frozen
      ---
      duration_ms: 0.1946
      ...
    1..2
ok 522 - HYPOTHESIS_STATUS
  ---
  duration_ms: 2.6161
  type: 'suite'
  ...
# Subtest: HYPOTHESIS_PHASE
    # Subtest: contains all four valid phase values
    ok 1 - contains all four valid phase values
      ---
      duration_ms: 0.1954
      ...
    # Subtest: is frozen
    ok 2 - is frozen
      ---
      duration_ms: 0.1386
      ...
    1..2
ok 523 - HYPOTHESIS_PHASE
  ---
  duration_ms: 0.5696
  type: 'suite'
  ...
# Subtest: HYPOTHESIS_RISK
    # Subtest: contains all five valid risk values
    ok 1 - contains all five valid risk values
      ---
      duration_ms: 0.299
      ...
    # Subtest: is frozen
    ok 2 - is frozen
      ---
      duration_ms: 0.2466
      ...
    1..2
ok 524 - HYPOTHESIS_RISK
  ---
  duration_ms: 0.8538
  type: 'suite'
  ...
# Subtest: SCORECARD_DEGRADED_REASON
    # Subtest: contains REGISTRY_ABSENT and REGISTRY_INVALID
    ok 1 - contains REGISTRY_ABSENT and REGISTRY_INVALID
      ---
      duration_ms: 0.394
      ...
    # Subtest: is frozen
    ok 2 - is frozen
      ---
      duration_ms: 0.3192
      ...
    1..2
ok 525 - SCORECARD_DEGRADED_REASON
  ---
  duration_ms: 0.9841
  type: 'suite'
  ...
# Subtest: SCORECARD_SAFE_FIELDS
    # Subtest: includes required output fields
    ok 1 - includes required output fields
      ---
      duration_ms: 0.3566
      ...
    # Subtest: is frozen
    ok 2 - is frozen
      ---
      duration_ms: 0.2467
      ...
    1..2
ok 526 - SCORECARD_SAFE_FIELDS
  ---
  duration_ms: 0.7769
  type: 'suite'
  ...
# Subtest: derivePhase
    # Subtest: maps planned ÔåÆ baseline
    ok 1 - maps planned ÔåÆ baseline
      ---
      duration_ms: 1.1995
      ...
    # Subtest: maps running ÔåÆ treatment
    ok 2 - maps running ÔåÆ treatment
      ---
      duration_ms: 0.1516
      ...
    # Subtest: maps completed ÔåÆ evaluation
    ok 3 - maps completed ÔåÆ evaluation
      ---
      duration_ms: 0.1262
      ...
    # Subtest: maps rolled_back ÔåÆ closed
    ok 4 - maps rolled_back ÔåÆ closed
      ---
      duration_ms: 0.1469
      ...
    # Subtest: maps unknown status ÔåÆ baseline (safe default)
    ok 5 - maps unknown status ÔåÆ baseline (safe default)
      ---
      duration_ms: 0.2151
      ...
    # Subtest: maps empty string ÔåÆ baseline
    ok 6 - maps empty string ÔåÆ baseline
      ---
      duration_ms: 0.2408
      ...
    1..6
ok 527 - derivePhase
  ---
  duration_ms: 2.4948
  type: 'suite'
  ...
# Subtest: deriveRisk
    # Subtest: maps critical scopeTier ÔåÆ critical
    ok 1 - maps critical scopeTier ÔåÆ critical
      ---
      duration_ms: 0.3082
      ...
    # Subtest: maps high scopeTier ÔåÆ high
    ok 2 - maps high scopeTier ÔåÆ high
      ---
      duration_ms: 0.3514
      ...
    # Subtest: maps medium scopeTier ÔåÆ medium
    ok 3 - maps medium scopeTier ÔåÆ medium
      ---
      duration_ms: 0.1752
      ...
    # Subtest: maps low scopeTier ÔåÆ low
    ok 4 - maps low scopeTier ÔåÆ low
      ---
      duration_ms: 0.1461
      ...
    # Subtest: maps missing scopeTier ÔåÆ unknown
    ok 5 - maps missing scopeTier ÔåÆ unknown
      ---
      duration_ms: 0.1274
      ...
    # Subtest: maps null experiment ÔåÆ unknown
    ok 6 - maps null experiment ÔåÆ unknown
      ---
      duration_ms: 0.1268
      ...
    # Subtest: maps invalid scopeTier value ÔåÆ unknown
    ok 7 - maps invalid scopeTier value ÔåÆ unknown
      ---
      duration_ms: 0.1117
      ...
    1..7
ok 528 - deriveRisk
  ---
  duration_ms: 1.6403
  type: 'suite'
  ...
# Subtest: deriveSuccessProbability
    # Subtest: returns 1.0 for completed
    ok 1 - returns 1.0 for completed
      ---
      duration_ms: 0.5074
      ...
    # Subtest: returns 0.0 for rolled_back
    ok 2 - returns 0.0 for rolled_back
      ---
      duration_ms: 0.1641
      ...
    # Subtest: returns impactScore for running when impactScore is set
    ok 3 - returns impactScore for running when impactScore is set
      ---
      duration_ms: 0.1684
      ...
    # Subtest: returns impactScore for planned when impactScore is set
    ok 4 - returns impactScore for planned when impactScore is set
      ---
      duration_ms: 0.1866
      ...
    # Subtest: returns null for running without impactScore
    ok 5 - returns null for running without impactScore
      ---
      duration_ms: 0.1483
      ...
    # Subtest: returns null for planned without impactScore
    ok 6 - returns null for planned without impactScore
      ---
      duration_ms: 0.175
      ...
    # Subtest: returns null when impactScore is out of [0,1] range
    ok 7 - returns null when impactScore is out of [0,1] range
      ---
      duration_ms: 0.1814
      ...
    1..7
ok 529 - deriveSuccessProbability
  ---
  duration_ms: 1.863
  type: 'suite'
  ...
# Subtest: deriveMetricId
    # Subtest: returns a metric- prefixed string
    ok 1 - returns a metric- prefixed string
      ---
      duration_ms: 0.4653
      ...
    # Subtest: is deterministic for identical inputs
    ok 2 - is deterministic for identical inputs
      ---
      duration_ms: 0.2614
      ...
    # Subtest: produces different IDs for different inputs
    ok 3 - produces different IDs for different inputs
      ---
      duration_ms: 0.3784
      ...
    # Subtest: returns metric-undefined for null input
    ok 4 - returns metric-undefined for null input
      ---
      duration_ms: 0.1199
      ...
    # Subtest: returns metric-undefined for empty string
    ok 5 - returns metric-undefined for empty string
      ---
      duration_ms: 0.0996
      ...
    1..5
ok 530 - deriveMetricId
  ---
  duration_ms: 1.5478
  type: 'suite'
  ...
# Subtest: buildRollbackEvents
    # Subtest: returns an empty array when no experiments are rolled_back
    ok 1 - returns an empty array when no experiments are rolled_back
      ---
      duration_ms: 0.8051
      ...
    # Subtest: emits a rollback event for rolled_back experiments
    ok 2 - emits a rollback event for rolled_back experiments
      ---
      duration_ms: 0.2099
      ...
    # Subtest: includes all required contract fields (AC3/AC14)
    ok 3 - includes all required contract fields (AC3/AC14)
      ---
      duration_ms: 0.2013
      ...
    # Subtest: returns empty array for non-array input
    ok 4 - returns empty array for non-array input
      ---
      duration_ms: 0.3023
      ...
    1..4
ok 531 - buildRollbackEvents
  ---
  duration_ms: 1.9352
  type: 'suite'
  ...
# Subtest: buildDisproveEvents
    # Subtest: returns empty array when no experiments are rolled_back
    ok 1 - returns empty array when no experiments are rolled_back
      ---
      duration_ms: 0.4803
      ...
    # Subtest: emits a disprove event with metric_id linked to disproveCriteria (AC2)
    ok 2 - emits a disprove event with metric_id linked to disproveCriteria (AC2)
      ---
      duration_ms: 0.3215
      ...
    # Subtest: metric_id matches deriveMetricId output (join key deterministic)
    ok 3 - metric_id matches deriveMetricId output (join key deterministic)
      ---
      duration_ms: 0.2087
      ...
    # Subtest: returns empty array for null input
    ok 4 - returns empty array for null input
      ---
      duration_ms: 0.1578
      ...
    1..4
ok 532 - buildDisproveEvents
  ---
  duration_ms: 1.492
  type: 'suite'
  ...
# Subtest: validateScorecardFilter
    # Subtest: accepts an empty filter object
    ok 1 - accepts an empty filter object
      ---
      duration_ms: 0.4342
      ...
    # Subtest: accepts null values for phase and risk (means no filter)
    ok 2 - accepts null values for phase and risk (means no filter)
      ---
      duration_ms: 0.1402
      ...
    # Subtest: accepts valid phase value
    ok 3 - accepts valid phase value
      ---
      duration_ms: 0.1724
      ...
    # Subtest: accepts valid risk value
    ok 4 - accepts valid risk value
      ---
      duration_ms: 0.138
      ...
    # Subtest: accepts both valid phase and risk
    ok 5 - accepts both valid phase and risk
      ---
      duration_ms: 0.2573
      ...
    # Subtest: returns MISSING_FIELD when filters is null (AC9)
    ok 6 - returns MISSING_FIELD when filters is null (AC9)
      ---
      duration_ms: 0.2911
      ...
    # Subtest: returns MISSING_FIELD when filters is undefined (AC9)
    ok 7 - returns MISSING_FIELD when filters is undefined (AC9)
      ---
      duration_ms: 0.2581
      ...
    # Subtest: returns INVALID_VALUE when filters is an array (AC9)
    ok 8 - returns INVALID_VALUE when filters is an array (AC9)
      ---
      duration_ms: 0.2247
      ...
    # Subtest: returns INVALID_VALUE for unrecognised phase value (AC9/AC15)
    ok 9 - returns INVALID_VALUE for unrecognised phase value (AC9/AC15)
      ---
      duration_ms: 0.2488
      ...
    # Subtest: returns INVALID_VALUE for unrecognised risk value (AC9/AC15)
    ok 10 - returns INVALID_VALUE for unrecognised risk value (AC9/AC15)
      ---
      duration_ms: 0.2478
      ...
    # Subtest: distinguishes INVALID_VALUE (numeric phase) from MISSING_FIELD
    ok 11 - distinguishes INVALID_VALUE (numeric phase) from MISSING_FIELD
      ---
      duration_ms: 0.2279
      ...
    1..11
ok 533 - validateScorecardFilter
  ---
  duration_ms: 3.295
  type: 'suite'
  ...
# Subtest: sanitizeHypothesis
    # Subtest: returns only allowed fields (allowlist enforcement AC5/AC18)
    ok 1 - returns only allowed fields (allowlist enforcement AC5/AC18)
      ---
      duration_ms: 0.6444
      ...
    # Subtest: always includes derived fields: phase, risk, successProbability
    ok 2 - always includes derived fields: phase, risk, successProbability
      ---
      duration_ms: 0.3886
      ...
    # Subtest: retains core fields in output
    ok 3 - retains core fields in output
      ---
      duration_ms: 0.3983
      ...
    # Subtest: returns empty object for null input
    ok 4 - returns empty object for null input
      ---
      duration_ms: 0.2839
      ...
    # Subtest: returns empty object for array input
    ok 5 - returns empty object for array input
      ---
      duration_ms: 0.1515
      ...
    1..5
ok 534 - sanitizeHypothesis
  ---
  duration_ms: 2.7747
  type: 'suite'
  ...
# Subtest: buildHypothesisScorecard
    # Subtest: returns ok:true for valid registry
    ok 1 - returns ok:true for valid registry
      ---
      duration_ms: 1.5903
      ...
    # Subtest: returns all hypotheses when no filter is applied
    ok 2 - returns all hypotheses when no filter is applied
      ---
      duration_ms: 0.2257
      ...
    # Subtest: filters by phase (AC4/AC15)
    ok 3 - filters by phase (AC4/AC15)
      ---
      duration_ms: 0.2226
      ...
    # Subtest: filters by risk (AC4/AC15)
    ok 4 - filters by risk (AC4/AC15)
      ---
      duration_ms: 0.2085
      ...
    # Subtest: can combine phase and risk filters
    ok 5 - can combine phase and risk filters
      ---
      duration_ms: 0.3005
      ...
    # Subtest: includes summary statistics (total, byStatus, byPhase, byRisk)
    ok 6 - includes summary statistics (total, byStatus, byPhase, byRisk)
      ---
      duration_ms: 0.2931
      ...
    # Subtest: includes rollback and disprove events
    ok 7 - includes rollback and disprove events
      ---
      duration_ms: 0.2208
      ...
    # Subtest: sets generatedAt as an ISO timestamp
    ok 8 - sets generatedAt as an ISO timestamp
      ---
      duration_ms: 0.2918
      ...
    # Subtest: returns degraded:true and degradedReason for null registry (AC10)
    ok 9 - returns degraded:true and degradedReason for null registry (AC10)
      ---
      duration_ms: 0.1513
      ...
    # Subtest: returns ok:false with filterErrors for invalid phase filter (AC9)
    ok 10 - returns ok:false with filterErrors for invalid phase filter (AC9)
      ---
      duration_ms: 0.1653
      ...
    # Subtest: degradedReason is non-null whenever degraded is true (AC10)
    ok 11 - degradedReason is non-null whenever degraded is true (AC10)
      ---
      duration_ms: 0.1859
      ...
    # Subtest: returns empty hypotheses array (not error) when no hypotheses match the filter
    ok 12 - returns empty hypotheses array (not error) when no hypotheses match the filter
      ---
      duration_ms: 0.1908
      ...
    1..12
ok 535 - buildHypothesisScorecard
  ---
  duration_ms: 4.5035
  type: 'suite'
  ...
# Subtest: collectHypothesisScorecard ÔÇö degraded when registry absent
    # Subtest: returns degraded:true and REGISTRY_ABSENT when stateDir does not exist (AC10)
    ok 1 - returns degraded:true and REGISTRY_ABSENT when stateDir does not exist (AC10)
      ---
      duration_ms: 47.1664
      ...
    # Subtest: degraded state sets explicit machine-readable degradedReason ÔÇö no silent fallback (AC10)
    ok 2 - degraded state sets explicit machine-readable degradedReason ÔÇö no silent fallback (AC10)
      ---
      duration_ms: 0.8008
      ...
    1..2
ok 536 - collectHypothesisScorecard ÔÇö degraded when registry absent
  ---
  duration_ms: 48.1492
  type: 'suite'
  ...
# Subtest: SYSTEM_STATUS_ENUM
    # Subtest: contains all five valid status values
    ok 1 - contains all five valid status values
      ---
      duration_ms: 1.0936
      ...
    # Subtest: is frozen (immutable)
    ok 2 - is frozen (immutable)
      ---
      duration_ms: 0.1909
      ...
    1..2
ok 537 - SYSTEM_STATUS_ENUM
  ---
  duration_ms: 2.912
  type: 'suite'
  ...
# Subtest: SYSTEM_STATUS_REASON_CODE
    # Subtest: contains all required reason codes
    ok 1 - contains all required reason codes
      ---
      duration_ms: 0.5977
      ...
    # Subtest: is frozen (immutable)
    ok 2 - is frozen (immutable)
      ---
      duration_ms: 0.2199
      ...
    1..2
ok 538 - SYSTEM_STATUS_REASON_CODE
  ---
  duration_ms: 1.2177
  type: 'suite'
  ...
# Subtest: DASHBOARD_PAYLOAD_MAX_BYTES
    # Subtest: is exactly 51200 (50 KB)
    ok 1 - is exactly 51200 (50 KB)
      ---
      duration_ms: 0.2468
      ...
    # Subtest: is a positive finite number
    ok 2 - is a positive finite number
      ---
      duration_ms: 0.1549
      ...
    1..2
ok 539 - DASHBOARD_PAYLOAD_MAX_BYTES
  ---
  duration_ms: 0.6775
  type: 'suite'
  ...
# Subtest: deriveSystemStatus ÔÇö event-driven: degraded
    # Subtest: returns degraded when orchestratorStatus is degraded
    ok 1 - returns degraded when orchestratorStatus is degraded
      ---
      duration_ms: 1.3243
      ...
    # Subtest: includes the reason from orchestratorHealth in systemStatusText
    ok 2 - includes the reason from orchestratorHealth in systemStatusText
      ---
      duration_ms: 0.2152
      ...
    # Subtest: uses fallback reason code when orchestratorHealth.reason is null
    ok 3 - uses fallback reason code when orchestratorHealth.reason is null
      ---
      duration_ms: 0.2884
      ...
    # Subtest: [NEGATIVE] never returns degraded status with null degradedReason when reason is missing
    ok 4 - [NEGATIVE] never returns degraded status with null degradedReason when reason is missing
      ---
      duration_ms: 0.3816
      ...
    1..4
ok 540 - deriveSystemStatus ÔÇö event-driven: degraded
  ---
  duration_ms: 2.5143
  type: 'suite'
  ...
# Subtest: deriveSystemStatus ÔÇö event-driven: completed
    # Subtest: returns completed when daemon is stopped and completedEntry is present
    ok 1 - returns completed when daemon is stopped and completedEntry is present
      ---
      duration_ms: 0.3707
      ...
    1..1
ok 541 - deriveSystemStatus ÔÇö event-driven: completed
  ---
  duration_ms: 0.5034
  type: 'suite'
  ...
# Subtest: deriveSystemStatus ÔÇö event-driven: active pipeline stage
    # Subtest: returns working for a fresh active stage
    ok 1 - returns working for a fresh active stage
      ---
      duration_ms: 0.3171
      ...
    # Subtest: falls back to heuristic for a stale active stage (> 10 min old)
    ok 2 - falls back to heuristic for a stale active stage (> 10 min old)
      ---
      duration_ms: 0.2348
      ...
    1..2
ok 542 - deriveSystemStatus ÔÇö event-driven: active pipeline stage
  ---
  duration_ms: 0.9074
  type: 'suite'
  ...
# Subtest: deriveSystemStatus ÔÇö event-driven: idle
    # Subtest: returns idle when pipeline stage is idle and daemon is running
    ok 1 - returns idle when pipeline stage is idle and daemon is running
      ---
      duration_ms: 0.4871
      ...
    # Subtest: returns offline when pipeline stage is idle and daemon is stopped
    ok 2 - returns offline when pipeline stage is idle and daemon is stopped
      ---
      duration_ms: 0.3
      ...
    # Subtest: returns idle after cycle_complete when daemon is running
    ok 3 - returns idle after cycle_complete when daemon is running
      ---
      duration_ms: 0.283
      ...
    1..3
ok 543 - deriveSystemStatus ÔÇö event-driven: idle
  ---
  duration_ms: 1.3359
  type: 'suite'
  ...
# Subtest: deriveSystemStatus ÔÇö fallback-heuristic paths
    # Subtest: returns working via fallback when stale pipeline and workers are active
    ok 1 - returns working via fallback when stale pipeline and workers are active
      ---
      duration_ms: 0.4681
      ...
    # Subtest: returns idle via fallback when stale pipeline and no active workers
    ok 2 - returns idle via fallback when stale pipeline and no active workers
      ---
      duration_ms: 1.4062
      ...
    # Subtest: returns offline via fallback when daemon is stopped (stale pipeline)
    ok 3 - returns offline via fallback when daemon is stopped (stale pipeline)
      ---
      duration_ms: 0.4254
      ...
    # Subtest: [NEGATIVE] fallback path always sets statusSource ÔÇö never leaves it undefined
    ok 4 - [NEGATIVE] fallback path always sets statusSource ÔÇö never leaves it undefined
      ---
      duration_ms: 0.3199
      ...
    1..4
ok 544 - deriveSystemStatus ÔÇö fallback-heuristic paths
  ---
  duration_ms: 2.9491
  type: 'suite'
  ...
# Subtest: deriveSystemStatus ÔÇö output shape contract
    # Subtest: always returns all five required fields
    ok 1 - always returns all five required fields
      ---
      duration_ms: 0.2687
      ...
    # Subtest: systemStatus is always one of SYSTEM_STATUS_ENUM
    ok 2 - systemStatus is always one of SYSTEM_STATUS_ENUM
      ---
      duration_ms: 0.4441
      ...
    # Subtest: degradedReason is null when systemStatus is not degraded or DAEMON_OFFLINE/FALLBACK_HEURISTIC
    ok 3 - degradedReason is null when systemStatus is not degraded or DAEMON_OFFLINE/FALLBACK_HEURISTIC
      ---
      duration_ms: 0.2081
      ...
    1..3
ok 545 - deriveSystemStatus ÔÇö output shape contract
  ---
  duration_ms: 1.1876
  type: 'suite'
  ...
# Subtest: consumeTypedEvent
    # Subtest: returns ok=false for null input
    ok 1 - returns ok=false for null input
      ---
      duration_ms: 0.3511
      ...
    # Subtest: returns ok=false for a non-event plain string
    ok 2 - returns ok=false for a non-event plain string
      ---
      duration_ms: 0.1864
      ...
    # Subtest: returns ok=true for a well-formed event object
    ok 3 - returns ok=true for a well-formed event object
      ---
      duration_ms: 2.2626
      ...
    # Subtest: [NEGATIVE] rejects an event with wrong version
    ok 4 - [NEGATIVE] rejects an event with wrong version
      ---
      duration_ms: 1.2956
      ...
    1..4
ok 546 - consumeTypedEvent
  ---
  duration_ms: 4.4188
  type: 'suite'
  ...
# Subtest: isTypedEventForDomain
    # Subtest: returns true for a valid event matching the domain filter
    ok 1 - returns true for a valid event matching the domain filter
      ---
      duration_ms: 0.4286
      ...
    # Subtest: returns false when domain does not match
    ok 2 - returns false when domain does not match
      ---
      duration_ms: 0.2143
      ...
    # Subtest: returns false for invalid input
    ok 3 - returns false for invalid input
      ---
      duration_ms: 0.2711
      ...
    1..3
ok 547 - isTypedEventForDomain
  ---
  duration_ms: 1.1992
  type: 'suite'
  ...
# Subtest: safeArray
    # Subtest: returns the array unchanged when given an array
    ok 1 - returns the array unchanged when given an array
      ---
      duration_ms: 1.8956
      ...
    # Subtest: returns empty array for non-array inputs
    ok 2 - returns empty array for non-array inputs
      ---
      duration_ms: 0.2888
      ...
    1..2
ok 548 - safeArray
  ---
  duration_ms: 4.0559
  type: 'suite'
  ...
# Subtest: tryExtractJson
    # Subtest: parses valid JSON string
    ok 1 - parses valid JSON string
      ---
      duration_ms: 0.5445
      ...
    # Subtest: extracts JSON embedded in surrounding text
    ok 2 - extracts JSON embedded in surrounding text
      ---
      duration_ms: 0.3017
      ...
    # Subtest: returns null for text with no JSON object
    ok 3 - returns null for text with no JSON object
      ---
      duration_ms: 0.2771
      ...
    # Subtest: returns null for empty/null input
    ok 4 - returns null for empty/null input
      ---
      duration_ms: 0.2001
      ...
    1..4
ok 549 - tryExtractJson
  ---
  duration_ms: 1.6353
  type: 'suite'
  ...
# Subtest: validatePlan
    # Subtest: returns parsed tasks from a valid payload
    ok 1 - returns parsed tasks from a valid payload
      ---
      duration_ms: 0.4771
      ...
    # Subtest: falls back when tasks array is empty
    ok 2 - falls back when tasks array is empty
      ---
      duration_ms: 0.2244
      ...
    # Subtest: falls back when payload is null
    ok 3 - falls back when payload is null
      ---
      duration_ms: 1.2627
      ...
    # Subtest: filters out tasks with missing required fields
    ok 4 - filters out tasks with missing required fields
      ---
      duration_ms: 1.3358
      ...
    # Subtest: lowercases kind
    ok 5 - lowercases kind
      ---
      duration_ms: 0.3049
      ...
    1..5
ok 550 - validatePlan
  ---
  duration_ms: 3.9821
  type: 'suite'
  ...
# Subtest: validateDecision
    # Subtest: returns a valid decision when approved is boolean
    ok 1 - returns a valid decision when approved is boolean
      ---
      duration_ms: 0.2811
      ...
    # Subtest: returns fallback when approved is not boolean
    ok 2 - returns fallback when approved is not boolean
      ---
      duration_ms: 0.1873
      ...
    # Subtest: uses fallback reason when payload reason is missing
    ok 3 - uses fallback reason when payload reason is missing
      ---
      duration_ms: 0.1926
      ...
    1..3
ok 551 - validateDecision
  ---
  duration_ms: 0.9306
  type: 'suite'
  ...
# Subtest: validateOpusDecision
    # Subtest: returns valid decision when allowOpus is boolean
    ok 1 - returns valid decision when allowOpus is boolean
      ---
      duration_ms: 0.3505
      ...
    # Subtest: returns fallback when allowOpus is not boolean
    ok 2 - returns fallback when allowOpus is not boolean
      ---
      duration_ms: 0.1762
      ...
    # Subtest: falls back to 'no reason provided' when both reasons are missing
    ok 3 - falls back to 'no reason provided' when both reasons are missing
      ---
      duration_ms: 0.1519
      ...
    1..3
ok 552 - validateOpusDecision
  ---
  duration_ms: 0.867
  type: 'suite'
  ...
1..552
# tests 2128
# suites 574
# pass 2128
# fail 0
# cancelled 0
# skipped 0
# todo 0
# duration_ms 8374.2222
